Archive member included to satisfy reference by file (symbol)

c:/st/stm32cubeide_1.4.0/stm32cubeide/plugins/com.st.stm32cube.ide.mcu.externaltools.gnu-tools-for-stm32.7-2018-q2-update.win32_1.4.0.202007081208/tools/bin/../lib/gcc/arm-none-eabi/7.3.1/../../../../arm-none-eabi/lib/thumb/v7e-m/fpv4-sp/hard\libc_nano.a(lib_a-errno.o)
                              Core/Src/syscalls.o (__errno)
c:/st/stm32cubeide_1.4.0/stm32cubeide/plugins/com.st.stm32cube.ide.mcu.externaltools.gnu-tools-for-stm32.7-2018-q2-update.win32_1.4.0.202007081208/tools/bin/../lib/gcc/arm-none-eabi/7.3.1/../../../../arm-none-eabi/lib/thumb/v7e-m/fpv4-sp/hard\libc_nano.a(lib_a-exit.o)
                              c:/st/stm32cubeide_1.4.0/stm32cubeide/plugins/com.st.stm32cube.ide.mcu.externaltools.gnu-tools-for-stm32.7-2018-q2-update.win32_1.4.0.202007081208/tools/bin/../lib/gcc/arm-none-eabi/7.3.1/../../../../arm-none-eabi/lib/thumb/v7e-m/fpv4-sp/hard/crt0.o (exit)
c:/st/stm32cubeide_1.4.0/stm32cubeide/plugins/com.st.stm32cube.ide.mcu.externaltools.gnu-tools-for-stm32.7-2018-q2-update.win32_1.4.0.202007081208/tools/bin/../lib/gcc/arm-none-eabi/7.3.1/../../../../arm-none-eabi/lib/thumb/v7e-m/fpv4-sp/hard\libc_nano.a(lib_a-impure.o)
                              c:/st/stm32cubeide_1.4.0/stm32cubeide/plugins/com.st.stm32cube.ide.mcu.externaltools.gnu-tools-for-stm32.7-2018-q2-update.win32_1.4.0.202007081208/tools/bin/../lib/gcc/arm-none-eabi/7.3.1/../../../../arm-none-eabi/lib/thumb/v7e-m/fpv4-sp/hard\libc_nano.a(lib_a-exit.o) (_global_impure_ptr)
c:/st/stm32cubeide_1.4.0/stm32cubeide/plugins/com.st.stm32cube.ide.mcu.externaltools.gnu-tools-for-stm32.7-2018-q2-update.win32_1.4.0.202007081208/tools/bin/../lib/gcc/arm-none-eabi/7.3.1/../../../../arm-none-eabi/lib/thumb/v7e-m/fpv4-sp/hard\libc_nano.a(lib_a-init.o)
                              c:/st/stm32cubeide_1.4.0/stm32cubeide/plugins/com.st.stm32cube.ide.mcu.externaltools.gnu-tools-for-stm32.7-2018-q2-update.win32_1.4.0.202007081208/tools/bin/../lib/gcc/arm-none-eabi/7.3.1/../../../../arm-none-eabi/lib/thumb/v7e-m/fpv4-sp/hard/crt0.o (__libc_init_array)
c:/st/stm32cubeide_1.4.0/stm32cubeide/plugins/com.st.stm32cube.ide.mcu.externaltools.gnu-tools-for-stm32.7-2018-q2-update.win32_1.4.0.202007081208/tools/bin/../lib/gcc/arm-none-eabi/7.3.1/../../../../arm-none-eabi/lib/thumb/v7e-m/fpv4-sp/hard\libc_nano.a(lib_a-memset.o)
                              c:/st/stm32cubeide_1.4.0/stm32cubeide/plugins/com.st.stm32cube.ide.mcu.externaltools.gnu-tools-for-stm32.7-2018-q2-update.win32_1.4.0.202007081208/tools/bin/../lib/gcc/arm-none-eabi/7.3.1/../../../../arm-none-eabi/lib/thumb/v7e-m/fpv4-sp/hard/crt0.o (memset)
c:/st/stm32cubeide_1.4.0/stm32cubeide/plugins/com.st.stm32cube.ide.mcu.externaltools.gnu-tools-for-stm32.7-2018-q2-update.win32_1.4.0.202007081208/tools/bin/../lib/gcc/arm-none-eabi/7.3.1/../../../../arm-none-eabi/lib/thumb/v7e-m/fpv4-sp/hard\libm.a(lib_a-w_asin.o)
                              Core/Src/main.o (asin)
c:/st/stm32cubeide_1.4.0/stm32cubeide/plugins/com.st.stm32cube.ide.mcu.externaltools.gnu-tools-for-stm32.7-2018-q2-update.win32_1.4.0.202007081208/tools/bin/../lib/gcc/arm-none-eabi/7.3.1/../../../../arm-none-eabi/lib/thumb/v7e-m/fpv4-sp/hard\libm.a(lib_a-w_atan2.o)
                              Core/Src/main.o (atan2)
c:/st/stm32cubeide_1.4.0/stm32cubeide/plugins/com.st.stm32cube.ide.mcu.externaltools.gnu-tools-for-stm32.7-2018-q2-update.win32_1.4.0.202007081208/tools/bin/../lib/gcc/arm-none-eabi/7.3.1/../../../../arm-none-eabi/lib/thumb/v7e-m/fpv4-sp/hard\libm.a(lib_a-w_sqrt.o)
                              Core/Src/MadgwickAHRS.o (sqrt)
c:/st/stm32cubeide_1.4.0/stm32cubeide/plugins/com.st.stm32cube.ide.mcu.externaltools.gnu-tools-for-stm32.7-2018-q2-update.win32_1.4.0.202007081208/tools/bin/../lib/gcc/arm-none-eabi/7.3.1/../../../../arm-none-eabi/lib/thumb/v7e-m/fpv4-sp/hard\libm.a(lib_a-e_asin.o)
                              c:/st/stm32cubeide_1.4.0/stm32cubeide/plugins/com.st.stm32cube.ide.mcu.externaltools.gnu-tools-for-stm32.7-2018-q2-update.win32_1.4.0.202007081208/tools/bin/../lib/gcc/arm-none-eabi/7.3.1/../../../../arm-none-eabi/lib/thumb/v7e-m/fpv4-sp/hard\libm.a(lib_a-w_asin.o) (__ieee754_asin)
c:/st/stm32cubeide_1.4.0/stm32cubeide/plugins/com.st.stm32cube.ide.mcu.externaltools.gnu-tools-for-stm32.7-2018-q2-update.win32_1.4.0.202007081208/tools/bin/../lib/gcc/arm-none-eabi/7.3.1/../../../../arm-none-eabi/lib/thumb/v7e-m/fpv4-sp/hard\libm.a(lib_a-e_atan2.o)
                              c:/st/stm32cubeide_1.4.0/stm32cubeide/plugins/com.st.stm32cube.ide.mcu.externaltools.gnu-tools-for-stm32.7-2018-q2-update.win32_1.4.0.202007081208/tools/bin/../lib/gcc/arm-none-eabi/7.3.1/../../../../arm-none-eabi/lib/thumb/v7e-m/fpv4-sp/hard\libm.a(lib_a-w_atan2.o) (__ieee754_atan2)
[...]
Memory Configuration

Name             Origin             Length             Attributes
CCMRAM           0x0000000010000000 0x0000000000002000 xrw
RAM              0x0000000020000000 0x000000000000a000 xrw
FLASH            0x0000000008000000 0x0000000000040000 xr
*default*        0x0000000000000000 0xffffffffffffffff

Linker script and memory map

LOAD c:/st/stm32cubeide_1.4.0/stm32cubeide/plugins/com.st.stm32cube.ide.mcu.externaltools.gnu-tools-for-stm32.7-2018-q2-update.win32_1.4.0.202007081208/tools/bin/../lib/gcc/arm-none-eabi/7.3.1/thumb/v7e-m/fpv4-sp/hard/crti.o
LOAD c:/st/stm32cubeide_1.4.0/stm32cubeide/plugins/com.st.stm32cube.ide.mcu.externaltools.gnu-tools-for-stm32.7-2018-q2-update.win32_1.4.0.202007081208/tools/bin/../lib/gcc/arm-none-eabi/7.3.1/thumb/v7e-m/fpv4-sp/hard/crtbegin.o
LOAD c:/st/stm32cubeide_1.4.0/stm32cubeide/plugins/com.st.stm32cube.ide.mcu.externaltools.gnu-tools-for-stm32.7-2018-q2-update.win32_1.4.0.202007081208/tools/bin/../lib/gcc/arm-none-eabi/7.3.1/../../../../arm-none-eabi/lib/thumb/v7e-m/fpv4-sp/hard/crt0.o
LOAD Core/Src/MadgwickAHRS.o
LOAD Core/Src/main.o
LOAD Core/Src/stm32f3xx_hal_msp.o
LOAD Core/Src/stm32f3xx_it.o
LOAD Core/Src/syscalls.o
LOAD Core/Src/sysmem.o
LOAD Core/Src/system_stm32f3xx.o
LOAD Core/Startup/startup_stm32f303vctx.o
LOAD Drivers/STM32F3xx_HAL_Driver/Src/stm32f3xx_hal.o
LOAD Drivers/STM32F3xx_HAL_Driver/Src/stm32f3xx_hal_cortex.o
LOAD Drivers/STM32F3xx_HAL_Driver/Src/stm32f3xx_hal_dma.o
LOAD Drivers/STM32F3xx_HAL_Driver/Src/stm32f3xx_hal_exti.o
LOAD Drivers/STM32F3xx_HAL_Driver/Src/stm32f3xx_hal_flash.o
LOAD Drivers/STM32F3xx_HAL_Driver/Src/stm32f3xx_hal_flash_ex.o
LOAD Drivers/STM32F3xx_HAL_Driver/Src/stm32f3xx_hal_gpio.o
LOAD Drivers/STM32F3xx_HAL_Driver/Src/stm32f3xx_hal_i2c.o
LOAD Drivers/STM32F3xx_HAL_Driver/Src/stm32f3xx_hal_i2c_ex.o
LOAD Drivers/STM32F3xx_HAL_Driver/Src/stm32f3xx_hal_pcd.o
LOAD Drivers/STM32F3xx_HAL_Driver/Src/stm32f3xx_hal_pcd_ex.o
LOAD Drivers/STM32F3xx_HAL_Driver/Src/stm32f3xx_hal_pwr.o
LOAD Drivers/STM32F3xx_HAL_Driver/Src/stm32f3xx_hal_pwr_ex.o
LOAD Drivers/STM32F3xx_HAL_Driver/Src/stm32f3xx_hal_rcc.o
LOAD Drivers/STM32F3xx_HAL_Driver/Src/stm32f3xx_hal_rcc_ex.o
LOAD Drivers/STM32F3xx_HAL_Driver/Src/stm32f3xx_hal_spi.o
LOAD Drivers/STM32F3xx_HAL_Driver/Src/stm32f3xx_hal_spi_ex.o
LOAD Drivers/STM32F3xx_HAL_Driver/Src/stm32f3xx_hal_tim.o
LOAD Drivers/STM32F3xx_HAL_Driver/Src/stm32f3xx_hal_tim_ex.o
LOAD Drivers/STM32F3xx_HAL_Driver/Src/stm32f3xx_ll_usb.o
LOAD Middlewares/ST/STM32_USB_Device_Library/Class/CDC/Src/usbd_cdc.o
LOAD Middlewares/ST/STM32_USB_Device_Library/Core/Src/usbd_core.o
LOAD Middlewares/ST/STM32_USB_Device_Library/Core/Src/usbd_ctlreq.o
LOAD Middlewares/ST/STM32_USB_Device_Library/Core/Src/usbd_ioreq.o
LOAD USB_DEVICE/App/usb_device.o
LOAD USB_DEVICE/App/usbd_cdc_if.o
LOAD USB_DEVICE/App/usbd_desc.o
LOAD USB_DEVICE/Target/usbd_conf.o
START GROUP
LOAD c:/st/stm32cubeide_1.4.0/stm32cubeide/plugins/com.st.stm32cube.ide.mcu.externaltools.gnu-tools-for-stm32.7-2018-q2-update.win32_1.4.0.202007081208/tools/bin/../lib/gcc/arm-none-eabi/7.3.1/../../../../arm-none-eabi/lib/thumb/v7e-m/fpv4-sp/hard\libc_nano.a
LOAD c:/st/stm32cubeide_1.4.0/stm32cubeide/plugins/com.st.stm32cube.ide.mcu.externaltools.gnu-tools-for-stm32.7-2018-q2-update.win32_1.4.0.202007081208/tools/bin/../lib/gcc/arm-none-eabi/7.3.1/../../../../arm-none-eabi/lib/thumb/v7e-m/fpv4-sp/hard\libm.a
END GROUP
START GROUP
LOAD c:/st/stm32cubeide_1.4.0/stm32cubeide/plugins/com.st.stm32cube.ide.mcu.externaltools.gnu-tools-for-stm32.7-2018-q2-update.win32_1.4.0.202007081208/tools/bin/../lib/gcc/arm-none-eabi/7.3.1/thumb/v7e-m/fpv4-sp/hard\libgcc.a
LOAD c:/st/stm32cubeide_1.4.0/stm32cubeide/plugins/com.st.stm32cube.ide.mcu.externaltools.gnu-tools-for-stm32.7-2018-q2-update.win32_1.4.0.202007081208/tools/bin/../lib/gcc/arm-none-eabi/7.3.1/../../../../arm-none-eabi/lib/thumb/v7e-m/fpv4-sp/hard\libc_nano.a
END GROUP
START GROUP
LOAD c:/st/stm32cubeide_1.4.0/stm32cubeide/plugins/com.st.stm32cube.ide.mcu.externaltools.gnu-tools-for-stm32.7-2018-q2-update.win32_1.4.0.202007081208/tools/bin/../lib/gcc/arm-none-eabi/7.3.1/thumb/v7e-m/fpv4-sp/hard\libgcc.a
LOAD c:/st/stm32cubeide_1.4.0/stm32cubeide/plugins/com.st.stm32cube.ide.mcu.externaltools.gnu-tools-for-stm32.7-2018-q2-update.win32_1.4.0.202007081208/tools/bin/../lib/gcc/arm-none-eabi/7.3.1/../../../../arm-none-eabi/lib/thumb/v7e-m/fpv4-sp/hard\libc_nano.a
LOAD c:/st/stm32cubeide_1.4.0/stm32cubeide/plugins/com.st.stm32cube.ide.mcu.externaltools.gnu-tools-for-stm32.7-2018-q2-update.win32_1.4.0.202007081208/tools/bin/../lib/gcc/arm-none-eabi/7.3.1/../../../../arm-none-eabi/lib/thumb/v7e-m/fpv4-sp/hard\libnosys.a
END GROUP
START GROUP
LOAD c:/st/stm32cubeide_1.4.0/stm32cubeide/plugins/com.st.stm32cube.ide.mcu.externaltools.gnu-tools-for-stm32.7-2018-q2-update.win32_1.4.0.202007081208/tools/bin/../lib/gcc/arm-none-eabi/7.3.1/thumb/v7e-m/fpv4-sp/hard\libgcc.a
LOAD c:/st/stm32cubeide_1.4.0/stm32cubeide/plugins/com.st.stm32cube.ide.mcu.externaltools.gnu-tools-for-stm32.7-2018-q2-update.win32_1.4.0.202007081208/tools/bin/../lib/gcc/arm-none-eabi/7.3.1/../../../../arm-none-eabi/lib/thumb/v7e-m/fpv4-sp/hard\libc_nano.a
LOAD c:/st/stm32cubeide_1.4.0/stm32cubeide/plugins/com.st.stm32cube.ide.mcu.externaltools.gnu-tools-for-stm32.7-2018-q2-update.win32_1.4.0.202007081208/tools/bin/../lib/gcc/arm-none-eabi/7.3.1/../../../../arm-none-eabi/lib/thumb/v7e-m/fpv4-sp/hard\libnosys.a
END GROUP
LOAD c:/st/stm32cubeide_1.4.0/stm32cubeide/plugins/com.st.stm32cube.ide.mcu.externaltools.gnu-tools-for-stm32.7-2018-q2-update.win32_1.4.0.202007081208/tools/bin/../lib/gcc/arm-none-eabi/7.3.1/thumb/v7e-m/fpv4-sp/hard/crtend.o
LOAD c:/st/stm32cubeide_1.4.0/stm32cubeide/plugins/com.st.stm32cube.ide.mcu.externaltools.gnu-tools-for-stm32.7-2018-q2-update.win32_1.4.0.202007081208/tools/bin/../lib/gcc/arm-none-eabi/7.3.1/thumb/v7e-m/fpv4-sp/hard/crtn.o
                0x000000002000a000                _estack = (ORIGIN (RAM) + LENGTH (RAM))
                0x0000000000000200                _Min_Heap_Size = 0x200
                0x0000000000000400                _Min_Stack_Size = 0x400

.isr_vector     0x0000000008000000      0x188
                0x0000000008000000                . = ALIGN (0x4)
 *(.isr_vector)
 .isr_vector    0x0000000008000000      0x188 Core/Startup/startup_stm32f303vctx.o
                0x0000000008000000                g_pfnVectors
                0x0000000008000188                . = ALIGN (0x4)

.text           0x0000000008000188     0xc4f0
                0x0000000008000188                . = ALIGN (0x4)
 *(.text)
 .text          0x0000000008000188       0x40 c:/st/stm32cubeide_1.4.0/stm32cubeide/plugins/com.st.stm32cube.ide.mcu.externaltools.gnu-tools-for-stm32.7-2018-q2-update.win32_1.4.0.202007081208/tools/bin/../lib/gcc/arm-none-eabi/7.3.1/thumb/v7e-m/fpv4-sp/hard/crtbegin.o
 .text          0x00000000080001c8      0x378 c:/st/stm32cubeide_1.4.0/stm32cubeide/plugins/com.st.stm32cube.ide.mcu.externaltools.gnu-tools-for-stm32.7-2018-q2-update.win32_1.4.0.202007081208/tools/bin/../lib/gcc/arm-none-eabi/7.3.1/thumb/v7e-m/fpv4-sp/hard\libgcc.a(_arm_addsubdf3.o)
                0x00000000080001c8                __aeabi_drsub
                0x00000000080001d0                __aeabi_dsub
                0x00000000080001d0                __subdf3
                0x00000000080001d4                __aeabi_dadd
                0x00000000080001d4                __adddf3
                0x000000000800044c                __floatunsidf
                0x000000000800044c                __aeabi_ui2d
                0x000000000800046c                __floatsidf
                0x000000000800046c                __aeabi_i2d
                0x0000000008000490                __aeabi_f2d
                0x0000000008000490                __extendsfdf2
                0x00000000080004d4                __floatundidf
                0x00000000080004d4                __aeabi_ul2d
                0x00000000080004e4                __floatdidf
                0x00000000080004e4                __aeabi_l2d
 .text          0x0000000008000540      0x424 c:/st/stm32cubeide_1.4.0/stm32cubeide/plugins/com.st.stm32cube.ide.mcu.externaltools.gnu-tools-for-stm32.7-2018-q2-update.win32_1.4.0.202007081208/tools/bin/../lib/gcc/arm-none-eabi/7.3.1/thumb/v7e-m/fpv4-sp/hard\libgcc.a(_arm_muldivdf3.o)
                0x0000000008000540                __aeabi_dmul
                0x0000000008000540                __muldf3
                0x0000000008000794                __divdf3
                0x0000000008000794                __aeabi_ddiv
 .text          0x0000000008000964      0x110 c:/st/stm32cubeide_1.4.0/stm32cubeide/plugins/com.st.stm32cube.ide.mcu.externaltools.gnu-tools-for-stm32.7-2018-q2-update.win32_1.4.0.202007081208/tools/bin/../lib/gcc/arm-none-eabi/7.3.1/thumb/v7e-m/fpv4-sp/hard\libgcc.a(_arm_cmpdf2.o)
                0x0000000008000964                __gtdf2
                0x0000000008000964                __gedf2
                0x000000000800096c                __ltdf2
                0x000000000800096c                __ledf2
                0x0000000008000974                __nedf2
                0x0000000008000974                __eqdf2
                0x0000000008000974                __cmpdf2
                0x00000000080009f0                __aeabi_cdrcmple
                0x0000000008000a00                __aeabi_cdcmpeq
                0x0000000008000a00                __aeabi_cdcmple
                0x0000000008000a10                __aeabi_dcmpeq
                0x0000000008000a24                __aeabi_dcmplt
                0x0000000008000a38                __aeabi_dcmple
                0x0000000008000a4c                __aeabi_dcmpge
                0x0000000008000a60                __aeabi_dcmpgt
 .text          0x0000000008000a74       0x2c c:/st/stm32cubeide_1.4.0/stm32cubeide/plugins/com.st.stm32cube.ide.mcu.externaltools.gnu-tools-for-stm32.7-2018-q2-update.win32_1.4.0.202007081208/tools/bin/../lib/gcc/arm-none-eabi/7.3.1/thumb/v7e-m/fpv4-sp/hard\libgcc.a(_arm_unorddf2.o)
                0x0000000008000a74                __unorddf2
                0x0000000008000a74                __aeabi_dcmpun
 .text          0x0000000008000aa0       0xa0 c:/st/stm32cubeide_1.4.0/stm32cubeide/plugins/com.st.stm32cube.ide.mcu.externaltools.gnu-tools-for-stm32.7-2018-q2-update.win32_1.4.0.202007081208/tools/bin/../lib/gcc/arm-none-eabi/7.3.1/thumb/v7e-m/fpv4-sp/hard\libgcc.a(_arm_truncdfsf2.o)
                0x0000000008000aa0                __truncdfsf2
                0x0000000008000aa0                __aeabi_d2f
 *(.text*)
 .text.MadgwickAHRSupdate
                0x0000000008000b40      0xe58 Core/Src/MadgwickAHRS.o
                0x0000000008000b40                MadgwickAHRSupdate
 .text.MadgwickAHRSupdateIMU
                0x0000000008001998      0x664 Core/Src/MadgwickAHRS.o
                0x0000000008001998                MadgwickAHRSupdateIMU
 .text.invSqrt  0x0000000008001ffc       0x78 Core/Src/MadgwickAHRS.o
                0x0000000008001ffc                invSqrt
 .text.pavza    0x0000000008002074       0x2c Core/Src/main.o
                0x0000000008002074                pavza
 .text.spi1_beriRegistre
                0x00000000080020a0       0x64 Core/Src/main.o
                0x00000000080020a0                spi1_beriRegistre
 .text.i2c1_pisiRegister
                0x0000000008002104       0x44 Core/Src/main.o
                0x0000000008002104                i2c1_pisiRegister
 .text.i2c1_beriRegistre
                0x0000000008002148       0x5c Core/Src/main.o
                0x0000000008002148                i2c1_beriRegistre
 .text.initLSM303DLHC
                0x00000000080021a4       0x3c Core/Src/main.o
                0x00000000080021a4                initLSM303DLHC
 .text.main     0x00000000080021e0      0x70c Core/Src/main.o
                0x00000000080021e0                main
 .text.SystemClock_Config
                0x00000000080028ec       0xc0 Core/Src/main.o
                0x00000000080028ec                SystemClock_Config
 .text.MX_I2C1_Init
                0x00000000080029ac       0x7c Core/Src/main.o
 .text.MX_SPI1_Init
                0x0000000008002a28       0x7c Core/Src/main.o
 .text.MX_GPIO_Init
                0x0000000008002aa4      0x100 Core/Src/main.o
 .text.Error_Handler
                0x0000000008002ba4        0xe Core/Src/main.o
                0x0000000008002ba4                Error_Handler
 *fill*         0x0000000008002bb2        0x2 
 .text.HAL_MspInit
                0x0000000008002bb4       0x48 Core/Src/stm32f3xx_hal_msp.o
                0x0000000008002bb4                HAL_MspInit
 .text.HAL_I2C_MspInit
                0x0000000008002bfc       0x88 Core/Src/stm32f3xx_hal_msp.o
                0x0000000008002bfc                HAL_I2C_MspInit
 .text.HAL_SPI_MspInit
                0x0000000008002c84       0x84 Core/Src/stm32f3xx_hal_msp.o
                0x0000000008002c84                HAL_SPI_MspInit
 .text.NMI_Handler
                0x0000000008002d08        0xe Core/Src/stm32f3xx_it.o
                0x0000000008002d08                NMI_Handler
 .text.HardFault_Handler
                0x0000000008002d16        0x6 Core/Src/stm32f3xx_it.o
                0x0000000008002d16                HardFault_Handler
 .text.MemManage_Handler
                0x0000000008002d1c        0x6 Core/Src/stm32f3xx_it.o
                0x0000000008002d1c                MemManage_Handler
 .text.BusFault_Handler
                0x0000000008002d22        0x6 Core/Src/stm32f3xx_it.o
                0x0000000008002d22                BusFault_Handler
 .text.UsageFault_Handler
                0x0000000008002d28        0x6 Core/Src/stm32f3xx_it.o
                0x0000000008002d28                UsageFault_Handler
 .text.SVC_Handler
                0x0000000008002d2e        0xe Core/Src/stm32f3xx_it.o
                0x0000000008002d2e                SVC_Handler
 .text.DebugMon_Handler
                0x0000000008002d3c        0xe Core/Src/stm32f3xx_it.o
                0x0000000008002d3c                DebugMon_Handler
 .text.PendSV_Handler
                0x0000000008002d4a        0xe Core/Src/stm32f3xx_it.o
                0x0000000008002d4a                PendSV_Handler
 .text.SysTick_Handler
                0x0000000008002d58        0xc Core/Src/stm32f3xx_it.o
                0x0000000008002d58                SysTick_Handler
 .text.USB_LP_CAN_RX0_IRQHandler
                0x0000000008002d64       0x14 Core/Src/stm32f3xx_it.o
                0x0000000008002d64                USB_LP_CAN_RX0_IRQHandler
 .text.SystemInit
                0x0000000008002d78       0x24 Core/Src/system_stm32f3xx.o
                0x0000000008002d78                SystemInit
 .text.Reset_Handler
                0x0000000008002d9c       0x50 Core/Startup/startup_stm32f303vctx.o
                0x0000000008002d9c                Reset_Handler
 .text.Default_Handler
                0x0000000008002dec        0x2 Core/Startup/startup_stm32f303vctx.o
                0x0000000008002dec                RTC_Alarm_IRQHandler
                0x0000000008002dec                TIM8_TRG_COM_IRQHandler
                0x0000000008002dec                TIM8_CC_IRQHandler
                0x0000000008002dec                TIM1_CC_IRQHandler
                0x0000000008002dec                USB_HP_IRQHandler
                0x0000000008002dec                PVD_IRQHandler
                0x0000000008002dec                TAMP_STAMP_IRQHandler
                0x0000000008002dec                EXTI3_IRQHandler
                0x0000000008002dec                USB_HP_CAN_TX_IRQHandler
                0x0000000008002dec                EXTI0_IRQHandler
                0x0000000008002dec                I2C2_EV_IRQHandler
                0x0000000008002dec                FPU_IRQHandler
                0x0000000008002dec                TIM1_UP_TIM16_IRQHandler
                0x0000000008002dec                ADC1_2_IRQHandler
                0x0000000008002dec                SPI1_IRQHandler
                0x0000000008002dec                CAN_SCE_IRQHandler
                0x0000000008002dec                TIM6_DAC_IRQHandler
                0x0000000008002dec                TIM8_UP_IRQHandler
                0x0000000008002dec                DMA2_Channel2_IRQHandler
                0x0000000008002dec                DMA1_Channel4_IRQHandler
                0x0000000008002dec                USART3_IRQHandler
                0x0000000008002dec                DMA1_Channel7_IRQHandler
                0x0000000008002dec                UART5_IRQHandler
                0x0000000008002dec                ADC3_IRQHandler
                0x0000000008002dec                TIM4_IRQHandler
                0x0000000008002dec                CAN_RX1_IRQHandler
                0x0000000008002dec                DMA2_Channel1_IRQHandler
                0x0000000008002dec                I2C1_EV_IRQHandler
                0x0000000008002dec                DMA1_Channel6_IRQHandler
                0x0000000008002dec                UART4_IRQHandler
                0x0000000008002dec                DMA2_Channel4_IRQHandler
                0x0000000008002dec                TIM3_IRQHandler
                0x0000000008002dec                RCC_IRQHandler
                0x0000000008002dec                DMA1_Channel1_IRQHandler
                0x0000000008002dec                Default_Handler
                0x0000000008002dec                USBWakeUp_RMP_IRQHandler
                0x0000000008002dec                EXTI15_10_IRQHandler
                0x0000000008002dec                TIM7_IRQHandler
                0x0000000008002dec                EXTI9_5_IRQHandler
                0x0000000008002dec                RTC_WKUP_IRQHandler
                0x0000000008002dec                SPI2_IRQHandler
                0x0000000008002dec                DMA2_Channel5_IRQHandler
                0x0000000008002dec                DMA1_Channel5_IRQHandler
                0x0000000008002dec                USB_LP_IRQHandler
                0x0000000008002dec                EXTI4_IRQHandler
                0x0000000008002dec                TIM1_TRG_COM_TIM17_IRQHandler
                0x0000000008002dec                DMA1_Channel3_IRQHandler
                0x0000000008002dec                ADC4_IRQHandler
                0x0000000008002dec                WWDG_IRQHandler
                0x0000000008002dec                TIM2_IRQHandler
                0x0000000008002dec                COMP7_IRQHandler
                0x0000000008002dec                COMP1_2_3_IRQHandler
                0x0000000008002dec                EXTI1_IRQHandler
                0x0000000008002dec                USART2_IRQHandler
                0x0000000008002dec                COMP4_5_6_IRQHandler
                0x0000000008002dec                I2C2_ER_IRQHandler
                0x0000000008002dec                DMA1_Channel2_IRQHandler
                0x0000000008002dec                TIM8_BRK_IRQHandler
                0x0000000008002dec                FLASH_IRQHandler
                0x0000000008002dec                USART1_IRQHandler
                0x0000000008002dec                SPI3_IRQHandler
                0x0000000008002dec                I2C1_ER_IRQHandler
                0x0000000008002dec                USBWakeUp_IRQHandler
                0x0000000008002dec                DMA2_Channel3_IRQHandler
                0x0000000008002dec                EXTI2_TSC_IRQHandler
                0x0000000008002dec                TIM1_BRK_TIM15_IRQHandler
 *fill*         0x0000000008002dee        0x2 
 .text.HAL_Init
                0x0000000008002df0       0x2c Drivers/STM32F3xx_HAL_Driver/Src/stm32f3xx_hal.o
                0x0000000008002df0                HAL_Init
 .text.HAL_InitTick
                0x0000000008002e1c       0x60 Drivers/STM32F3xx_HAL_Driver/Src/stm32f3xx_hal.o
                0x0000000008002e1c                HAL_InitTick
 .text.HAL_IncTick
                0x0000000008002e7c       0x28 Drivers/STM32F3xx_HAL_Driver/Src/stm32f3xx_hal.o
                0x0000000008002e7c                HAL_IncTick
 .text.HAL_GetTick
                0x0000000008002ea4       0x18 Drivers/STM32F3xx_HAL_Driver/Src/stm32f3xx_hal.o
                0x0000000008002ea4                HAL_GetTick
 .text.HAL_Delay
                0x0000000008002ebc       0x44 Drivers/STM32F3xx_HAL_Driver/Src/stm32f3xx_hal.o
                0x0000000008002ebc                HAL_Delay
 .text.__NVIC_SetPriorityGrouping
                0x0000000008002f00       0x48 Drivers/STM32F3xx_HAL_Driver/Src/stm32f3xx_hal_cortex.o
 .text.__NVIC_GetPriorityGrouping
                0x0000000008002f48       0x1c Drivers/STM32F3xx_HAL_Driver/Src/stm32f3xx_hal_cortex.o
 .text.__NVIC_EnableIRQ
                0x0000000008002f64       0x3c Drivers/STM32F3xx_HAL_Driver/Src/stm32f3xx_hal_cortex.o
 .text.__NVIC_SetPriority
                0x0000000008002fa0       0x54 Drivers/STM32F3xx_HAL_Driver/Src/stm32f3xx_hal_cortex.o
 .text.NVIC_EncodePriority
                0x0000000008002ff4       0x66 Drivers/STM32F3xx_HAL_Driver/Src/stm32f3xx_hal_cortex.o
 *fill*         0x000000000800305a        0x2 
 .text.SysTick_Config
                0x000000000800305c       0x44 Drivers/STM32F3xx_HAL_Driver/Src/stm32f3xx_hal_cortex.o
 .text.HAL_NVIC_SetPriorityGrouping
                0x00000000080030a0       0x16 Drivers/STM32F3xx_HAL_Driver/Src/stm32f3xx_hal_cortex.o
                0x00000000080030a0                HAL_NVIC_SetPriorityGrouping
 .text.HAL_NVIC_SetPriority
                0x00000000080030b6       0x38 Drivers/STM32F3xx_HAL_Driver/Src/stm32f3xx_hal_cortex.o
                0x00000000080030b6                HAL_NVIC_SetPriority
 .text.HAL_NVIC_EnableIRQ
                0x00000000080030ee       0x1c Drivers/STM32F3xx_HAL_Driver/Src/stm32f3xx_hal_cortex.o
                0x00000000080030ee                HAL_NVIC_EnableIRQ
 .text.HAL_SYSTICK_Config
                0x000000000800310a       0x18 Drivers/STM32F3xx_HAL_Driver/Src/stm32f3xx_hal_cortex.o
                0x000000000800310a                HAL_SYSTICK_Config
 *fill*         0x0000000008003122        0x2 
 .text.HAL_GPIO_Init
                0x0000000008003124      0x2f4 Drivers/STM32F3xx_HAL_Driver/Src/stm32f3xx_hal_gpio.o
                0x0000000008003124                HAL_GPIO_Init
 .text.HAL_GPIO_WritePin
                0x0000000008003418       0x30 Drivers/STM32F3xx_HAL_Driver/Src/stm32f3xx_hal_gpio.o
                0x0000000008003418                HAL_GPIO_WritePin
 .text.HAL_I2C_Init
                0x0000000008003448      0x11e Drivers/STM32F3xx_HAL_Driver/Src/stm32f3xx_hal_i2c.o
                0x0000000008003448                HAL_I2C_Init
 *fill*         0x0000000008003566        0x2 
 .text.HAL_I2C_Mem_Write
                0x0000000008003568      0x228 Drivers/STM32F3xx_HAL_Driver/Src/stm32f3xx_hal_i2c.o
                0x0000000008003568                HAL_I2C_Mem_Write
 .text.HAL_I2C_Mem_Read
                0x0000000008003790      0x234 Drivers/STM32F3xx_HAL_Driver/Src/stm32f3xx_hal_i2c.o
                0x0000000008003790                HAL_I2C_Mem_Read
 .text.I2C_RequestMemoryWrite
                0x00000000080039c4       0xa8 Drivers/STM32F3xx_HAL_Driver/Src/stm32f3xx_hal_i2c.o
 .text.I2C_RequestMemoryRead
                0x0000000008003a6c       0xa8 Drivers/STM32F3xx_HAL_Driver/Src/stm32f3xx_hal_i2c.o
 .text.I2C_Flush_TXDR
                0x0000000008003b14       0x48 Drivers/STM32F3xx_HAL_Driver/Src/stm32f3xx_hal_i2c.o
 .text.I2C_WaitOnFlagUntilTimeout
                0x0000000008003b5c       0x80 Drivers/STM32F3xx_HAL_Driver/Src/stm32f3xx_hal_i2c.o
 .text.I2C_WaitOnTXISFlagUntilTimeout
                0x0000000008003bdc       0x80 Drivers/STM32F3xx_HAL_Driver/Src/stm32f3xx_hal_i2c.o
 .text.I2C_WaitOnSTOPFlagUntilTimeout
                0x0000000008003c5c       0x78 Drivers/STM32F3xx_HAL_Driver/Src/stm32f3xx_hal_i2c.o
 .text.I2C_IsAcknowledgeFailed
                0x0000000008003cd4       0xcc Drivers/STM32F3xx_HAL_Driver/Src/stm32f3xx_hal_i2c.o
 .text.I2C_TransferConfig
                0x0000000008003da0       0x5c Drivers/STM32F3xx_HAL_Driver/Src/stm32f3xx_hal_i2c.o
 .text.HAL_I2CEx_ConfigAnalogFilter
                0x0000000008003dfc       0x96 Drivers/STM32F3xx_HAL_Driver/Src/stm32f3xx_hal_i2c_ex.o
                0x0000000008003dfc                HAL_I2CEx_ConfigAnalogFilter
 .text.HAL_I2CEx_ConfigDigitalFilter
                0x0000000008003e92       0x98 Drivers/STM32F3xx_HAL_Driver/Src/stm32f3xx_hal_i2c_ex.o
                0x0000000008003e92                HAL_I2CEx_ConfigDigitalFilter
 .text.HAL_PCD_Init
                0x0000000008003f2a      0x1bc Drivers/STM32F3xx_HAL_Driver/Src/stm32f3xx_hal_pcd.o
                0x0000000008003f2a                HAL_PCD_Init
 .text.HAL_PCD_Start
                0x00000000080040e6       0x4c Drivers/STM32F3xx_HAL_Driver/Src/stm32f3xx_hal_pcd.o
                0x00000000080040e6                HAL_PCD_Start
 .text.HAL_PCD_IRQHandler
                0x0000000008004132      0x1ee Drivers/STM32F3xx_HAL_Driver/Src/stm32f3xx_hal_pcd.o
                0x0000000008004132                HAL_PCD_IRQHandler
 .text.HAL_PCD_SetAddress
                0x0000000008004320       0x4a Drivers/STM32F3xx_HAL_Driver/Src/stm32f3xx_hal_pcd.o
                0x0000000008004320                HAL_PCD_SetAddress
 .text.HAL_PCD_EP_Open
                0x000000000800436a       0xcc Drivers/STM32F3xx_HAL_Driver/Src/stm32f3xx_hal_pcd.o
                0x000000000800436a                HAL_PCD_EP_Open
 .text.HAL_PCD_EP_Close
                0x0000000008004436       0x90 Drivers/STM32F3xx_HAL_Driver/Src/stm32f3xx_hal_pcd.o
                0x0000000008004436                HAL_PCD_EP_Close
 .text.HAL_PCD_EP_Receive
                0x00000000080044c6       0x7a Drivers/STM32F3xx_HAL_Driver/Src/stm32f3xx_hal_pcd.o
                0x00000000080044c6                HAL_PCD_EP_Receive
 .text.HAL_PCD_EP_GetRxCount
                0x0000000008004540       0x30 Drivers/STM32F3xx_HAL_Driver/Src/stm32f3xx_hal_pcd.o
                0x0000000008004540                HAL_PCD_EP_GetRxCount
 .text.HAL_PCD_EP_Transmit
                0x0000000008004570       0x86 Drivers/STM32F3xx_HAL_Driver/Src/stm32f3xx_hal_pcd.o
                0x0000000008004570                HAL_PCD_EP_Transmit
 .text.HAL_PCD_EP_SetStall
                0x00000000080045f6       0xa4 Drivers/STM32F3xx_HAL_Driver/Src/stm32f3xx_hal_pcd.o
                0x00000000080045f6                HAL_PCD_EP_SetStall
 .text.HAL_PCD_EP_ClrStall
                0x000000000800469a       0xa8 Drivers/STM32F3xx_HAL_Driver/Src/stm32f3xx_hal_pcd.o
                0x000000000800469a                HAL_PCD_EP_ClrStall
 .text.PCD_EP_ISR_Handler
                0x0000000008004742      0x5e6 Drivers/STM32F3xx_HAL_Driver/Src/stm32f3xx_hal_pcd.o
 .text.HAL_PCD_EP_DB_Receive
                0x0000000008004d28      0x21a Drivers/STM32F3xx_HAL_Driver/Src/stm32f3xx_hal_pcd.o
 .text.HAL_PCD_EP_DB_Transmit
                0x0000000008004f42      0x53a Drivers/STM32F3xx_HAL_Driver/Src/stm32f3xx_hal_pcd.o
 .text.HAL_PCDEx_PMAConfig
                0x000000000800547c       0x86 Drivers/STM32F3xx_HAL_Driver/Src/stm32f3xx_hal_pcd_ex.o
                0x000000000800547c                HAL_PCDEx_PMAConfig
 *fill*         0x0000000008005502        0x2 
 .text.HAL_RCC_OscConfig
                0x0000000008005504      0xe10 Drivers/STM32F3xx_HAL_Driver/Src/stm32f3xx_hal_rcc.o
                0x0000000008005504                HAL_RCC_OscConfig
 .text.HAL_RCC_ClockConfig
                0x0000000008006314      0x2f8 Drivers/STM32F3xx_HAL_Driver/Src/stm32f3xx_hal_rcc.o
                0x0000000008006314                HAL_RCC_ClockConfig
 .text.HAL_RCC_GetSysClockFreq
                0x000000000800660c       0xd4 Drivers/STM32F3xx_HAL_Driver/Src/stm32f3xx_hal_rcc.o
                0x000000000800660c                HAL_RCC_GetSysClockFreq
 .text.HAL_RCCEx_PeriphCLKConfig
                0x00000000080066e0      0x360 Drivers/STM32F3xx_HAL_Driver/Src/stm32f3xx_hal_rcc_ex.o
                0x00000000080066e0                HAL_RCCEx_PeriphCLKConfig
 .text.HAL_SPI_Init
                0x0000000008006a40      0x156 Drivers/STM32F3xx_HAL_Driver/Src/stm32f3xx_hal_spi.o
                0x0000000008006a40                HAL_SPI_Init
 .text.HAL_SPI_Transmit
                0x0000000008006b96      0x2dc Drivers/STM32F3xx_HAL_Driver/Src/stm32f3xx_hal_spi.o
                0x0000000008006b96                HAL_SPI_Transmit
 .text.HAL_SPI_Receive
                0x0000000008006e72      0x260 Drivers/STM32F3xx_HAL_Driver/Src/stm32f3xx_hal_spi.o
                0x0000000008006e72                HAL_SPI_Receive
 .text.HAL_SPI_TransmitReceive
                0x00000000080070d2      0x426 Drivers/STM32F3xx_HAL_Driver/Src/stm32f3xx_hal_spi.o
                0x00000000080070d2                HAL_SPI_TransmitReceive
 .text.SPI_WaitFlagStateUntilTimeout
                0x00000000080074f8      0x110 Drivers/STM32F3xx_HAL_Driver/Src/stm32f3xx_hal_spi.o
 .text.SPI_WaitFifoStateUntilTimeout
                0x0000000008007608      0x11c Drivers/STM32F3xx_HAL_Driver/Src/stm32f3xx_hal_spi.o
 .text.SPI_EndRxTransaction
                0x0000000008007724       0xb0 Drivers/STM32F3xx_HAL_Driver/Src/stm32f3xx_hal_spi.o
 .text.SPI_EndRxTxTransaction
                0x00000000080077d4       0x8c Drivers/STM32F3xx_HAL_Driver/Src/stm32f3xx_hal_spi.o
 .text.USB_EnableGlobalInt
                0x0000000008007860       0x2e Drivers/STM32F3xx_HAL_Driver/Src/stm32f3xx_ll_usb.o
                0x0000000008007860                USB_EnableGlobalInt
 .text.USB_DisableGlobalInt
                0x000000000800788e       0x36 Drivers/STM32F3xx_HAL_Driver/Src/stm32f3xx_ll_usb.o
                0x000000000800788e                USB_DisableGlobalInt
 .text.USB_DevInit
                0x00000000080078c4       0x42 Drivers/STM32F3xx_HAL_Driver/Src/stm32f3xx_ll_usb.o
                0x00000000080078c4                USB_DevInit
 *fill*         0x0000000008007906        0x2 
 .text.USB_ActivateEndpoint
                0x0000000008007908      0x6dc Drivers/STM32F3xx_HAL_Driver/Src/stm32f3xx_ll_usb.o
                0x0000000008007908                USB_ActivateEndpoint
 .text.USB_DeactivateEndpoint
                0x0000000008007fe4      0x3da Drivers/STM32F3xx_HAL_Driver/Src/stm32f3xx_ll_usb.o
                0x0000000008007fe4                USB_DeactivateEndpoint
 .text.USB_EPStartXfer
                0x00000000080083be     0x1240 Drivers/STM32F3xx_HAL_Driver/Src/stm32f3xx_ll_usb.o
                0x00000000080083be                USB_EPStartXfer
 .text.USB_EPSetStall
                0x00000000080095fe       0xa2 Drivers/STM32F3xx_HAL_Driver/Src/stm32f3xx_ll_usb.o
                0x00000000080095fe                USB_EPSetStall
 .text.USB_EPClearStall
                0x00000000080096a0      0x15c Drivers/STM32F3xx_HAL_Driver/Src/stm32f3xx_ll_usb.o
                0x00000000080096a0                USB_EPClearStall
 .text.USB_SetDevAddress
                0x00000000080097fc       0x28 Drivers/STM32F3xx_HAL_Driver/Src/stm32f3xx_ll_usb.o
                0x00000000080097fc                USB_SetDevAddress
 .text.USB_DevConnect
                0x0000000008009824       0x16 Drivers/STM32F3xx_HAL_Driver/Src/stm32f3xx_ll_usb.o
                0x0000000008009824                USB_DevConnect
 .text.USB_ReadInterrupts
                0x000000000800983a       0x20 Drivers/STM32F3xx_HAL_Driver/Src/stm32f3xx_ll_usb.o
                0x000000000800983a                USB_ReadInterrupts
 .text.USB_WritePMA
                0x000000000800985a       0x8a Drivers/STM32F3xx_HAL_Driver/Src/stm32f3xx_ll_usb.o
                0x000000000800985a                USB_WritePMA
 .text.USB_ReadPMA
                0x00000000080098e4       0xa0 Drivers/STM32F3xx_HAL_Driver/Src/stm32f3xx_ll_usb.o
                0x00000000080098e4                USB_ReadPMA
 .text.USBD_CDC_Init
                0x0000000008009984       0xf4 Middlewares/ST/STM32_USB_Device_Library/Class/CDC/Src/usbd_cdc.o
 .text.USBD_CDC_DeInit
                0x0000000008009a78       0x6e Middlewares/ST/STM32_USB_Device_Library/Class/CDC/Src/usbd_cdc.o
 .text.USBD_CDC_Setup
                0x0000000008009ae6      0x140 Middlewares/ST/STM32_USB_Device_Library/Class/CDC/Src/usbd_cdc.o
 .text.USBD_CDC_DataIn
                0x0000000008009c26       0xa6 Middlewares/ST/STM32_USB_Device_Library/Class/CDC/Src/usbd_cdc.o
 .text.USBD_CDC_DataOut
                0x0000000008009ccc       0x56 Middlewares/ST/STM32_USB_Device_Library/Class/CDC/Src/usbd_cdc.o
 .text.USBD_CDC_EP0_RxReady
                0x0000000008009d22       0x50 Middlewares/ST/STM32_USB_Device_Library/Class/CDC/Src/usbd_cdc.o
 *fill*         0x0000000008009d72        0x2 
 .text.USBD_CDC_GetFSCfgDesc
                0x0000000008009d74       0x20 Middlewares/ST/STM32_USB_Device_Library/Class/CDC/Src/usbd_cdc.o
 .text.USBD_CDC_GetHSCfgDesc
                0x0000000008009d94       0x20 Middlewares/ST/STM32_USB_Device_Library/Class/CDC/Src/usbd_cdc.o
 .text.USBD_CDC_GetOtherSpeedCfgDesc
                0x0000000008009db4       0x20 Middlewares/ST/STM32_USB_Device_Library/Class/CDC/Src/usbd_cdc.o
 .text.USBD_CDC_GetDeviceQualifierDescriptor
                0x0000000008009dd4       0x20 Middlewares/ST/STM32_USB_Device_Library/Class/CDC/Src/usbd_cdc.o
                0x0000000008009dd4                USBD_CDC_GetDeviceQualifierDescriptor
 .text.USBD_CDC_RegisterInterface
                0x0000000008009df4       0x2e Middlewares/ST/STM32_USB_Device_Library/Class/CDC/Src/usbd_cdc.o
                0x0000000008009df4                USBD_CDC_RegisterInterface
 .text.USBD_CDC_SetTxBuffer
                0x0000000008009e22       0x34 Middlewares/ST/STM32_USB_Device_Library/Class/CDC/Src/usbd_cdc.o
                0x0000000008009e22                USBD_CDC_SetTxBuffer
 .text.USBD_CDC_SetRxBuffer
                0x0000000008009e56       0x28 Middlewares/ST/STM32_USB_Device_Library/Class/CDC/Src/usbd_cdc.o
                0x0000000008009e56                USBD_CDC_SetRxBuffer
 .text.USBD_CDC_TransmitPacket
                0x0000000008009e7e       0x5e Middlewares/ST/STM32_USB_Device_Library/Class/CDC/Src/usbd_cdc.o
                0x0000000008009e7e                USBD_CDC_TransmitPacket
 .text.USBD_CDC_ReceivePacket
                0x0000000008009edc       0x54 Middlewares/ST/STM32_USB_Device_Library/Class/CDC/Src/usbd_cdc.o
                0x0000000008009edc                USBD_CDC_ReceivePacket
 .text.USBD_Init
                0x0000000008009f30       0x56 Middlewares/ST/STM32_USB_Device_Library/Core/Src/usbd_core.o
                0x0000000008009f30                USBD_Init
 .text.USBD_RegisterClass
                0x0000000008009f86       0x34 Middlewares/ST/STM32_USB_Device_Library/Core/Src/usbd_core.o
                0x0000000008009f86                USBD_RegisterClass
 .text.USBD_Start
                0x0000000008009fba       0x18 Middlewares/ST/STM32_USB_Device_Library/Core/Src/usbd_core.o
                0x0000000008009fba                USBD_Start
 .text.USBD_RunTestMode
                0x0000000008009fd2       0x16 Middlewares/ST/STM32_USB_Device_Library/Core/Src/usbd_core.o
                0x0000000008009fd2                USBD_RunTestMode
 .text.USBD_SetClassConfig
                0x0000000008009fe8       0x3e Middlewares/ST/STM32_USB_Device_Library/Core/Src/usbd_core.o
                0x0000000008009fe8                USBD_SetClassConfig
 .text.USBD_ClrClassConfig
                0x000000000800a026       0x26 Middlewares/ST/STM32_USB_Device_Library/Core/Src/usbd_core.o
                0x000000000800a026                USBD_ClrClassConfig
 .text.USBD_LL_SetupStage
                0x000000000800a04c       0x96 Middlewares/ST/STM32_USB_Device_Library/Core/Src/usbd_core.o
                0x000000000800a04c                USBD_LL_SetupStage
 .text.USBD_LL_DataOutStage
                0x000000000800a0e2       0xe2 Middlewares/ST/STM32_USB_Device_Library/Core/Src/usbd_core.o
                0x000000000800a0e2                USBD_LL_DataOutStage
 .text.USBD_LL_DataInStage
                0x000000000800a1c4      0x14a Middlewares/ST/STM32_USB_Device_Library/Core/Src/usbd_core.o
                0x000000000800a1c4                USBD_LL_DataInStage
 .text.USBD_LL_Reset
                0x000000000800a30e       0x82 Middlewares/ST/STM32_USB_Device_Library/Core/Src/usbd_core.o
                0x000000000800a30e                USBD_LL_Reset
 .text.USBD_LL_SetSpeed
                0x000000000800a390       0x20 Middlewares/ST/STM32_USB_Device_Library/Core/Src/usbd_core.o
                0x000000000800a390                USBD_LL_SetSpeed
 .text.USBD_LL_Suspend
                0x000000000800a3b0       0x2a Middlewares/ST/STM32_USB_Device_Library/Core/Src/usbd_core.o
                0x000000000800a3b0                USBD_LL_Suspend
 .text.USBD_LL_Resume
                0x000000000800a3da       0x2c Middlewares/ST/STM32_USB_Device_Library/Core/Src/usbd_core.o
                0x000000000800a3da                USBD_LL_Resume
 .text.USBD_LL_SOF
                0x000000000800a406       0x34 Middlewares/ST/STM32_USB_Device_Library/Core/Src/usbd_core.o
                0x000000000800a406                USBD_LL_SOF
 *fill*         0x000000000800a43a        0x2 
 .text.USBD_StdDevReq
                0x000000000800a43c       0xd4 Middlewares/ST/STM32_USB_Device_Library/Core/Src/usbd_ctlreq.o
                0x000000000800a43c                USBD_StdDevReq
 .text.USBD_StdItfReq
                0x000000000800a510       0x8c Middlewares/ST/STM32_USB_Device_Library/Core/Src/usbd_ctlreq.o
                0x000000000800a510                USBD_StdItfReq
 .text.USBD_StdEPReq
                0x000000000800a59c      0x2ba Middlewares/ST/STM32_USB_Device_Library/Core/Src/usbd_ctlreq.o
                0x000000000800a59c                USBD_StdEPReq
 *fill*         0x000000000800a856        0x2 
 .text.USBD_GetDescriptor
                0x000000000800a858      0x2d0 Middlewares/ST/STM32_USB_Device_Library/Core/Src/usbd_ctlreq.o
 .text.USBD_SetAddress
                0x000000000800ab28       0x84 Middlewares/ST/STM32_USB_Device_Library/Core/Src/usbd_ctlreq.o
 .text.USBD_SetConfig
                0x000000000800abac      0x11c Middlewares/ST/STM32_USB_Device_Library/Core/Src/usbd_ctlreq.o
 .text.USBD_GetConfig
                0x000000000800acc8       0x68 Middlewares/ST/STM32_USB_Device_Library/Core/Src/usbd_ctlreq.o
 .text.USBD_GetStatus
                0x000000000800ad30       0x66 Middlewares/ST/STM32_USB_Device_Library/Core/Src/usbd_ctlreq.o
 .text.USBD_SetFeature
                0x000000000800ad96       0x28 Middlewares/ST/STM32_USB_Device_Library/Core/Src/usbd_ctlreq.o
 .text.USBD_ClrFeature
                0x000000000800adbe       0x42 Middlewares/ST/STM32_USB_Device_Library/Core/Src/usbd_ctlreq.o
 .text.USBD_ParseSetupRequest
                0x000000000800ae00       0x7a Middlewares/ST/STM32_USB_Device_Library/Core/Src/usbd_ctlreq.o
                0x000000000800ae00                USBD_ParseSetupRequest
 .text.USBD_CtlError
                0x000000000800ae7a       0x22 Middlewares/ST/STM32_USB_Device_Library/Core/Src/usbd_ctlreq.o
                0x000000000800ae7a                USBD_CtlError
 .text.USBD_GetString
                0x000000000800ae9c       0x84 Middlewares/ST/STM32_USB_Device_Library/Core/Src/usbd_ctlreq.o
                0x000000000800ae9c                USBD_GetString
 .text.USBD_GetLen
                0x000000000800af20       0x30 Middlewares/ST/STM32_USB_Device_Library/Core/Src/usbd_ctlreq.o
 .text.USBD_CtlSendData
                0x000000000800af50       0x38 Middlewares/ST/STM32_USB_Device_Library/Core/Src/usbd_ioreq.o
                0x000000000800af50                USBD_CtlSendData
 .text.USBD_CtlContinueSendData
                0x000000000800af88       0x24 Middlewares/ST/STM32_USB_Device_Library/Core/Src/usbd_ioreq.o
                0x000000000800af88                USBD_CtlContinueSendData
 .text.USBD_CtlPrepareRx
                0x000000000800afac       0x3c Middlewares/ST/STM32_USB_Device_Library/Core/Src/usbd_ioreq.o
                0x000000000800afac                USBD_CtlPrepareRx
 .text.USBD_CtlContinueRx
                0x000000000800afe8       0x24 Middlewares/ST/STM32_USB_Device_Library/Core/Src/usbd_ioreq.o
                0x000000000800afe8                USBD_CtlContinueRx
 .text.USBD_CtlSendStatus
                0x000000000800b00c       0x26 Middlewares/ST/STM32_USB_Device_Library/Core/Src/usbd_ioreq.o
                0x000000000800b00c                USBD_CtlSendStatus
 .text.USBD_CtlReceiveStatus
                0x000000000800b032       0x26 Middlewares/ST/STM32_USB_Device_Library/Core/Src/usbd_ioreq.o
                0x000000000800b032                USBD_CtlReceiveStatus
 .text.MX_USB_DEVICE_Init
                0x000000000800b058       0x60 USB_DEVICE/App/usb_device.o
                0x000000000800b058                MX_USB_DEVICE_Init
 .text.CDC_Init_FS
                0x000000000800b0b8       0x28 USB_DEVICE/App/usbd_cdc_if.o
 .text.CDC_DeInit_FS
                0x000000000800b0e0       0x10 USB_DEVICE/App/usbd_cdc_if.o
 .text.CDC_Control_FS
                0x000000000800b0f0       0xbc USB_DEVICE/App/usbd_cdc_if.o
 .text.CDC_Receive_FS
                0x000000000800b1ac       0x28 USB_DEVICE/App/usbd_cdc_if.o
 .text.CDC_Transmit_FS
                0x000000000800b1d4       0x4c USB_DEVICE/App/usbd_cdc_if.o
                0x000000000800b1d4                CDC_Transmit_FS
 .text.USBD_FS_DeviceDescriptor
                0x000000000800b220       0x24 USB_DEVICE/App/usbd_desc.o
                0x000000000800b220                USBD_FS_DeviceDescriptor
 .text.USBD_FS_LangIDStrDescriptor
                0x000000000800b244       0x24 USB_DEVICE/App/usbd_desc.o
                0x000000000800b244                USBD_FS_LangIDStrDescriptor
 .text.USBD_FS_ProductStrDescriptor
                0x000000000800b268       0x3c USB_DEVICE/App/usbd_desc.o
                0x000000000800b268                USBD_FS_ProductStrDescriptor
 .text.USBD_FS_ManufacturerStrDescriptor
                0x000000000800b2a4       0x28 USB_DEVICE/App/usbd_desc.o
                0x000000000800b2a4                USBD_FS_ManufacturerStrDescriptor
 .text.USBD_FS_SerialStrDescriptor
                0x000000000800b2cc       0x24 USB_DEVICE/App/usbd_desc.o
                0x000000000800b2cc                USBD_FS_SerialStrDescriptor
 .text.USBD_FS_ConfigStrDescriptor
                0x000000000800b2f0       0x3c USB_DEVICE/App/usbd_desc.o
                0x000000000800b2f0                USBD_FS_ConfigStrDescriptor
 .text.USBD_FS_InterfaceStrDescriptor
                0x000000000800b32c       0x3c USB_DEVICE/App/usbd_desc.o
                0x000000000800b32c                USBD_FS_InterfaceStrDescriptor
 .text.Get_SerialNum
                0x000000000800b368       0x58 USB_DEVICE/App/usbd_desc.o
 .text.IntToUnicode
                0x000000000800b3c0       0x7c USB_DEVICE/App/usbd_desc.o
 .text.HAL_PCD_MspInit
                0x000000000800b43c       0x98 USB_DEVICE/Target/usbd_conf.o
                0x000000000800b43c                HAL_PCD_MspInit
 .text.HAL_PCD_SetupStageCallback
                0x000000000800b4d4       0x24 USB_DEVICE/Target/usbd_conf.o
                0x000000000800b4d4                HAL_PCD_SetupStageCallback
 .text.HAL_PCD_DataOutStageCallback
                0x000000000800b4f8       0x36 USB_DEVICE/Target/usbd_conf.o
                0x000000000800b4f8                HAL_PCD_DataOutStageCallback
 .text.HAL_PCD_DataInStageCallback
                0x000000000800b52e       0x34 USB_DEVICE/Target/usbd_conf.o
                0x000000000800b52e                HAL_PCD_DataInStageCallback
 .text.HAL_PCD_SOFCallback
                0x000000000800b562       0x1c USB_DEVICE/Target/usbd_conf.o
                0x000000000800b562                HAL_PCD_SOFCallback
 .text.HAL_PCD_ResetCallback
                0x000000000800b57e       0x3c USB_DEVICE/Target/usbd_conf.o
                0x000000000800b57e                HAL_PCD_ResetCallback
 *fill*         0x000000000800b5ba        0x2 
 .text.HAL_PCD_SuspendCallback
                0x000000000800b5bc       0x34 USB_DEVICE/Target/usbd_conf.o
                0x000000000800b5bc                HAL_PCD_SuspendCallback
 .text.HAL_PCD_ResumeCallback
                0x000000000800b5f0       0x1c USB_DEVICE/Target/usbd_conf.o
                0x000000000800b5f0                HAL_PCD_ResumeCallback
 .text.USBD_LL_Init
                0x000000000800b60c       0xb4 USB_DEVICE/Target/usbd_conf.o
                0x000000000800b60c                USBD_LL_Init
 .text.USBD_LL_Start
                0x000000000800b6c0       0x36 USB_DEVICE/Target/usbd_conf.o
                0x000000000800b6c0                USBD_LL_Start
 .text.USBD_LL_OpenEP
                0x000000000800b6f6       0x4c USB_DEVICE/Target/usbd_conf.o
                0x000000000800b6f6                USBD_LL_OpenEP
 .text.USBD_LL_CloseEP
                0x000000000800b742       0x3e USB_DEVICE/Target/usbd_conf.o
                0x000000000800b742                USBD_LL_CloseEP
 .text.USBD_LL_StallEP
                0x000000000800b780       0x3e USB_DEVICE/Target/usbd_conf.o
                0x000000000800b780                USBD_LL_StallEP
 .text.USBD_LL_ClearStallEP
                0x000000000800b7be       0x3e USB_DEVICE/Target/usbd_conf.o
                0x000000000800b7be                USBD_LL_ClearStallEP
 .text.USBD_LL_IsStallEP
                0x000000000800b7fc       0x5a USB_DEVICE/Target/usbd_conf.o
                0x000000000800b7fc                USBD_LL_IsStallEP
 .text.USBD_LL_SetUSBAddress
                0x000000000800b856       0x3e USB_DEVICE/Target/usbd_conf.o
                0x000000000800b856                USBD_LL_SetUSBAddress
 .text.USBD_LL_Transmit
                0x000000000800b894       0x46 USB_DEVICE/Target/usbd_conf.o
                0x000000000800b894                USBD_LL_Transmit
 .text.USBD_LL_PrepareReceive
                0x000000000800b8da       0x46 USB_DEVICE/Target/usbd_conf.o
                0x000000000800b8da                USBD_LL_PrepareReceive
 .text.USBD_LL_GetRxDataSize
                0x000000000800b920       0x26 USB_DEVICE/Target/usbd_conf.o
                0x000000000800b920                USBD_LL_GetRxDataSize
 *fill*         0x000000000800b946        0x2 
 .text.USBD_static_malloc
                0x000000000800b948       0x1c USB_DEVICE/Target/usbd_conf.o
                0x000000000800b948                USBD_static_malloc
 .text.USBD_static_free
                0x000000000800b964       0x14 USB_DEVICE/Target/usbd_conf.o
                0x000000000800b964                USBD_static_free
 .text.HAL_PCDEx_SetConnectionState
                0x000000000800b978       0x18 USB_DEVICE/Target/usbd_conf.o
                0x000000000800b978                HAL_PCDEx_SetConnectionState
 .text.USBD_Get_USB_Status
                0x000000000800b990       0x58 USB_DEVICE/Target/usbd_conf.o
 .text.__errno  0x000000000800b9e8        0xc c:/st/stm32cubeide_1.4.0/stm32cubeide/plugins/com.st.stm32cube.ide.mcu.externaltools.gnu-tools-for-stm32.7-2018-q2-update.win32_1.4.0.202007081208/tools/bin/../lib/gcc/arm-none-eabi/7.3.1/../../../../arm-none-eabi/lib/thumb/v7e-m/fpv4-sp/hard\libc_nano.a(lib_a-errno.o)
                0x000000000800b9e8                __errno
 .text.__libc_init_array
                0x000000000800b9f4       0x48 c:/st/stm32cubeide_1.4.0/stm32cubeide/plugins/com.st.stm32cube.ide.mcu.externaltools.gnu-tools-for-stm32.7-2018-q2-update.win32_1.4.0.202007081208/tools/bin/../lib/gcc/arm-none-eabi/7.3.1/../../../../arm-none-eabi/lib/thumb/v7e-m/fpv4-sp/hard\libc_nano.a(lib_a-init.o)
                0x000000000800b9f4                __libc_init_array
 .text.memset   0x000000000800ba3c       0x10 c:/st/stm32cubeide_1.4.0/stm32cubeide/plugins/com.st.stm32cube.ide.mcu.externaltools.gnu-tools-for-stm32.7-2018-q2-update.win32_1.4.0.202007081208/tools/bin/../lib/gcc/arm-none-eabi/7.3.1/../../../../arm-none-eabi/lib/thumb/v7e-m/fpv4-sp/hard\libc_nano.a(lib_a-memset.o)
                0x000000000800ba3c                memset
 .text.asin     0x000000000800ba4c       0xb0 c:/st/stm32cubeide_1.4.0/stm32cubeide/plugins/com.st.stm32cube.ide.mcu.externaltools.gnu-tools-for-stm32.7-2018-q2-update.win32_1.4.0.202007081208/tools/bin/../lib/gcc/arm-none-eabi/7.3.1/../../../../arm-none-eabi/lib/thumb/v7e-m/fpv4-sp/hard\libm.a(lib_a-w_asin.o)
                0x000000000800ba4c                asin
 .text.atan2    0x000000000800bafc        0x4 c:/st/stm32cubeide_1.4.0/stm32cubeide/plugins/com.st.stm32cube.ide.mcu.externaltools.gnu-tools-for-stm32.7-2018-q2-update.win32_1.4.0.202007081208/tools/bin/../lib/gcc/arm-none-eabi/7.3.1/../../../../arm-none-eabi/lib/thumb/v7e-m/fpv4-sp/hard\libm.a(lib_a-w_atan2.o)
                0x000000000800bafc                atan2
 .text.sqrt     0x000000000800bb00       0xb4 c:/st/stm32cubeide_1.4.0/stm32cubeide/plugins/com.st.stm32cube.ide.mcu.externaltools.gnu-tools-for-stm32.7-2018-q2-update.win32_1.4.0.202007081208/tools/bin/../lib/gcc/arm-none-eabi/7.3.1/../../../../arm-none-eabi/lib/thumb/v7e-m/fpv4-sp/hard\libm.a(lib_a-w_sqrt.o)
                0x000000000800bb00                sqrt
 *fill*         0x000000000800bbb4        0x4 
 .text.__ieee754_asin
                0x000000000800bbb8      0x420 c:/st/stm32cubeide_1.4.0/stm32cubeide/plugins/com.st.stm32cube.ide.mcu.externaltools.gnu-tools-for-stm32.7-2018-q2-update.win32_1.4.0.202007081208/tools/bin/../lib/gcc/arm-none-eabi/7.3.1/../../../../arm-none-eabi/lib/thumb/v7e-m/fpv4-sp/hard\libm.a(lib_a-e_asin.o)
                0x000000000800bbb8                __ieee754_asin
 .text.__ieee754_atan2
                0x000000000800bfd8      0x1bc c:/st/stm32cubeide_1.4.0/stm32cubeide/plugins/com.st.stm32cube.ide.mcu.externaltools.gnu-tools-for-stm32.7-2018-q2-update.win32_1.4.0.202007081208/tools/bin/../lib/gcc/arm-none-eabi/7.3.1/../../../../arm-none-eabi/lib/thumb/v7e-m/fpv4-sp/hard\libm.a(lib_a-e_atan2.o)
                0x000000000800bfd8                __ieee754_atan2
 .text.__ieee754_sqrt
                0x000000000800c194      0x160 c:/st/stm32cubeide_1.4.0/stm32cubeide/plugins/com.st.stm32cube.ide.mcu.externaltools.gnu-tools-for-stm32.7-2018-q2-update.win32_1.4.0.202007081208/tools/bin/../lib/gcc/arm-none-eabi/7.3.1/../../../../arm-none-eabi/lib/thumb/v7e-m/fpv4-sp/hard\libm.a(lib_a-e_sqrt.o)
                0x000000000800c194                __ieee754_sqrt
 *fill*         0x000000000800c2f4        0x4 
 .text.atan     0x000000000800c2f8      0x340 c:/st/stm32cubeide_1.4.0/stm32cubeide/plugins/com.st.stm32cube.ide.mcu.externaltools.gnu-tools-for-stm32.7-2018-q2-update.win32_1.4.0.202007081208/tools/bin/../lib/gcc/arm-none-eabi/7.3.1/../../../../arm-none-eabi/lib/thumb/v7e-m/fpv4-sp/hard\libm.a(lib_a-s_atan.o)
                0x000000000800c2f8                atan
 .text.fabs     0x000000000800c638       0x12 c:/st/stm32cubeide_1.4.0/stm32cubeide/plugins/com.st.stm32cube.ide.mcu.externaltools.gnu-tools-for-stm32.7-2018-q2-update.win32_1.4.0.202007081208/tools/bin/../lib/gcc/arm-none-eabi/7.3.1/../../../../arm-none-eabi/lib/thumb/v7e-m/fpv4-sp/hard\libm.a(lib_a-s_fabs.o)
                0x000000000800c638                fabs
 .text.matherr  0x000000000800c64a        0x4 c:/st/stm32cubeide_1.4.0/stm32cubeide/plugins/com.st.stm32cube.ide.mcu.externaltools.gnu-tools-for-stm32.7-2018-q2-update.win32_1.4.0.202007081208/tools/bin/../lib/gcc/arm-none-eabi/7.3.1/../../../../arm-none-eabi/lib/thumb/v7e-m/fpv4-sp/hard\libm.a(lib_a-s_matherr.o)
                0x000000000800c64a                matherr
 *fill*         0x000000000800c64e        0x2 
 .text.nan      0x000000000800c650       0x10 c:/st/stm32cubeide_1.4.0/stm32cubeide/plugins/com.st.stm32cube.ide.mcu.externaltools.gnu-tools-for-stm32.7-2018-q2-update.win32_1.4.0.202007081208/tools/bin/../lib/gcc/arm-none-eabi/7.3.1/../../../../arm-none-eabi/lib/thumb/v7e-m/fpv4-sp/hard\libm.a(lib_a-s_nan.o)
                0x000000000800c650                nan
 *(.glue_7)
 .glue_7        0x000000000800c660        0x0 linker stubs
 *(.glue_7t)
 .glue_7t       0x000000000800c660        0x0 linker stubs
 *(.eh_frame)
 .eh_frame      0x000000000800c660        0x0 c:/st/stm32cubeide_1.4.0/stm32cubeide/plugins/com.st.stm32cube.ide.mcu.externaltools.gnu-tools-for-stm32.7-2018-q2-update.win32_1.4.0.202007081208/tools/bin/../lib/gcc/arm-none-eabi/7.3.1/thumb/v7e-m/fpv4-sp/hard/crtbegin.o
 *(.init)
 .init          0x000000000800c660        0x4 c:/st/stm32cubeide_1.4.0/stm32cubeide/plugins/com.st.stm32cube.ide.mcu.externaltools.gnu-tools-for-stm32.7-2018-q2-update.win32_1.4.0.202007081208/tools/bin/../lib/gcc/arm-none-eabi/7.3.1/thumb/v7e-m/fpv4-sp/hard/crti.o
                0x000000000800c660                _init
 .init          0x000000000800c664        0x8 c:/st/stm32cubeide_1.4.0/stm32cubeide/plugins/com.st.stm32cube.ide.mcu.externaltools.gnu-tools-for-stm32.7-2018-q2-update.win32_1.4.0.202007081208/tools/bin/../lib/gcc/arm-none-eabi/7.3.1/thumb/v7e-m/fpv4-sp/hard/crtn.o
 *(.fini)
 .fini          0x000000000800c66c        0x4 c:/st/stm32cubeide_1.4.0/stm32cubeide/plugins/com.st.stm32cube.ide.mcu.externaltools.gnu-tools-for-stm32.7-2018-q2-update.win32_1.4.0.202007081208/tools/bin/../lib/gcc/arm-none-eabi/7.3.1/thumb/v7e-m/fpv4-sp/hard/crti.o
                0x000000000800c66c                _fini
 .fini          0x000000000800c670        0x8 c:/st/stm32cubeide_1.4.0/stm32cubeide/plugins/com.st.stm32cube.ide.mcu.externaltools.gnu-tools-for-stm32.7-2018-q2-update.win32_1.4.0.202007081208/tools/bin/../lib/gcc/arm-none-eabi/7.3.1/thumb/v7e-m/fpv4-sp/hard/crtn.o
                0x000000000800c678                . = ALIGN (0x4)
                0x000000000800c678                _etext = .

.vfp11_veneer   0x000000000800c678        0x0
 .vfp11_veneer  0x000000000800c678        0x0 linker stubs

.v4_bx          0x000000000800c678        0x0
 .v4_bx         0x000000000800c678        0x0 linker stubs

.iplt           0x000000000800c678        0x0
 .iplt          0x000000000800c678        0x0 c:/st/stm32cubeide_1.4.0/stm32cubeide/plugins/com.st.stm32cube.ide.mcu.externaltools.gnu-tools-for-stm32.7-2018-q2-update.win32_1.4.0.202007081208/tools/bin/../lib/gcc/arm-none-eabi/7.3.1/thumb/v7e-m/fpv4-sp/hard/crtbegin.o

.rodata         0x000000000800c678       0xc8
                0x000000000800c678                . = ALIGN (0x4)
 *(.rodata)
 .rodata        0x000000000800c678       0x46 USB_DEVICE/App/usbd_desc.o
 *(.rodata*)
 *fill*         0x000000000800c6be        0x2 
 .rodata.AHBPrescTable
                0x000000000800c6c0       0x10 Core/Src/system_stm32f3xx.o
                0x000000000800c6c0                AHBPrescTable
 .rodata.aPLLMULFactorTable
                0x000000000800c6d0       0x10 Drivers/STM32F3xx_HAL_Driver/Src/stm32f3xx_hal_rcc.o
                0x000000000800c6d0                aPLLMULFactorTable
 .rodata.aPredivFactorTable
                0x000000000800c6e0       0x10 Drivers/STM32F3xx_HAL_Driver/Src/stm32f3xx_hal_rcc.o
                0x000000000800c6e0                aPredivFactorTable
 .rodata.asin.str1.1
                0x000000000800c6f0        0x5 c:/st/stm32cubeide_1.4.0/stm32cubeide/plugins/com.st.stm32cube.ide.mcu.externaltools.gnu-tools-for-stm32.7-2018-q2-update.win32_1.4.0.202007081208/tools/bin/../lib/gcc/arm-none-eabi/7.3.1/../../../../arm-none-eabi/lib/thumb/v7e-m/fpv4-sp/hard\libm.a(lib_a-w_asin.o)
                                          0x6 (size before relaxing)
 .rodata.sqrt.str1.1
                0x000000000800c6f5        0x5 c:/st/stm32cubeide_1.4.0/stm32cubeide/plugins/com.st.stm32cube.ide.mcu.externaltools.gnu-tools-for-stm32.7-2018-q2-update.win32_1.4.0.202007081208/tools/bin/../lib/gcc/arm-none-eabi/7.3.1/../../../../arm-none-eabi/lib/thumb/v7e-m/fpv4-sp/hard\libm.a(lib_a-w_sqrt.o)
 *fill*         0x000000000800c6fa        0x6 
 .rodata.atanhi
                0x000000000800c700       0x20 c:/st/stm32cubeide_1.4.0/stm32cubeide/plugins/com.st.stm32cube.ide.mcu.externaltools.gnu-tools-for-stm32.7-2018-q2-update.win32_1.4.0.202007081208/tools/bin/../lib/gcc/arm-none-eabi/7.3.1/../../../../arm-none-eabi/lib/thumb/v7e-m/fpv4-sp/hard\libm.a(lib_a-s_atan.o)
 .rodata.atanlo
                0x000000000800c720       0x20 c:/st/stm32cubeide_1.4.0/stm32cubeide/plugins/com.st.stm32cube.ide.mcu.externaltools.gnu-tools-for-stm32.7-2018-q2-update.win32_1.4.0.202007081208/tools/bin/../lib/gcc/arm-none-eabi/7.3.1/../../../../arm-none-eabi/lib/thumb/v7e-m/fpv4-sp/hard\libm.a(lib_a-s_atan.o)
                0x000000000800c740                . = ALIGN (0x4)

.rel.dyn        0x000000000800c740        0x0
 .rel.iplt      0x000000000800c740        0x0 c:/st/stm32cubeide_1.4.0/stm32cubeide/plugins/com.st.stm32cube.ide.mcu.externaltools.gnu-tools-for-stm32.7-2018-q2-update.win32_1.4.0.202007081208/tools/bin/../lib/gcc/arm-none-eabi/7.3.1/thumb/v7e-m/fpv4-sp/hard/crtbegin.o

.ARM.extab      0x000000000800c740        0x0
                0x000000000800c740                . = ALIGN (0x4)
 *(.ARM.extab* .gnu.linkonce.armextab.*)
                0x000000000800c740                . = ALIGN (0x4)

.ARM            0x000000000800c740        0x0
                0x000000000800c740                . = ALIGN (0x4)
                0x000000000800c740                __exidx_start = .
 *(.ARM.exidx*)
                0x000000000800c740                __exidx_end = .
                0x000000000800c740                . = ALIGN (0x4)

.preinit_array  0x000000000800c740        0x0
                0x000000000800c740                . = ALIGN (0x4)
                0x000000000800c740                PROVIDE (__preinit_array_start = .)
 *(.preinit_array*)
                0x000000000800c740                PROVIDE (__preinit_array_end = .)
                0x000000000800c740                . = ALIGN (0x4)

.init_array     0x000000000800c740        0x4
                0x000000000800c740                . = ALIGN (0x4)
                0x000000000800c740                PROVIDE (__init_array_start = .)
 *(SORT_BY_NAME(.init_array.*))
 *(.init_array*)
 .init_array    0x000000000800c740        0x4 c:/st/stm32cubeide_1.4.0/stm32cubeide/plugins/com.st.stm32cube.ide.mcu.externaltools.gnu-tools-for-stm32.7-2018-q2-update.win32_1.4.0.202007081208/tools/bin/../lib/gcc/arm-none-eabi/7.3.1/thumb/v7e-m/fpv4-sp/hard/crtbegin.o
                0x000000000800c744                PROVIDE (__init_array_end = .)
                0x000000000800c744                . = ALIGN (0x4)

.fini_array     0x000000000800c744        0x4
                0x000000000800c744                . = ALIGN (0x4)
                [!provide]                        PROVIDE (__fini_array_start = .)
 *(SORT_BY_NAME(.fini_array.*))
 *(.fini_array*)
 .fini_array    0x000000000800c744        0x4 c:/st/stm32cubeide_1.4.0/stm32cubeide/plugins/com.st.stm32cube.ide.mcu.externaltools.gnu-tools-for-stm32.7-2018-q2-update.win32_1.4.0.202007081208/tools/bin/../lib/gcc/arm-none-eabi/7.3.1/thumb/v7e-m/fpv4-sp/hard/crtbegin.o
                [!provide]                        PROVIDE (__fini_array_end = .)
                0x000000000800c748                . = ALIGN (0x4)
                0x000000000800c748                _sidata = LOADADDR (.data)

.data           0x0000000020000000      0x1f0 load address 0x000000000800c748
                0x0000000020000000                . = ALIGN (0x4)
                0x0000000020000000                _sdata = .
 *(.data)
 *(.data*)
 .data.beta     0x0000000020000000        0x4 Core/Src/MadgwickAHRS.o
                0x0000000020000000                beta
 .data.q0       0x0000000020000004        0x4 Core/Src/MadgwickAHRS.o
                0x0000000020000004                q0
 .data.isr_acc  0x0000000020000008        0x1 Core/Src/main.o
                0x0000000020000008                isr_acc
 .data.isr_gyr  0x0000000020000009        0x1 Core/Src/main.o
                0x0000000020000009                isr_gyr
 .data.isr_mag  0x000000002000000a        0x1 Core/Src/main.o
                0x000000002000000a                isr_mag
 *fill*         0x000000002000000b        0x1 
 .data.SystemCoreClock
                0x000000002000000c        0x4 Core/Src/system_stm32f3xx.o
                0x000000002000000c                SystemCoreClock
 .data.uwTickPrio
                0x0000000020000010        0x4 Drivers/STM32F3xx_HAL_Driver/Src/stm32f3xx_hal.o
                0x0000000020000010                uwTickPrio
 .data.uwTickFreq
                0x0000000020000014        0x1 Drivers/STM32F3xx_HAL_Driver/Src/stm32f3xx_hal.o
                0x0000000020000014                uwTickFreq
 *fill*         0x0000000020000015        0x3 
 .data.USBD_CDC_DeviceQualifierDesc
                0x0000000020000018        0xa Middlewares/ST/STM32_USB_Device_Library/Class/CDC/Src/usbd_cdc.o
 *fill*         0x0000000020000022        0x2 
 .data.USBD_CDC
                0x0000000020000024       0x38 Middlewares/ST/STM32_USB_Device_Library/Class/CDC/Src/usbd_cdc.o
                0x0000000020000024                USBD_CDC
 .data.USBD_CDC_CfgHSDesc
                0x000000002000005c       0x43 Middlewares/ST/STM32_USB_Device_Library/Class/CDC/Src/usbd_cdc.o
                0x000000002000005c                USBD_CDC_CfgHSDesc
 *fill*         0x000000002000009f        0x1 
 .data.USBD_CDC_CfgFSDesc
                0x00000000200000a0       0x43 Middlewares/ST/STM32_USB_Device_Library/Class/CDC/Src/usbd_cdc.o
                0x00000000200000a0                USBD_CDC_CfgFSDesc
 *fill*         0x00000000200000e3        0x1 
 .data.USBD_CDC_OtherSpeedCfgDesc
                0x00000000200000e4       0x43 Middlewares/ST/STM32_USB_Device_Library/Class/CDC/Src/usbd_cdc.o
                0x00000000200000e4                USBD_CDC_OtherSpeedCfgDesc
 *fill*         0x0000000020000127        0x1 
 .data.USBD_Interface_fops_FS
                0x0000000020000128       0x10 USB_DEVICE/App/usbd_cdc_if.o
                0x0000000020000128                USBD_Interface_fops_FS
 .data.FS_Desc  0x0000000020000138       0x1c USB_DEVICE/App/usbd_desc.o
                0x0000000020000138                FS_Desc
 .data.USBD_FS_DeviceDesc
                0x0000000020000154       0x12 USB_DEVICE/App/usbd_desc.o
                0x0000000020000154                USBD_FS_DeviceDesc
 *fill*         0x0000000020000166        0x2 
 .data.USBD_LangIDDesc
                0x0000000020000168        0x4 USB_DEVICE/App/usbd_desc.o
                0x0000000020000168                USBD_LangIDDesc
 .data.USBD_StringSerial
                0x000000002000016c       0x1a USB_DEVICE/App/usbd_desc.o
                0x000000002000016c                USBD_StringSerial
 *fill*         0x0000000020000186        0x2 
 .data._impure_ptr
                0x0000000020000188        0x4 c:/st/stm32cubeide_1.4.0/stm32cubeide/plugins/com.st.stm32cube.ide.mcu.externaltools.gnu-tools-for-stm32.7-2018-q2-update.win32_1.4.0.202007081208/tools/bin/../lib/gcc/arm-none-eabi/7.3.1/../../../../arm-none-eabi/lib/thumb/v7e-m/fpv4-sp/hard\libc_nano.a(lib_a-impure.o)
                0x0000000020000188                _impure_ptr
 .data.impure_data
                0x000000002000018c       0x60 c:/st/stm32cubeide_1.4.0/stm32cubeide/plugins/com.st.stm32cube.ide.mcu.externaltools.gnu-tools-for-stm32.7-2018-q2-update.win32_1.4.0.202007081208/tools/bin/../lib/gcc/arm-none-eabi/7.3.1/../../../../arm-none-eabi/lib/thumb/v7e-m/fpv4-sp/hard\libc_nano.a(lib_a-impure.o)
 .data.__fdlib_version
                0x00000000200001ec        0x1 c:/st/stm32cubeide_1.4.0/stm32cubeide/plugins/com.st.stm32cube.ide.mcu.externaltools.gnu-tools-for-stm32.7-2018-q2-update.win32_1.4.0.202007081208/tools/bin/../lib/gcc/arm-none-eabi/7.3.1/../../../../arm-none-eabi/lib/thumb/v7e-m/fpv4-sp/hard\libm.a(lib_a-s_lib_ver.o)
                0x00000000200001ec                __fdlib_version
                0x00000000200001f0                . = ALIGN (0x4)
 *fill*         0x00000000200001ed        0x3 
                0x00000000200001f0                _edata = .

.igot.plt       0x00000000200001f0        0x0 load address 0x000000000800c938
 .igot.plt      0x00000000200001f0        0x0 c:/st/stm32cubeide_1.4.0/stm32cubeide/plugins/com.st.stm32cube.ide.mcu.externaltools.gnu-tools-for-stm32.7-2018-q2-update.win32_1.4.0.202007081208/tools/bin/../lib/gcc/arm-none-eabi/7.3.1/thumb/v7e-m/fpv4-sp/hard/crtbegin.o
                0x00000000200001f0                . = ALIGN (0x4)

.bss            0x00000000200001f0     0x1280 load address 0x000000000800c938
                0x00000000200001f0                _sbss = .
                0x00000000200001f0                __bss_start__ = _sbss
 *(.bss)
 .bss           0x00000000200001f0       0x1c c:/st/stm32cubeide_1.4.0/stm32cubeide/plugins/com.st.stm32cube.ide.mcu.externaltools.gnu-tools-for-stm32.7-2018-q2-update.win32_1.4.0.202007081208/tools/bin/../lib/gcc/arm-none-eabi/7.3.1/thumb/v7e-m/fpv4-sp/hard/crtbegin.o
 *(.bss*)
 .bss.q1        0x000000002000020c        0x4 Core/Src/MadgwickAHRS.o
                0x000000002000020c                q1
 .bss.q2        0x0000000020000210        0x4 Core/Src/MadgwickAHRS.o
                0x0000000020000210                q2
 .bss.q3        0x0000000020000214        0x4 Core/Src/MadgwickAHRS.o
                0x0000000020000214                q3
 .bss.cfgidx.9780
                0x0000000020000218        0x1 Middlewares/ST/STM32_USB_Device_Library/Core/Src/usbd_ctlreq.o
 *fill*         0x0000000020000219        0x3 
 .bss.mem.9850  0x000000002000021c      0x220 USB_DEVICE/Target/usbd_conf.o
 *(COMMON)
 COMMON         0x000000002000043c       0xb0 Core/Src/main.o
                0x000000002000043c                hi2c1
                0x0000000020000488                hspi1
 COMMON         0x00000000200004ec        0x4 Drivers/STM32F3xx_HAL_Driver/Src/stm32f3xx_hal.o
                0x00000000200004ec                uwTick
 COMMON         0x00000000200004f0      0x2c4 USB_DEVICE/App/usb_device.o
                0x00000000200004f0                hUsbDeviceFS
 COMMON         0x00000000200007b4      0x7d0 USB_DEVICE/App/usbd_cdc_if.o
                0x00000000200007b4                UserRxBufferFS
                0x0000000020000b9c                UserTxBufferFS
 COMMON         0x0000000020000f84      0x200 USB_DEVICE/App/usbd_desc.o
                0x0000000020000f84                USBD_StrDesc
 COMMON         0x0000000020001184      0x2ec USB_DEVICE/Target/usbd_conf.o
                0x0000000020001184                hpcd_USB_FS
                0x0000000020001470                . = ALIGN (0x4)
                0x0000000020001470                _ebss = .
                0x0000000020001470                __bss_end__ = _ebss

._user_heap_stack
                0x0000000020001470      0x600 load address 0x000000000800c938
                0x0000000020001470                . = ALIGN (0x8)
                [!provide]                        PROVIDE (end = .)
                0x0000000020001470                PROVIDE (_end = .)
                0x0000000020001670                . = (. + _Min_Heap_Size)
 *fill*         0x0000000020001470      0x200 
                0x0000000020001a70                . = (. + _Min_Stack_Size)
 *fill*         0x0000000020001670      0x400 
                0x0000000020001a70                . = ALIGN (0x8)

/DISCARD/
 libc.a(*)
 libm.a(*)
 libgcc.a(*)

.ARM.attributes
                0x0000000000000000       0x30
 *(.ARM.attributes)
 .ARM.attributes
                0x0000000000000000       0x22 c:/st/stm32cubeide_1.4.0/stm32cubeide/plugins/com.st.stm32cube.ide.mcu.externaltools.gnu-tools-for-stm32.7-2018-q2-update.win32_1.4.0.202007081208/tools/bin/../lib/gcc/arm-none-eabi/7.3.1/thumb/v7e-m/fpv4-sp/hard/crti.o
 .ARM.attributes
                0x0000000000000022       0x34 c:/st/stm32cubeide_1.4.0/stm32cubeide/plugins/com.st.stm32cube.ide.mcu.externaltools.gnu-tools-for-stm32.7-2018-q2-update.win32_1.4.0.202007081208/tools/bin/../lib/gcc/arm-none-eabi/7.3.1/thumb/v7e-m/fpv4-sp/hard/crtbegin.o
 .ARM.attributes
                0x0000000000000056       0x39 Core/Src/MadgwickAHRS.o
 .ARM.attributes
                0x000000000000008f       0x39 Core/Src/main.o
 .ARM.attributes
                0x00000000000000c8       0x39 Core/Src/stm32f3xx_hal_msp.o
 .ARM.attributes
                0x0000000000000101       0x39 Core/Src/stm32f3xx_it.o
 .ARM.attributes
                0x000000000000013a       0x39 Core/Src/system_stm32f3xx.o
 .ARM.attributes
                0x0000000000000173       0x21 Core/Startup/startup_stm32f303vctx.o
 .ARM.attributes
                0x0000000000000194       0x39 Drivers/STM32F3xx_HAL_Driver/Src/stm32f3xx_hal.o
 .ARM.attributes
                0x00000000000001cd       0x39 Drivers/STM32F3xx_HAL_Driver/Src/stm32f3xx_hal_cortex.o
 .ARM.attributes
                0x0000000000000206       0x39 Drivers/STM32F3xx_HAL_Driver/Src/stm32f3xx_hal_gpio.o
 .ARM.attributes
                0x000000000000023f       0x39 Drivers/STM32F3xx_HAL_Driver/Src/stm32f3xx_hal_i2c.o
 .ARM.attributes
                0x0000000000000278       0x39 Drivers/STM32F3xx_HAL_Driver/Src/stm32f3xx_hal_i2c_ex.o
 .ARM.attributes
                0x00000000000002b1       0x39 Drivers/STM32F3xx_HAL_Driver/Src/stm32f3xx_hal_pcd.o
 .ARM.attributes
                0x00000000000002ea       0x39 Drivers/STM32F3xx_HAL_Driver/Src/stm32f3xx_hal_pcd_ex.o
 .ARM.attributes
                0x0000000000000323       0x39 Drivers/STM32F3xx_HAL_Driver/Src/stm32f3xx_hal_rcc.o
 .ARM.attributes
                0x000000000000035c       0x39 Drivers/STM32F3xx_HAL_Driver/Src/stm32f3xx_hal_rcc_ex.o
 .ARM.attributes
                0x0000000000000395       0x39 Drivers/STM32F3xx_HAL_Driver/Src/stm32f3xx_hal_spi.o
 .ARM.attributes
                0x00000000000003ce       0x39 Drivers/STM32F3xx_HAL_Driver/Src/stm32f3xx_ll_usb.o
 .ARM.attributes
                0x0000000000000407       0x39 Middlewares/ST/STM32_USB_Device_Library/Class/CDC/Src/usbd_cdc.o
 .ARM.attributes
                0x0000000000000440       0x39 Middlewares/ST/STM32_USB_Device_Library/Core/Src/usbd_core.o
 .ARM.attributes
                0x0000000000000479       0x39 Middlewares/ST/STM32_USB_Device_Library/Core/Src/usbd_ctlreq.o
 .ARM.attributes
                0x00000000000004b2       0x39 Middlewares/ST/STM32_USB_Device_Library/Core/Src/usbd_ioreq.o
 .ARM.attributes
                0x00000000000004eb       0x39 USB_DEVICE/App/usb_device.o
 .ARM.attributes
                0x0000000000000524       0x39 USB_DEVICE/App/usbd_cdc_if.o
 .ARM.attributes
                0x000000000000055d       0x39 USB_DEVICE/App/usbd_desc.o
 .ARM.attributes
                0x0000000000000596       0x39 USB_DEVICE/Target/usbd_conf.o
 .ARM.attributes
                0x00000000000005cf       0x34 c:/st/stm32cubeide_1.4.0/stm32cubeide/plugins/com.st.stm32cube.ide.mcu.externaltools.gnu-tools-for-stm32.7-2018-q2-update.win32_1.4.0.202007081208/tools/bin/../lib/gcc/arm-none-eabi/7.3.1/../../../../arm-none-eabi/lib/thumb/v7e-m/fpv4-sp/hard\libc_nano.a(lib_a-errno.o)
 .ARM.attributes
                0x0000000000000603       0x34 c:/st/stm32cubeide_1.4.0/stm32cubeide/plugins/com.st.stm32cube.ide.mcu.externaltools.gnu-tools-for-stm32.7-2018-q2-update.win32_1.4.0.202007081208/tools/bin/../lib/gcc/arm-none-eabi/7.3.1/../../../../arm-none-eabi/lib/thumb/v7e-m/fpv4-sp/hard\libc_nano.a(lib_a-impure.o)
 .ARM.attributes
                0x0000000000000637       0x34 c:/st/stm32cubeide_1.4.0/stm32cubeide/plugins/com.st.stm32cube.ide.mcu.externaltools.gnu-tools-for-stm32.7-2018-q2-update.win32_1.4.0.202007081208/tools/bin/../lib/gcc/arm-none-eabi/7.3.1/../../../../arm-none-eabi/lib/thumb/v7e-m/fpv4-sp/hard\libc_nano.a(lib_a-init.o)
 .ARM.attributes
                0x000000000000066b       0x34 c:/st/stm32cubeide_1.4.0/stm32cubeide/plugins/com.st.stm32cube.ide.mcu.externaltools.gnu-tools-for-stm32.7-2018-q2-update.win32_1.4.0.202007081208/tools/bin/../lib/gcc/arm-none-eabi/7.3.1/../../../../arm-none-eabi/lib/thumb/v7e-m/fpv4-sp/hard\libc_nano.a(lib_a-memset.o)
 .ARM.attributes
                0x000000000000069f       0x34 c:/st/stm32cubeide_1.4.0/stm32cubeide/plugins/com.st.stm32cube.ide.mcu.externaltools.gnu-tools-for-stm32.7-2018-q2-update.win32_1.4.0.202007081208/tools/bin/../lib/gcc/arm-none-eabi/7.3.1/../../../../arm-none-eabi/lib/thumb/v7e-m/fpv4-sp/hard\libm.a(lib_a-w_asin.o)
 .ARM.attributes
                0x00000000000006d3       0x34 c:/st/stm32cubeide_1.4.0/stm32cubeide/plugins/com.st.stm32cube.ide.mcu.externaltools.gnu-tools-for-stm32.7-2018-q2-update.win32_1.4.0.202007081208/tools/bin/../lib/gcc/arm-none-eabi/7.3.1/../../../../arm-none-eabi/lib/thumb/v7e-m/fpv4-sp/hard\libm.a(lib_a-w_atan2.o)
 .ARM.attributes
                0x0000000000000707       0x34 c:/st/stm32cubeide_1.4.0/stm32cubeide/plugins/com.st.stm32cube.ide.mcu.externaltools.gnu-tools-for-stm32.7-2018-q2-update.win32_1.4.0.202007081208/tools/bin/../lib/gcc/arm-none-eabi/7.3.1/../../../../arm-none-eabi/lib/thumb/v7e-m/fpv4-sp/hard\libm.a(lib_a-w_sqrt.o)
 .ARM.attributes
                0x000000000000073b       0x34 c:/st/stm32cubeide_1.4.0/stm32cubeide/plugins/com.st.stm32cube.ide.mcu.externaltools.gnu-tools-for-stm32.7-2018-q2-update.win32_1.4.0.202007081208/tools/bin/../lib/gcc/arm-none-eabi/7.3.1/../../../../arm-none-eabi/lib/thumb/v7e-m/fpv4-sp/hard\libm.a(lib_a-e_asin.o)
 .ARM.attributes
                0x000000000000076f       0x34 c:/st/stm32cubeide_1.4.0/stm32cubeide/plugins/com.st.stm32cube.ide.mcu.externaltools.gnu-tools-for-stm32.7-2018-q2-update.win32_1.4.0.202007081208/tools/bin/../lib/gcc/arm-none-eabi/7.3.1/../../../../arm-none-eabi/lib/thumb/v7e-m/fpv4-sp/hard\libm.a(lib_a-e_atan2.o)
 .ARM.attributes
                0x00000000000007a3       0x34 c:/st/stm32cubeide_1.4.0/stm32cubeide/plugins/com.st.stm32cube.ide.mcu.externaltools.gnu-tools-for-stm32.7-2018-q2-update.win32_1.4.0.202007081208/tools/bin/../lib/gcc/arm-none-eabi/7.3.1/../../../../arm-none-eabi/lib/thumb/v7e-m/fpv4-sp/hard\libm.a(lib_a-e_sqrt.o)
 .ARM.attributes
                0x00000000000007d7       0x34 c:/st/stm32cubeide_1.4.0/stm32cubeide/plugins/com.st.stm32cube.ide.mcu.externaltools.gnu-tools-for-stm32.7-2018-q2-update.win32_1.4.0.202007081208/tools/bin/../lib/gcc/arm-none-eabi/7.3.1/../../../../arm-none-eabi/lib/thumb/v7e-m/fpv4-sp/hard\libm.a(lib_a-s_atan.o)
 .ARM.attributes
                0x000000000000080b       0x34 c:/st/stm32cubeide_1.4.0/stm32cubeide/plugins/com.st.stm32cube.ide.mcu.externaltools.gnu-tools-for-stm32.7-2018-q2-update.win32_1.4.0.202007081208/tools/bin/../lib/gcc/arm-none-eabi/7.3.1/../../../../arm-none-eabi/lib/thumb/v7e-m/fpv4-sp/hard\libm.a(lib_a-s_fabs.o)
 .ARM.attributes
                0x000000000000083f       0x34 c:/st/stm32cubeide_1.4.0/stm32cubeide/plugins/com.st.stm32cube.ide.mcu.externaltools.gnu-tools-for-stm32.7-2018-q2-update.win32_1.4.0.202007081208/tools/bin/../lib/gcc/arm-none-eabi/7.3.1/../../../../arm-none-eabi/lib/thumb/v7e-m/fpv4-sp/hard\libm.a(lib_a-s_lib_ver.o)
 .ARM.attributes
                0x0000000000000873       0x34 c:/st/stm32cubeide_1.4.0/stm32cubeide/plugins/com.st.stm32cube.ide.mcu.externaltools.gnu-tools-for-stm32.7-2018-q2-update.win32_1.4.0.202007081208/tools/bin/../lib/gcc/arm-none-eabi/7.3.1/../../../../arm-none-eabi/lib/thumb/v7e-m/fpv4-sp/hard\libm.a(lib_a-s_matherr.o)
 .ARM.attributes
                0x00000000000008a7       0x34 c:/st/stm32cubeide_1.4.0/stm32cubeide/plugins/com.st.stm32cube.ide.mcu.externaltools.gnu-tools-for-stm32.7-2018-q2-update.win32_1.4.0.202007081208/tools/bin/../lib/gcc/arm-none-eabi/7.3.1/../../../../arm-none-eabi/lib/thumb/v7e-m/fpv4-sp/hard\libm.a(lib_a-s_nan.o)
 .ARM.attributes
                0x00000000000008db       0x22 c:/st/stm32cubeide_1.4.0/stm32cubeide/plugins/com.st.stm32cube.ide.mcu.externaltools.gnu-tools-for-stm32.7-2018-q2-update.win32_1.4.0.202007081208/tools/bin/../lib/gcc/arm-none-eabi/7.3.1/thumb/v7e-m/fpv4-sp/hard\libgcc.a(_arm_addsubdf3.o)
 .ARM.attributes
                0x00000000000008fd       0x22 c:/st/stm32cubeide_1.4.0/stm32cubeide/plugins/com.st.stm32cube.ide.mcu.externaltools.gnu-tools-for-stm32.7-2018-q2-update.win32_1.4.0.202007081208/tools/bin/../lib/gcc/arm-none-eabi/7.3.1/thumb/v7e-m/fpv4-sp/hard\libgcc.a(_arm_muldivdf3.o)
 .ARM.attributes
                0x000000000000091f       0x22 c:/st/stm32cubeide_1.4.0/stm32cubeide/plugins/com.st.stm32cube.ide.mcu.externaltools.gnu-tools-for-stm32.7-2018-q2-update.win32_1.4.0.202007081208/tools/bin/../lib/gcc/arm-none-eabi/7.3.1/thumb/v7e-m/fpv4-sp/hard\libgcc.a(_arm_cmpdf2.o)
 .ARM.attributes
                0x0000000000000941       0x22 c:/st/stm32cubeide_1.4.0/stm32cubeide/plugins/com.st.stm32cube.ide.mcu.externaltools.gnu-tools-for-stm32.7-2018-q2-update.win32_1.4.0.202007081208/tools/bin/../lib/gcc/arm-none-eabi/7.3.1/thumb/v7e-m/fpv4-sp/hard\libgcc.a(_arm_unorddf2.o)
 .ARM.attributes
                0x0000000000000963       0x22 c:/st/stm32cubeide_1.4.0/stm32cubeide/plugins/com.st.stm32cube.ide.mcu.externaltools.gnu-tools-for-stm32.7-2018-q2-update.win32_1.4.0.202007081208/tools/bin/../lib/gcc/arm-none-eabi/7.3.1/thumb/v7e-m/fpv4-sp/hard\libgcc.a(_arm_truncdfsf2.o)
 .ARM.attributes
                0x0000000000000985       0x22 c:/st/stm32cubeide_1.4.0/stm32cubeide/plugins/com.st.stm32cube.ide.mcu.externaltools.gnu-tools-for-stm32.7-2018-q2-update.win32_1.4.0.202007081208/tools/bin/../lib/gcc/arm-none-eabi/7.3.1/thumb/v7e-m/fpv4-sp/hard/crtn.o
OUTPUT(naloga_imu.elf elf32-littlearm)

.debug_info     0x0000000000000000    0x18349
 .debug_info    0x0000000000000000      0xdc0 Core/Src/MadgwickAHRS.o
 .debug_info    0x0000000000000dc0     0x1e9b Core/Src/main.o
 .debug_info    0x0000000000002c5b      0xc14 Core/Src/stm32f3xx_hal_msp.o
 .debug_info    0x000000000000386f      0x69c Core/Src/stm32f3xx_it.o
 .debug_info    0x0000000000003f0b      0x45c Core/Src/system_stm32f3xx.o
 .debug_info    0x0000000000004367       0x22 Core/Startup/startup_stm32f303vctx.o
 .debug_info    0x0000000000004389      0x7e2 Drivers/STM32F3xx_HAL_Driver/Src/stm32f3xx_hal.o
 .debug_info    0x0000000000004b6b      0xd99 Drivers/STM32F3xx_HAL_Driver/Src/stm32f3xx_hal_cortex.o
 .debug_info    0x0000000000005904      0x70b Drivers/STM32F3xx_HAL_Driver/Src/stm32f3xx_hal_gpio.o
 .debug_info    0x000000000000600f     0x1fe5 Drivers/STM32F3xx_HAL_Driver/Src/stm32f3xx_hal_i2c.o
 .debug_info    0x0000000000007ff4      0x8de Drivers/STM32F3xx_HAL_Driver/Src/stm32f3xx_hal_i2c_ex.o
 .debug_info    0x00000000000088d2     0x124b Drivers/STM32F3xx_HAL_Driver/Src/stm32f3xx_hal_pcd.o
 .debug_info    0x0000000000009b1d      0x77b Drivers/STM32F3xx_HAL_Driver/Src/stm32f3xx_hal_pcd_ex.o
 .debug_info    0x000000000000a298     0x180f Drivers/STM32F3xx_HAL_Driver/Src/stm32f3xx_hal_rcc.o
 .debug_info    0x000000000000baa7      0x6ad Drivers/STM32F3xx_HAL_Driver/Src/stm32f3xx_hal_rcc_ex.o
 .debug_info    0x000000000000c154     0x167f Drivers/STM32F3xx_HAL_Driver/Src/stm32f3xx_hal_spi.o
 .debug_info    0x000000000000d7d3     0x161e Drivers/STM32F3xx_HAL_Driver/Src/stm32f3xx_ll_usb.o
 .debug_info    0x000000000000edf1     0x17ac Middlewares/ST/STM32_USB_Device_Library/Class/CDC/Src/usbd_cdc.o
 .debug_info    0x000000000001059d     0x11d5 Middlewares/ST/STM32_USB_Device_Library/Core/Src/usbd_core.o
 .debug_info    0x0000000000011772     0x1145 Middlewares/ST/STM32_USB_Device_Library/Core/Src/usbd_ctlreq.o
 .debug_info    0x00000000000128b7      0xf36 Middlewares/ST/STM32_USB_Device_Library/Core/Src/usbd_ioreq.o
 .debug_info    0x00000000000137ed      0xe7e USB_DEVICE/App/usb_device.o
 .debug_info    0x000000000001466b     0x1039 USB_DEVICE/App/usbd_cdc_if.o
 .debug_info    0x00000000000156a4      0xd1a USB_DEVICE/App/usbd_desc.o
 .debug_info    0x00000000000163be     0x1f8b USB_DEVICE/Target/usbd_conf.o

.debug_abbrev   0x0000000000000000     0x342b
 .debug_abbrev  0x0000000000000000      0x221 Core/Src/MadgwickAHRS.o
 .debug_abbrev  0x0000000000000221      0x31d Core/Src/main.o
 .debug_abbrev  0x000000000000053e      0x197 Core/Src/stm32f3xx_hal_msp.o
 .debug_abbrev  0x00000000000006d5      0x155 Core/Src/stm32f3xx_it.o
 .debug_abbrev  0x000000000000082a      0x12b Core/Src/system_stm32f3xx.o
 .debug_abbrev  0x0000000000000955       0x12 Core/Startup/startup_stm32f303vctx.o
 .debug_abbrev  0x0000000000000967      0x1c7 Drivers/STM32F3xx_HAL_Driver/Src/stm32f3xx_hal.o
 .debug_abbrev  0x0000000000000b2e      0x2fa Drivers/STM32F3xx_HAL_Driver/Src/stm32f3xx_hal_cortex.o
 .debug_abbrev  0x0000000000000e28      0x1c0 Drivers/STM32F3xx_HAL_Driver/Src/stm32f3xx_hal_gpio.o
 .debug_abbrev  0x0000000000000fe8      0x22a Drivers/STM32F3xx_HAL_Driver/Src/stm32f3xx_hal_i2c.o
 .debug_abbrev  0x0000000000001212      0x1b9 Drivers/STM32F3xx_HAL_Driver/Src/stm32f3xx_hal_i2c_ex.o
 .debug_abbrev  0x00000000000013cb      0x282 Drivers/STM32F3xx_HAL_Driver/Src/stm32f3xx_hal_pcd.o
 .debug_abbrev  0x000000000000164d      0x188 Drivers/STM32F3xx_HAL_Driver/Src/stm32f3xx_hal_pcd_ex.o
 .debug_abbrev  0x00000000000017d5      0x28c Drivers/STM32F3xx_HAL_Driver/Src/stm32f3xx_hal_rcc.o
 .debug_abbrev  0x0000000000001a61      0x219 Drivers/STM32F3xx_HAL_Driver/Src/stm32f3xx_hal_rcc_ex.o
 .debug_abbrev  0x0000000000001c7a      0x228 Drivers/STM32F3xx_HAL_Driver/Src/stm32f3xx_hal_spi.o
 .debug_abbrev  0x0000000000001ea2      0x22a Drivers/STM32F3xx_HAL_Driver/Src/stm32f3xx_ll_usb.o
 .debug_abbrev  0x00000000000020cc      0x2b6 Middlewares/ST/STM32_USB_Device_Library/Class/CDC/Src/usbd_cdc.o
 .debug_abbrev  0x0000000000002382      0x270 Middlewares/ST/STM32_USB_Device_Library/Core/Src/usbd_core.o
 .debug_abbrev  0x00000000000025f2      0x2a0 Middlewares/ST/STM32_USB_Device_Library/Core/Src/usbd_ctlreq.o
 .debug_abbrev  0x0000000000002892      0x1e0 Middlewares/ST/STM32_USB_Device_Library/Core/Src/usbd_ioreq.o
 .debug_abbrev  0x0000000000002a72      0x1be USB_DEVICE/App/usb_device.o
 .debug_abbrev  0x0000000000002c30      0x285 USB_DEVICE/App/usbd_cdc_if.o
 .debug_abbrev  0x0000000000002eb5      0x290 USB_DEVICE/App/usbd_desc.o
 .debug_abbrev  0x0000000000003145      0x2e6 USB_DEVICE/Target/usbd_conf.o

.debug_aranges  0x0000000000000000      0xf90
 .debug_aranges
                0x0000000000000000       0x30 Core/Src/MadgwickAHRS.o
 .debug_aranges
                0x0000000000000030       0x90 Core/Src/main.o
 .debug_aranges
                0x00000000000000c0       0x40 Core/Src/stm32f3xx_hal_msp.o
 .debug_aranges
                0x0000000000000100       0x68 Core/Src/stm32f3xx_it.o
 .debug_aranges
                0x0000000000000168       0x28 Core/Src/system_stm32f3xx.o
 .debug_aranges
                0x0000000000000190       0x28 Core/Startup/startup_stm32f303vctx.o
 .debug_aranges
                0x00000000000001b8       0xe0 Drivers/STM32F3xx_HAL_Driver/Src/stm32f3xx_hal.o
 .debug_aranges
                0x0000000000000298      0x118 Drivers/STM32F3xx_HAL_Driver/Src/stm32f3xx_hal_cortex.o
 .debug_aranges
                0x00000000000003b0       0x58 Drivers/STM32F3xx_HAL_Driver/Src/stm32f3xx_hal_gpio.o
 .debug_aranges
                0x0000000000000408      0x290 Drivers/STM32F3xx_HAL_Driver/Src/stm32f3xx_hal_i2c.o
 .debug_aranges
                0x0000000000000698       0x48 Drivers/STM32F3xx_HAL_Driver/Src/stm32f3xx_hal_i2c_ex.o
 .debug_aranges
                0x00000000000006e0      0x138 Drivers/STM32F3xx_HAL_Driver/Src/stm32f3xx_hal_pcd.o
 .debug_aranges
                0x0000000000000818       0x38 Drivers/STM32F3xx_HAL_Driver/Src/stm32f3xx_hal_pcd_ex.o
 .debug_aranges
                0x0000000000000850       0x88 Drivers/STM32F3xx_HAL_Driver/Src/stm32f3xx_hal_rcc.o
 .debug_aranges
                0x00000000000008d8       0x38 Drivers/STM32F3xx_HAL_Driver/Src/stm32f3xx_hal_rcc_ex.o
 .debug_aranges
                0x0000000000000910      0x1d8 Drivers/STM32F3xx_HAL_Driver/Src/stm32f3xx_hal_spi.o
 .debug_aranges
                0x0000000000000ae8       0xb0 Drivers/STM32F3xx_HAL_Driver/Src/stm32f3xx_ll_usb.o
 .debug_aranges
                0x0000000000000b98       0x90 Middlewares/ST/STM32_USB_Device_Library/Class/CDC/Src/usbd_cdc.o
 .debug_aranges
                0x0000000000000c28       0xb8 Middlewares/ST/STM32_USB_Device_Library/Core/Src/usbd_core.o
 .debug_aranges
                0x0000000000000ce0       0x88 Middlewares/ST/STM32_USB_Device_Library/Core/Src/usbd_ctlreq.o
 .debug_aranges
                0x0000000000000d68       0x50 Middlewares/ST/STM32_USB_Device_Library/Core/Src/usbd_ioreq.o
 .debug_aranges
                0x0000000000000db8       0x20 USB_DEVICE/App/usb_device.o
 .debug_aranges
                0x0000000000000dd8       0x40 USB_DEVICE/App/usbd_cdc_if.o
 .debug_aranges
                0x0000000000000e18       0x60 USB_DEVICE/App/usbd_desc.o
 .debug_aranges
                0x0000000000000e78      0x118 USB_DEVICE/Target/usbd_conf.o

.debug_ranges   0x0000000000000000      0xe08
 .debug_ranges  0x0000000000000000       0x20 Core/Src/MadgwickAHRS.o
 .debug_ranges  0x0000000000000020       0x80 Core/Src/main.o
 .debug_ranges  0x00000000000000a0       0x30 Core/Src/stm32f3xx_hal_msp.o
 .debug_ranges  0x00000000000000d0       0x58 Core/Src/stm32f3xx_it.o
 .debug_ranges  0x0000000000000128       0x18 Core/Src/system_stm32f3xx.o
 .debug_ranges  0x0000000000000140       0x20 Core/Startup/startup_stm32f303vctx.o
 .debug_ranges  0x0000000000000160       0xd0 Drivers/STM32F3xx_HAL_Driver/Src/stm32f3xx_hal.o
 .debug_ranges  0x0000000000000230      0x108 Drivers/STM32F3xx_HAL_Driver/Src/stm32f3xx_hal_cortex.o
 .debug_ranges  0x0000000000000338       0x48 Drivers/STM32F3xx_HAL_Driver/Src/stm32f3xx_hal_gpio.o
 .debug_ranges  0x0000000000000380      0x280 Drivers/STM32F3xx_HAL_Driver/Src/stm32f3xx_hal_i2c.o
 .debug_ranges  0x0000000000000600       0x38 Drivers/STM32F3xx_HAL_Driver/Src/stm32f3xx_hal_i2c_ex.o
 .debug_ranges  0x0000000000000638      0x128 Drivers/STM32F3xx_HAL_Driver/Src/stm32f3xx_hal_pcd.o
 .debug_ranges  0x0000000000000760       0x28 Drivers/STM32F3xx_HAL_Driver/Src/stm32f3xx_hal_pcd_ex.o
 .debug_ranges  0x0000000000000788       0x78 Drivers/STM32F3xx_HAL_Driver/Src/stm32f3xx_hal_rcc.o
 .debug_ranges  0x0000000000000800       0x28 Drivers/STM32F3xx_HAL_Driver/Src/stm32f3xx_hal_rcc_ex.o
 .debug_ranges  0x0000000000000828      0x1c8 Drivers/STM32F3xx_HAL_Driver/Src/stm32f3xx_hal_spi.o
 .debug_ranges  0x00000000000009f0       0xa0 Drivers/STM32F3xx_HAL_Driver/Src/stm32f3xx_ll_usb.o
 .debug_ranges  0x0000000000000a90       0x80 Middlewares/ST/STM32_USB_Device_Library/Class/CDC/Src/usbd_cdc.o
 .debug_ranges  0x0000000000000b10       0xa8 Middlewares/ST/STM32_USB_Device_Library/Core/Src/usbd_core.o
 .debug_ranges  0x0000000000000bb8       0x78 Middlewares/ST/STM32_USB_Device_Library/Core/Src/usbd_ctlreq.o
 .debug_ranges  0x0000000000000c30       0x40 Middlewares/ST/STM32_USB_Device_Library/Core/Src/usbd_ioreq.o
 .debug_ranges  0x0000000000000c70       0x10 USB_DEVICE/App/usb_device.o
 .debug_ranges  0x0000000000000c80       0x30 USB_DEVICE/App/usbd_cdc_if.o
 .debug_ranges  0x0000000000000cb0       0x50 USB_DEVICE/App/usbd_desc.o
 .debug_ranges  0x0000000000000d00      0x108 USB_DEVICE/Target/usbd_conf.o

.debug_macro    0x0000000000000000    0x20a7d
 .debug_macro   0x0000000000000000       0xeb Core/Src/MadgwickAHRS.o
 .debug_macro   0x00000000000000eb      0xa5a Core/Src/MadgwickAHRS.o
 .debug_macro   0x0000000000000b45       0x22 Core/Src/MadgwickAHRS.o
 .debug_macro   0x0000000000000b67       0x40 Core/Src/MadgwickAHRS.o
 .debug_macro   0x0000000000000ba7       0x18 Core/Src/MadgwickAHRS.o
 .debug_macro   0x0000000000000bbf       0x94 Core/Src/MadgwickAHRS.o
 .debug_macro   0x0000000000000c53       0x3c Core/Src/MadgwickAHRS.o
 .debug_macro   0x0000000000000c8f       0x34 Core/Src/MadgwickAHRS.o
 .debug_macro   0x0000000000000cc3      0x174 Core/Src/MadgwickAHRS.o
 .debug_macro   0x0000000000000e37       0x57 Core/Src/MadgwickAHRS.o
 .debug_macro   0x0000000000000e8e       0x52 Core/Src/MadgwickAHRS.o
 .debug_macro   0x0000000000000ee0       0x1f Core/Src/MadgwickAHRS.o
 .debug_macro   0x0000000000000eff       0x43 Core/Src/MadgwickAHRS.o
 .debug_macro   0x0000000000000f42       0x20 Core/Src/MadgwickAHRS.o
 .debug_macro   0x0000000000000f62      0x1a3 Core/Src/MadgwickAHRS.o
 .debug_macro   0x0000000000001105      0x330 Core/Src/MadgwickAHRS.o
 .debug_macro   0x0000000000001435      0x1e1 Core/Src/MadgwickAHRS.o
 .debug_macro   0x0000000000001616      0x483 Core/Src/main.o
 .debug_macro   0x0000000000001a99      0x157 Core/Src/main.o
 .debug_macro   0x0000000000001bf0       0x2e Core/Src/main.o
 .debug_macro   0x0000000000001c1e       0x28 Core/Src/main.o
 .debug_macro   0x0000000000001c46       0x8e Core/Src/main.o
 .debug_macro   0x0000000000001cd4       0x51 Core/Src/main.o
 .debug_macro   0x0000000000001d25       0xef Core/Src/main.o
 .debug_macro   0x0000000000001e14       0x6a Core/Src/main.o
 .debug_macro   0x0000000000001e7e      0x1df Core/Src/main.o
 .debug_macro   0x000000000000205d       0x1c Core/Src/main.o
 .debug_macro   0x0000000000002079       0x22 Core/Src/main.o
 .debug_macro   0x000000000000209b       0xdf Core/Src/main.o
 .debug_macro   0x000000000000217a     0x102d Core/Src/main.o
 .debug_macro   0x00000000000031a7      0x11f Core/Src/main.o
 .debug_macro   0x00000000000032c6    0x12a33 Core/Src/main.o
 .debug_macro   0x0000000000015cf9       0x43 Core/Src/main.o
 .debug_macro   0x0000000000015d3c     0x35e9 Core/Src/main.o
 .debug_macro   0x0000000000019325       0x55 Core/Src/main.o
 .debug_macro   0x000000000001937a      0x962 Core/Src/main.o
 .debug_macro   0x0000000000019cdc      0x5fe Core/Src/main.o
 .debug_macro   0x000000000001a2da      0x12f Core/Src/main.o
 .debug_macro   0x000000000001a409      0x1fb Core/Src/main.o
 .debug_macro   0x000000000001a604      0x1dc Core/Src/main.o
 .debug_macro   0x000000000001a7e0      0x1bc Core/Src/main.o
 .debug_macro   0x000000000001a99c       0x30 Core/Src/main.o
 .debug_macro   0x000000000001a9cc       0x3c Core/Src/main.o
 .debug_macro   0x000000000001aa08      0x236 Core/Src/main.o
 .debug_macro   0x000000000001ac3e       0xc5 Core/Src/main.o
 .debug_macro   0x000000000001ad03      0x21d Core/Src/main.o
 .debug_macro   0x000000000001af20      0x22c Core/Src/main.o
 .debug_macro   0x000000000001b14c       0x5b Core/Src/main.o
 .debug_macro   0x000000000001b1a7       0xa5 Core/Src/main.o
 .debug_macro   0x000000000001b24c       0x65 Core/Src/main.o
 .debug_macro   0x000000000001b2b1      0x249 Core/Src/main.o
 .debug_macro   0x000000000001b4fa       0x81 Core/Src/main.o
 .debug_macro   0x000000000001b57b       0xd3 Core/Src/main.o
 .debug_macro   0x000000000001b64e      0x2fe Core/Src/main.o
 .debug_macro   0x000000000001b94c      0x275 Core/Src/main.o
 .debug_macro   0x000000000001bbc1      0x160 Core/Src/main.o
 .debug_macro   0x000000000001bd21       0x46 Core/Src/main.o
 .debug_macro   0x000000000001bd67       0x16 Core/Src/main.o
 .debug_macro   0x000000000001bd7d       0x35 Core/Src/main.o
 .debug_macro   0x000000000001bdb2      0x32a Core/Src/main.o
 .debug_macro   0x000000000001c0dc       0x10 Core/Src/main.o
 .debug_macro   0x000000000001c0ec       0x10 Core/Src/main.o
 .debug_macro   0x000000000001c0fc       0x1c Core/Src/main.o
 .debug_macro   0x000000000001c118       0x52 Core/Src/main.o
 .debug_macro   0x000000000001c16a       0x40 Core/Src/main.o
 .debug_macro   0x000000000001c1aa       0x10 Core/Src/main.o
 .debug_macro   0x000000000001c1ba       0x40 Core/Src/main.o
 .debug_macro   0x000000000001c1fa       0xd7 Core/Src/main.o
 .debug_macro   0x000000000001c2d1       0x1c Core/Src/main.o
 .debug_macro   0x000000000001c2ed       0x3d Core/Src/main.o
 .debug_macro   0x000000000001c32a       0x16 Core/Src/main.o
 .debug_macro   0x000000000001c340      0x145 Core/Src/main.o
 .debug_macro   0x000000000001c485       0x16 Core/Src/main.o
 .debug_macro   0x000000000001c49b       0x16 Core/Src/main.o
 .debug_macro   0x000000000001c4b1       0x29 Core/Src/main.o
 .debug_macro   0x000000000001c4da       0x16 Core/Src/main.o
 .debug_macro   0x000000000001c4f0       0x20 Core/Src/main.o
 .debug_macro   0x000000000001c510       0x59 Core/Src/main.o
 .debug_macro   0x000000000001c569      0x1c8 Core/Src/main.o
 .debug_macro   0x000000000001c731       0x8f Core/Src/main.o
 .debug_macro   0x000000000001c7c0       0x10 Core/Src/main.o
 .debug_macro   0x000000000001c7d0      0x1f7 Core/Src/stm32f3xx_hal_msp.o
 .debug_macro   0x000000000001c9c7      0x201 Core/Src/stm32f3xx_it.o
 .debug_macro   0x000000000001cbc8      0x1e8 Core/Src/system_stm32f3xx.o
 .debug_macro   0x000000000001cdb0      0x20c Drivers/STM32F3xx_HAL_Driver/Src/stm32f3xx_hal.o
 .debug_macro   0x000000000001cfbc      0x1e8 Drivers/STM32F3xx_HAL_Driver/Src/stm32f3xx_hal_cortex.o
 .debug_macro   0x000000000001d1a4      0x220 Drivers/STM32F3xx_HAL_Driver/Src/stm32f3xx_hal_gpio.o
 .debug_macro   0x000000000001d3c4      0x2ad Drivers/STM32F3xx_HAL_Driver/Src/stm32f3xx_hal_i2c.o
 .debug_macro   0x000000000001d671      0x1e8 Drivers/STM32F3xx_HAL_Driver/Src/stm32f3xx_hal_i2c_ex.o
 .debug_macro   0x000000000001d859      0x1f4 Drivers/STM32F3xx_HAL_Driver/Src/stm32f3xx_hal_pcd.o
 .debug_macro   0x000000000001da4d      0x1e8 Drivers/STM32F3xx_HAL_Driver/Src/stm32f3xx_hal_pcd_ex.o
 .debug_macro   0x000000000001dc35      0x20c Drivers/STM32F3xx_HAL_Driver/Src/stm32f3xx_hal_rcc.o
 .debug_macro   0x000000000001de41      0x1e8 Drivers/STM32F3xx_HAL_Driver/Src/stm32f3xx_hal_rcc_ex.o
 .debug_macro   0x000000000001e029      0x1f0 Drivers/STM32F3xx_HAL_Driver/Src/stm32f3xx_hal_spi.o
 .debug_macro   0x000000000001e219      0x1e8 Drivers/STM32F3xx_HAL_Driver/Src/stm32f3xx_ll_usb.o
 .debug_macro   0x000000000001e401      0x404 Middlewares/ST/STM32_USB_Device_Library/Class/CDC/Src/usbd_cdc.o
 .debug_macro   0x000000000001e805       0x97 Middlewares/ST/STM32_USB_Device_Library/Class/CDC/Src/usbd_cdc.o
 .debug_macro   0x000000000001e89c       0xfd Middlewares/ST/STM32_USB_Device_Library/Class/CDC/Src/usbd_cdc.o
 .debug_macro   0x000000000001e999       0xd9 Middlewares/ST/STM32_USB_Device_Library/Class/CDC/Src/usbd_cdc.o
 .debug_macro   0x000000000001ea72       0x4f Middlewares/ST/STM32_USB_Device_Library/Class/CDC/Src/usbd_cdc.o
 .debug_macro   0x000000000001eac1      0x3eb Middlewares/ST/STM32_USB_Device_Library/Core/Src/usbd_core.o
 .debug_macro   0x000000000001eeac      0x1ce Middlewares/ST/STM32_USB_Device_Library/Core/Src/usbd_core.o
 .debug_macro   0x000000000001f07a      0x3f5 Middlewares/ST/STM32_USB_Device_Library/Core/Src/usbd_ctlreq.o