Archive member included to satisfy reference by file (symbol)

c:/st/stm32cubeide_1.4.0/stm32cubeide/plugins/com.st.stm32cube.ide.mcu.externaltools.gnu-tools-for-stm32.7-2018-q2-update.win32_1.4.0.202007081208/tools/bin/../lib/gcc/arm-none-eabi/7.3.1/../../../../arm-none-eabi/lib/thumb/v7e-m/fpv4-sp/hard\libc_nano.a(lib_a-errno.o)
                              Core/Src/syscalls.o (__errno)
c:/st/stm32cubeide_1.4.0/stm32cubeide/plugins/com.st.stm32cube.ide.mcu.externaltools.gnu-tools-for-stm32.7-2018-q2-update.win32_1.4.0.202007081208/tools/bin/../lib/gcc/arm-none-eabi/7.3.1/../../../../arm-none-eabi/lib/thumb/v7e-m/fpv4-sp/hard\libc_nano.a(lib_a-exit.o)
                              c:/st/stm32cubeide_1.4.0/stm32cubeide/plugins/com.st.stm32cube.ide.mcu.externaltools.gnu-tools-for-stm32.7-2018-q2-update.win32_1.4.0.202007081208/tools/bin/../lib/gcc/arm-none-eabi/7.3.1/../../../../arm-none-eabi/lib/thumb/v7e-m/fpv4-sp/hard/crt0.o (exit)
c:/st/stm32cubeide_1.4.0/stm32cubeide/plugins/com.st.stm32cube.ide.mcu.externaltools.gnu-tools-for-stm32.7-2018-q2-update.win32_1.4.0.202007081208/tools/bin/../lib/gcc/arm-none-eabi/7.3.1/../../../../arm-none-eabi/lib/thumb/v7e-m/fpv4-sp/hard\libc_nano.a(lib_a-impure.o)
                              c:/st/stm32cubeide_1.4.0/stm32cubeide/plugins/com.st.stm32cube.ide.mcu.externaltools.gnu-tools-for-stm32.7-2018-q2-update.win32_1.4.0.202007081208/tools/bin/../lib/gcc/arm-none-eabi/7.3.1/../../../../arm-none-eabi/lib/thumb/v7e-m/fpv4-sp/hard\libc_nano.a(lib_a-exit.o) (_global_impure_ptr)
c:/st/stm32cubeide_1.4.0/stm32cubeide/plugins/com.st.stm32cube.ide.mcu.externaltools.gnu-tools-for-stm32.7-2018-q2-update.win32_1.4.0.202007081208/tools/bin/../lib/gcc/arm-none-eabi/7.3.1/../../../../arm-none-eabi/lib/thumb/v7e-m/fpv4-sp/hard\libc_nano.a(lib_a-init.o)
                              c:/st/stm32cubeide_1.4.0/stm32cubeide/plugins/com.st.stm32cube.ide.mcu.externaltools.gnu-tools-for-stm32.7-2018-q2-update.win32_1.4.0.202007081208/tools/bin/../lib/gcc/arm-none-eabi/7.3.1/../../../../arm-none-eabi/lib/thumb/v7e-m/fpv4-sp/hard/crt0.o (__libc_init_array)
c:/st/stm32cubeide_1.4.0/stm32cubeide/plugins/com.st.stm32cube.ide.mcu.externaltools.gnu-tools-for-stm32.7-2018-q2-update.win32_1.4.0.202007081208/tools/bin/../lib/gcc/arm-none-eabi/7.3.1/../../../../arm-none-eabi/lib/thumb/v7e-m/fpv4-sp/hard\libc_nano.a(lib_a-memset.o)
                              c:/st/stm32cubeide_1.4.0/stm32cubeide/plugins/com.st.stm32cube.ide.mcu.externaltools.gnu-tools-for-stm32.7-2018-q2-update.win32_1.4.0.202007081208/tools/bin/../lib/gcc/arm-none-eabi/7.3.1/../../../../arm-none-eabi/lib/thumb/v7e-m/fpv4-sp/hard/crt0.o (memset)

Allocating common symbols
Common symbol       size              file

hUsbDeviceFS        0x2c4             USB_DEVICE/App/usb_device.o
hi2c1               0x4c              Core/Src/main.o
uwTick              0x4               Drivers/STM32F3xx_HAL_Driver/Src/stm32f3xx_hal.o
pFlash              0x20              Drivers/STM32F3xx_HAL_Driver/Src/stm32f3xx_hal_flash.o
UserRxBufferFS      0x3e8             USB_DEVICE/App/usbd_cdc_if.o
UserTxBufferFS      0x3e8             USB_DEVICE/App/usbd_cdc_if.o
hspi1               0x64              Core/Src/main.o
hpcd_USB_FS         0x2ec             USB_DEVICE/Target/usbd_conf.o
USBD_StrDesc        0x200             USB_DEVICE/App/usbd_desc.o

Discarded input sections

 .text          0x0000000000000000        0x0 c:/st/stm32cubeide_1.4.0/stm32cubeide/plugins/com.st.stm32cube.ide.mcu.externaltools.gnu-tools-for-stm32.7-2018-q2-update.win32_1.4.0.202007081208/tools/bin/../lib/gcc/arm-none-eabi/7.3.1/thumb/v7e-m/fpv4-sp/hard/crti.o
 .data          0x0000000000000000        0x0 c:/st/stm32cubeide_1.4.0/stm32cubeide/plugins/com.st.stm32cube.ide.mcu.externaltools.gnu-tools-for-stm32.7-2018-q2-update.win32_1.4.0.202007081208/tools/bin/../lib/gcc/arm-none-eabi/7.3.1/thumb/v7e-m/fpv4-sp/hard/crti.o
 .bss           0x0000000000000000        0x0 c:/st/stm32cubeide_1.4.0/stm32cubeide/plugins/com.st.stm32cube.ide.mcu.externaltools.gnu-tools-for-stm32.7-2018-q2-update.win32_1.4.0.202007081208/tools/bin/../lib/gcc/arm-none-eabi/7.3.1/thumb/v7e-m/fpv4-sp/hard/crti.o
 .data          0x0000000000000000        0x4 c:/st/stm32cubeide_1.4.0/stm32cubeide/plugins/com.st.stm32cube.ide.mcu.externaltools.gnu-tools-for-stm32.7-2018-q2-update.win32_1.4.0.202007081208/tools/bin/../lib/gcc/arm-none-eabi/7.3.1/thumb/v7e-m/fpv4-sp/hard/crtbegin.o
 .text          0x0000000000000000       0x74 c:/st/stm32cubeide_1.4.0/stm32cubeide/plugins/com.st.stm32cube.ide.mcu.externaltools.gnu-tools-for-stm32.7-2018-q2-update.win32_1.4.0.202007081208/tools/bin/../lib/gcc/arm-none-eabi/7.3.1/../../../../arm-none-eabi/lib/thumb/v7e-m/fpv4-sp/hard/crt0.o
[...]
Memory Configuration

Name             Origin             Length             Attributes
CCMRAM           0x0000000010000000 0x0000000000002000 xrw
RAM              0x0000000020000000 0x000000000000a000 xrw
FLASH            0x0000000008000000 0x0000000000040000 xr
*default*        0x0000000000000000 0xffffffffffffffff

Linker script and memory map

LOAD c:/st/stm32cubeide_1.4.0/stm32cubeide/plugins/com.st.stm32cube.ide.mcu.externaltools.gnu-tools-for-stm32.7-2018-q2-update.win32_1.4.0.202007081208/tools/bin/../lib/gcc/arm-none-eabi/7.3.1/thumb/v7e-m/fpv4-sp/hard/crti.o
LOAD c:/st/stm32cubeide_1.4.0/stm32cubeide/plugins/com.st.stm32cube.ide.mcu.externaltools.gnu-tools-for-stm32.7-2018-q2-update.win32_1.4.0.202007081208/tools/bin/../lib/gcc/arm-none-eabi/7.3.1/thumb/v7e-m/fpv4-sp/hard/crtbegin.o
LOAD c:/st/stm32cubeide_1.4.0/stm32cubeide/plugins/com.st.stm32cube.ide.mcu.externaltools.gnu-tools-for-stm32.7-2018-q2-update.win32_1.4.0.202007081208/tools/bin/../lib/gcc/arm-none-eabi/7.3.1/../../../../arm-none-eabi/lib/thumb/v7e-m/fpv4-sp/hard/crt0.o
LOAD Core/Src/main.o
LOAD Core/Src/stm32f3xx_hal_msp.o
LOAD Core/Src/stm32f3xx_it.o
LOAD Core/Src/syscalls.o
LOAD Core/Src/sysmem.o
LOAD Core/Src/system_stm32f3xx.o
LOAD Core/Startup/startup_stm32f303vctx.o
LOAD Drivers/STM32F3xx_HAL_Driver/Src/stm32f3xx_hal.o
LOAD Drivers/STM32F3xx_HAL_Driver/Src/stm32f3xx_hal_cortex.o
LOAD Drivers/STM32F3xx_HAL_Driver/Src/stm32f3xx_hal_dma.o
LOAD Drivers/STM32F3xx_HAL_Driver/Src/stm32f3xx_hal_exti.o
LOAD Drivers/STM32F3xx_HAL_Driver/Src/stm32f3xx_hal_flash.o
LOAD Drivers/STM32F3xx_HAL_Driver/Src/stm32f3xx_hal_flash_ex.o
LOAD Drivers/STM32F3xx_HAL_Driver/Src/stm32f3xx_hal_gpio.o
LOAD Drivers/STM32F3xx_HAL_Driver/Src/stm32f3xx_hal_i2c.o
LOAD Drivers/STM32F3xx_HAL_Driver/Src/stm32f3xx_hal_i2c_ex.o
LOAD Drivers/STM32F3xx_HAL_Driver/Src/stm32f3xx_hal_pcd.o
LOAD Drivers/STM32F3xx_HAL_Driver/Src/stm32f3xx_hal_pcd_ex.o
LOAD Drivers/STM32F3xx_HAL_Driver/Src/stm32f3xx_hal_pwr.o
LOAD Drivers/STM32F3xx_HAL_Driver/Src/stm32f3xx_hal_pwr_ex.o
LOAD Drivers/STM32F3xx_HAL_Driver/Src/stm32f3xx_hal_rcc.o
LOAD Drivers/STM32F3xx_HAL_Driver/Src/stm32f3xx_hal_rcc_ex.o
LOAD Drivers/STM32F3xx_HAL_Driver/Src/stm32f3xx_hal_spi.o
LOAD Drivers/STM32F3xx_HAL_Driver/Src/stm32f3xx_hal_spi_ex.o
LOAD Drivers/STM32F3xx_HAL_Driver/Src/stm32f3xx_hal_tim.o
LOAD Drivers/STM32F3xx_HAL_Driver/Src/stm32f3xx_hal_tim_ex.o
LOAD Drivers/STM32F3xx_HAL_Driver/Src/stm32f3xx_ll_usb.o
LOAD Middlewares/ST/STM32_USB_Device_Library/Class/CDC/Src/usbd_cdc.o
LOAD Middlewares/ST/STM32_USB_Device_Library/Core/Src/usbd_core.o
LOAD Middlewares/ST/STM32_USB_Device_Library/Core/Src/usbd_ctlreq.o
LOAD Middlewares/ST/STM32_USB_Device_Library/Core/Src/usbd_ioreq.o
LOAD USB_DEVICE/App/usb_device.o
LOAD USB_DEVICE/App/usbd_cdc_if.o
LOAD USB_DEVICE/App/usbd_desc.o
LOAD USB_DEVICE/Target/usbd_conf.o
START GROUP
LOAD c:/st/stm32cubeide_1.4.0/stm32cubeide/plugins/com.st.stm32cube.ide.mcu.externaltools.gnu-tools-for-stm32.7-2018-q2-update.win32_1.4.0.202007081208/tools/bin/../lib/gcc/arm-none-eabi/7.3.1/../../../../arm-none-eabi/lib/thumb/v7e-m/fpv4-sp/hard\libc_nano.a
LOAD c:/st/stm32cubeide_1.4.0/stm32cubeide/plugins/com.st.stm32cube.ide.mcu.externaltools.gnu-tools-for-stm32.7-2018-q2-update.win32_1.4.0.202007081208/tools/bin/../lib/gcc/arm-none-eabi/7.3.1/../../../../arm-none-eabi/lib/thumb/v7e-m/fpv4-sp/hard\libm.a
END GROUP
START GROUP
LOAD c:/st/stm32cubeide_1.4.0/stm32cubeide/plugins/com.st.stm32cube.ide.mcu.externaltools.gnu-tools-for-stm32.7-2018-q2-update.win32_1.4.0.202007081208/tools/bin/../lib/gcc/arm-none-eabi/7.3.1/thumb/v7e-m/fpv4-sp/hard\libgcc.a
LOAD c:/st/stm32cubeide_1.4.0/stm32cubeide/plugins/com.st.stm32cube.ide.mcu.externaltools.gnu-tools-for-stm32.7-2018-q2-update.win32_1.4.0.202007081208/tools/bin/../lib/gcc/arm-none-eabi/7.3.1/../../../../arm-none-eabi/lib/thumb/v7e-m/fpv4-sp/hard\libc_nano.a
END GROUP
START GROUP
LOAD c:/st/stm32cubeide_1.4.0/stm32cubeide/plugins/com.st.stm32cube.ide.mcu.externaltools.gnu-tools-for-stm32.7-2018-q2-update.win32_1.4.0.202007081208/tools/bin/../lib/gcc/arm-none-eabi/7.3.1/thumb/v7e-m/fpv4-sp/hard\libgcc.a
LOAD c:/st/stm32cubeide_1.4.0/stm32cubeide/plugins/com.st.stm32cube.ide.mcu.externaltools.gnu-tools-for-stm32.7-2018-q2-update.win32_1.4.0.202007081208/tools/bin/../lib/gcc/arm-none-eabi/7.3.1/../../../../arm-none-eabi/lib/thumb/v7e-m/fpv4-sp/hard\libc_nano.a
LOAD c:/st/stm32cubeide_1.4.0/stm32cubeide/plugins/com.st.stm32cube.ide.mcu.externaltools.gnu-tools-for-stm32.7-2018-q2-update.win32_1.4.0.202007081208/tools/bin/../lib/gcc/arm-none-eabi/7.3.1/../../../../arm-none-eabi/lib/thumb/v7e-m/fpv4-sp/hard\libnosys.a
END GROUP
START GROUP
LOAD c:/st/stm32cubeide_1.4.0/stm32cubeide/plugins/com.st.stm32cube.ide.mcu.externaltools.gnu-tools-for-stm32.7-2018-q2-update.win32_1.4.0.202007081208/tools/bin/../lib/gcc/arm-none-eabi/7.3.1/thumb/v7e-m/fpv4-sp/hard\libgcc.a
LOAD c:/st/stm32cubeide_1.4.0/stm32cubeide/plugins/com.st.stm32cube.ide.mcu.externaltools.gnu-tools-for-stm32.7-2018-q2-update.win32_1.4.0.202007081208/tools/bin/../lib/gcc/arm-none-eabi/7.3.1/../../../../arm-none-eabi/lib/thumb/v7e-m/fpv4-sp/hard\libc_nano.a
LOAD c:/st/stm32cubeide_1.4.0/stm32cubeide/plugins/com.st.stm32cube.ide.mcu.externaltools.gnu-tools-for-stm32.7-2018-q2-update.win32_1.4.0.202007081208/tools/bin/../lib/gcc/arm-none-eabi/7.3.1/../../../../arm-none-eabi/lib/thumb/v7e-m/fpv4-sp/hard\libnosys.a
END GROUP
LOAD c:/st/stm32cubeide_1.4.0/stm32cubeide/plugins/com.st.stm32cube.ide.mcu.externaltools.gnu-tools-for-stm32.7-2018-q2-update.win32_1.4.0.202007081208/tools/bin/../lib/gcc/arm-none-eabi/7.3.1/thumb/v7e-m/fpv4-sp/hard/crtend.o
LOAD c:/st/stm32cubeide_1.4.0/stm32cubeide/plugins/com.st.stm32cube.ide.mcu.externaltools.gnu-tools-for-stm32.7-2018-q2-update.win32_1.4.0.202007081208/tools/bin/../lib/gcc/arm-none-eabi/7.3.1/thumb/v7e-m/fpv4-sp/hard/crtn.o
                0x000000002000a000                _estack = (ORIGIN (RAM) + LENGTH (RAM))
                0x0000000000000200                _Min_Heap_Size = 0x200
                0x0000000000000400                _Min_Stack_Size = 0x400

.isr_vector     0x0000000008000000      0x188
                0x0000000008000000                . = ALIGN (0x4)
 *(.isr_vector)
 .isr_vector    0x0000000008000000      0x188 Core/Startup/startup_stm32f303vctx.o
                0x0000000008000000                g_pfnVectors
                0x0000000008000188                . = ALIGN (0x4)

.text           0x0000000008000188     0x8654
                0x0000000008000188                . = ALIGN (0x4)
 *(.text)
 .text          0x0000000008000188       0x40 c:/st/stm32cubeide_1.4.0/stm32cubeide/plugins/com.st.stm32cube.ide.mcu.externaltools.gnu-tools-for-stm32.7-2018-q2-update.win32_1.4.0.202007081208/tools/bin/../lib/gcc/arm-none-eabi/7.3.1/thumb/v7e-m/fpv4-sp/hard/crtbegin.o
 *(.text*)
 .text.i2c1_pisiRegister
                0x00000000080001c8       0x44 Core/Src/main.o
                0x00000000080001c8                i2c1_pisiRegister
 .text.i2c1_beriRegistre
                0x000000000800020c       0x5c Core/Src/main.o
                0x000000000800020c                i2c1_beriRegistre
 .text.initLSM303DLHC
                0x0000000008000268       0x32 Core/Src/main.o
                0x0000000008000268                initLSM303DLHC
 *fill*         0x000000000800029a        0x2 
 .text.main     0x000000000800029c       0x6c Core/Src/main.o
                0x000000000800029c                main
 .text.SystemClock_Config
                0x0000000008000308       0xc0 Core/Src/main.o
                0x0000000008000308                SystemClock_Config
 .text.MX_I2C1_Init
                0x00000000080003c8       0x7c Core/Src/main.o
 .text.MX_SPI1_Init
                0x0000000008000444       0x7c Core/Src/main.o
 .text.MX_GPIO_Init
                0x00000000080004c0      0x100 Core/Src/main.o
 .text.Error_Handler
                0x00000000080005c0        0xe Core/Src/main.o
                0x00000000080005c0                Error_Handler
 *fill*         0x00000000080005ce        0x2 
 .text.HAL_MspInit
                0x00000000080005d0       0x48 Core/Src/stm32f3xx_hal_msp.o
                0x00000000080005d0                HAL_MspInit
 .text.HAL_I2C_MspInit
                0x0000000008000618       0x88 Core/Src/stm32f3xx_hal_msp.o
                0x0000000008000618                HAL_I2C_MspInit
 .text.HAL_SPI_MspInit
                0x00000000080006a0       0x84 Core/Src/stm32f3xx_hal_msp.o
                0x00000000080006a0                HAL_SPI_MspInit
 .text.NMI_Handler
                0x0000000008000724        0xe Core/Src/stm32f3xx_it.o
                0x0000000008000724                NMI_Handler
 .text.HardFault_Handler
                0x0000000008000732        0x6 Core/Src/stm32f3xx_it.o
                0x0000000008000732                HardFault_Handler
 .text.MemManage_Handler
                0x0000000008000738        0x6 Core/Src/stm32f3xx_it.o
                0x0000000008000738                MemManage_Handler
 .text.BusFault_Handler
                0x000000000800073e        0x6 Core/Src/stm32f3xx_it.o
                0x000000000800073e                BusFault_Handler
 .text.UsageFault_Handler
                0x0000000008000744        0x6 Core/Src/stm32f3xx_it.o
                0x0000000008000744                UsageFault_Handler
 .text.SVC_Handler
                0x000000000800074a        0xe Core/Src/stm32f3xx_it.o
                0x000000000800074a                SVC_Handler
 .text.DebugMon_Handler
                0x0000000008000758        0xe Core/Src/stm32f3xx_it.o
                0x0000000008000758                DebugMon_Handler
 .text.PendSV_Handler
                0x0000000008000766        0xe Core/Src/stm32f3xx_it.o
                0x0000000008000766                PendSV_Handler
 .text.SysTick_Handler
                0x0000000008000774        0xc Core/Src/stm32f3xx_it.o
                0x0000000008000774                SysTick_Handler
 .text.USB_LP_CAN_RX0_IRQHandler
                0x0000000008000780       0x14 Core/Src/stm32f3xx_it.o
                0x0000000008000780                USB_LP_CAN_RX0_IRQHandler
 .text.SystemInit
                0x0000000008000794       0x24 Core/Src/system_stm32f3xx.o
                0x0000000008000794                SystemInit
 .text.Reset_Handler
                0x00000000080007b8       0x50 Core/Startup/startup_stm32f303vctx.o
                0x00000000080007b8                Reset_Handler
 .text.Default_Handler
                0x0000000008000808        0x2 Core/Startup/startup_stm32f303vctx.o
                0x0000000008000808                RTC_Alarm_IRQHandler
                0x0000000008000808                TIM8_TRG_COM_IRQHandler
                0x0000000008000808                TIM8_CC_IRQHandler
                0x0000000008000808                TIM1_CC_IRQHandler
                0x0000000008000808                USB_HP_IRQHandler
                0x0000000008000808                PVD_IRQHandler
                0x0000000008000808                TAMP_STAMP_IRQHandler
                0x0000000008000808                EXTI3_IRQHandler
                0x0000000008000808                USB_HP_CAN_TX_IRQHandler
                0x0000000008000808                EXTI0_IRQHandler
                0x0000000008000808                I2C2_EV_IRQHandler
                0x0000000008000808                FPU_IRQHandler
                0x0000000008000808                TIM1_UP_TIM16_IRQHandler
                0x0000000008000808                ADC1_2_IRQHandler
                0x0000000008000808                SPI1_IRQHandler
                0x0000000008000808                CAN_SCE_IRQHandler
                0x0000000008000808                TIM6_DAC_IRQHandler
                0x0000000008000808                TIM8_UP_IRQHandler
                0x0000000008000808                DMA2_Channel2_IRQHandler
                0x0000000008000808                DMA1_Channel4_IRQHandler
                0x0000000008000808                USART3_IRQHandler
                0x0000000008000808                DMA1_Channel7_IRQHandler
                0x0000000008000808                UART5_IRQHandler
                0x0000000008000808                ADC3_IRQHandler
                0x0000000008000808                TIM4_IRQHandler
                0x0000000008000808                CAN_RX1_IRQHandler
                0x0000000008000808                DMA2_Channel1_IRQHandler
                0x0000000008000808                I2C1_EV_IRQHandler
                0x0000000008000808                DMA1_Channel6_IRQHandler
                0x0000000008000808                UART4_IRQHandler
                0x0000000008000808                DMA2_Channel4_IRQHandler
                0x0000000008000808                TIM3_IRQHandler
                0x0000000008000808                RCC_IRQHandler
                0x0000000008000808                DMA1_Channel1_IRQHandler
                0x0000000008000808                Default_Handler
                0x0000000008000808                USBWakeUp_RMP_IRQHandler
                0x0000000008000808                EXTI15_10_IRQHandler
                0x0000000008000808                TIM7_IRQHandler
                0x0000000008000808                EXTI9_5_IRQHandler
                0x0000000008000808                RTC_WKUP_IRQHandler
                0x0000000008000808                SPI2_IRQHandler
                0x0000000008000808                DMA2_Channel5_IRQHandler
                0x0000000008000808                DMA1_Channel5_IRQHandler
                0x0000000008000808                USB_LP_IRQHandler
                0x0000000008000808                EXTI4_IRQHandler
                0x0000000008000808                TIM1_TRG_COM_TIM17_IRQHandler
                0x0000000008000808                DMA1_Channel3_IRQHandler
                0x0000000008000808                ADC4_IRQHandler
                0x0000000008000808                WWDG_IRQHandler
                0x0000000008000808                TIM2_IRQHandler
                0x0000000008000808                COMP7_IRQHandler
                0x0000000008000808                COMP1_2_3_IRQHandler
                0x0000000008000808                EXTI1_IRQHandler
                0x0000000008000808                USART2_IRQHandler
                0x0000000008000808                COMP4_5_6_IRQHandler
                0x0000000008000808                I2C2_ER_IRQHandler
                0x0000000008000808                DMA1_Channel2_IRQHandler
                0x0000000008000808                TIM8_BRK_IRQHandler
                0x0000000008000808                FLASH_IRQHandler
                0x0000000008000808                USART1_IRQHandler
                0x0000000008000808                SPI3_IRQHandler
                0x0000000008000808                I2C1_ER_IRQHandler
                0x0000000008000808                USBWakeUp_IRQHandler
                0x0000000008000808                DMA2_Channel3_IRQHandler
                0x0000000008000808                EXTI2_TSC_IRQHandler
                0x0000000008000808                TIM1_BRK_TIM15_IRQHandler
 *fill*         0x000000000800080a        0x2 
 .text.HAL_Init
                0x000000000800080c       0x2c Drivers/STM32F3xx_HAL_Driver/Src/stm32f3xx_hal.o
                0x000000000800080c                HAL_Init
 .text.HAL_InitTick
                0x0000000008000838       0x60 Drivers/STM32F3xx_HAL_Driver/Src/stm32f3xx_hal.o
                0x0000000008000838                HAL_InitTick
 .text.HAL_IncTick
                0x0000000008000898       0x28 Drivers/STM32F3xx_HAL_Driver/Src/stm32f3xx_hal.o
                0x0000000008000898                HAL_IncTick
 .text.HAL_GetTick
                0x00000000080008c0       0x18 Drivers/STM32F3xx_HAL_Driver/Src/stm32f3xx_hal.o
                0x00000000080008c0                HAL_GetTick
 .text.HAL_Delay
                0x00000000080008d8       0x44 Drivers/STM32F3xx_HAL_Driver/Src/stm32f3xx_hal.o
                0x00000000080008d8                HAL_Delay
 .text.__NVIC_SetPriorityGrouping
                0x000000000800091c       0x48 Drivers/STM32F3xx_HAL_Driver/Src/stm32f3xx_hal_cortex.o
 .text.__NVIC_GetPriorityGrouping
                0x0000000008000964       0x1c Drivers/STM32F3xx_HAL_Driver/Src/stm32f3xx_hal_cortex.o
 .text.__NVIC_EnableIRQ
                0x0000000008000980       0x3c Drivers/STM32F3xx_HAL_Driver/Src/stm32f3xx_hal_cortex.o
 .text.__NVIC_SetPriority
                0x00000000080009bc       0x54 Drivers/STM32F3xx_HAL_Driver/Src/stm32f3xx_hal_cortex.o
 .text.NVIC_EncodePriority
                0x0000000008000a10       0x66 Drivers/STM32F3xx_HAL_Driver/Src/stm32f3xx_hal_cortex.o
 *fill*         0x0000000008000a76        0x2 
 .text.SysTick_Config
                0x0000000008000a78       0x44 Drivers/STM32F3xx_HAL_Driver/Src/stm32f3xx_hal_cortex.o
 .text.HAL_NVIC_SetPriorityGrouping
                0x0000000008000abc       0x16 Drivers/STM32F3xx_HAL_Driver/Src/stm32f3xx_hal_cortex.o
                0x0000000008000abc                HAL_NVIC_SetPriorityGrouping
 .text.HAL_NVIC_SetPriority
                0x0000000008000ad2       0x38 Drivers/STM32F3xx_HAL_Driver/Src/stm32f3xx_hal_cortex.o
                0x0000000008000ad2                HAL_NVIC_SetPriority
 .text.HAL_NVIC_EnableIRQ
                0x0000000008000b0a       0x1c Drivers/STM32F3xx_HAL_Driver/Src/stm32f3xx_hal_cortex.o
                0x0000000008000b0a                HAL_NVIC_EnableIRQ
 .text.HAL_SYSTICK_Config
                0x0000000008000b26       0x18 Drivers/STM32F3xx_HAL_Driver/Src/stm32f3xx_hal_cortex.o
                0x0000000008000b26                HAL_SYSTICK_Config
 *fill*         0x0000000008000b3e        0x2 
 .text.HAL_GPIO_Init
                0x0000000008000b40      0x2f4 Drivers/STM32F3xx_HAL_Driver/Src/stm32f3xx_hal_gpio.o
                0x0000000008000b40                HAL_GPIO_Init
 .text.HAL_GPIO_WritePin
                0x0000000008000e34       0x30 Drivers/STM32F3xx_HAL_Driver/Src/stm32f3xx_hal_gpio.o
                0x0000000008000e34                HAL_GPIO_WritePin
 .text.HAL_GPIO_TogglePin
                0x0000000008000e64       0x34 Drivers/STM32F3xx_HAL_Driver/Src/stm32f3xx_hal_gpio.o
                0x0000000008000e64                HAL_GPIO_TogglePin
 .text.HAL_I2C_Init
                0x0000000008000e98      0x11e Drivers/STM32F3xx_HAL_Driver/Src/stm32f3xx_hal_i2c.o
                0x0000000008000e98                HAL_I2C_Init
 *fill*         0x0000000008000fb6        0x2 
 .text.HAL_I2C_Mem_Write
                0x0000000008000fb8      0x228 Drivers/STM32F3xx_HAL_Driver/Src/stm32f3xx_hal_i2c.o
                0x0000000008000fb8                HAL_I2C_Mem_Write
 .text.HAL_I2C_Mem_Read
                0x00000000080011e0      0x234 Drivers/STM32F3xx_HAL_Driver/Src/stm32f3xx_hal_i2c.o
                0x00000000080011e0                HAL_I2C_Mem_Read
 .text.I2C_RequestMemoryWrite
                0x0000000008001414       0xa8 Drivers/STM32F3xx_HAL_Driver/Src/stm32f3xx_hal_i2c.o
 .text.I2C_RequestMemoryRead
                0x00000000080014bc       0xa8 Drivers/STM32F3xx_HAL_Driver/Src/stm32f3xx_hal_i2c.o
 .text.I2C_Flush_TXDR
                0x0000000008001564       0x48 Drivers/STM32F3xx_HAL_Driver/Src/stm32f3xx_hal_i2c.o
 .text.I2C_WaitOnFlagUntilTimeout
                0x00000000080015ac       0x80 Drivers/STM32F3xx_HAL_Driver/Src/stm32f3xx_hal_i2c.o
 .text.I2C_WaitOnTXISFlagUntilTimeout
                0x000000000800162c       0x80 Drivers/STM32F3xx_HAL_Driver/Src/stm32f3xx_hal_i2c.o
 .text.I2C_WaitOnSTOPFlagUntilTimeout
                0x00000000080016ac       0x78 Drivers/STM32F3xx_HAL_Driver/Src/stm32f3xx_hal_i2c.o
 .text.I2C_IsAcknowledgeFailed
                0x0000000008001724       0xcc Drivers/STM32F3xx_HAL_Driver/Src/stm32f3xx_hal_i2c.o
 .text.I2C_TransferConfig
                0x00000000080017f0       0x5c Drivers/STM32F3xx_HAL_Driver/Src/stm32f3xx_hal_i2c.o
 .text.HAL_I2CEx_ConfigAnalogFilter
                0x000000000800184c       0x96 Drivers/STM32F3xx_HAL_Driver/Src/stm32f3xx_hal_i2c_ex.o
                0x000000000800184c                HAL_I2CEx_ConfigAnalogFilter
 .text.HAL_I2CEx_ConfigDigitalFilter
                0x00000000080018e2       0x98 Drivers/STM32F3xx_HAL_Driver/Src/stm32f3xx_hal_i2c_ex.o
                0x00000000080018e2                HAL_I2CEx_ConfigDigitalFilter
 .text.HAL_PCD_Init
                0x000000000800197a      0x1bc Drivers/STM32F3xx_HAL_Driver/Src/stm32f3xx_hal_pcd.o
                0x000000000800197a                HAL_PCD_Init
 .text.HAL_PCD_Start
                0x0000000008001b36       0x4c Drivers/STM32F3xx_HAL_Driver/Src/stm32f3xx_hal_pcd.o
                0x0000000008001b36                HAL_PCD_Start
 .text.HAL_PCD_IRQHandler
                0x0000000008001b82      0x1ee Drivers/STM32F3xx_HAL_Driver/Src/stm32f3xx_hal_pcd.o
                0x0000000008001b82                HAL_PCD_IRQHandler
 .text.HAL_PCD_SetAddress
                0x0000000008001d70       0x4a Drivers/STM32F3xx_HAL_Driver/Src/stm32f3xx_hal_pcd.o
                0x0000000008001d70                HAL_PCD_SetAddress
 .text.HAL_PCD_EP_Open
                0x0000000008001dba       0xcc Drivers/STM32F3xx_HAL_Driver/Src/stm32f3xx_hal_pcd.o
                0x0000000008001dba                HAL_PCD_EP_Open
 .text.HAL_PCD_EP_Close
                0x0000000008001e86       0x90 Drivers/STM32F3xx_HAL_Driver/Src/stm32f3xx_hal_pcd.o
                0x0000000008001e86                HAL_PCD_EP_Close
 .text.HAL_PCD_EP_Receive
                0x0000000008001f16       0x7a Drivers/STM32F3xx_HAL_Driver/Src/stm32f3xx_hal_pcd.o
                0x0000000008001f16                HAL_PCD_EP_Receive
 .text.HAL_PCD_EP_GetRxCount
                0x0000000008001f90       0x30 Drivers/STM32F3xx_HAL_Driver/Src/stm32f3xx_hal_pcd.o
                0x0000000008001f90                HAL_PCD_EP_GetRxCount
 .text.HAL_PCD_EP_Transmit
                0x0000000008001fc0       0x86 Drivers/STM32F3xx_HAL_Driver/Src/stm32f3xx_hal_pcd.o
                0x0000000008001fc0                HAL_PCD_EP_Transmit
 .text.HAL_PCD_EP_SetStall
                0x0000000008002046       0xa4 Drivers/STM32F3xx_HAL_Driver/Src/stm32f3xx_hal_pcd.o
                0x0000000008002046                HAL_PCD_EP_SetStall
 .text.HAL_PCD_EP_ClrStall
                0x00000000080020ea       0xa8 Drivers/STM32F3xx_HAL_Driver/Src/stm32f3xx_hal_pcd.o
                0x00000000080020ea                HAL_PCD_EP_ClrStall
 .text.PCD_EP_ISR_Handler
                0x0000000008002192      0x5e6 Drivers/STM32F3xx_HAL_Driver/Src/stm32f3xx_hal_pcd.o
 .text.HAL_PCD_EP_DB_Receive
                0x0000000008002778      0x21a Drivers/STM32F3xx_HAL_Driver/Src/stm32f3xx_hal_pcd.o
 .text.HAL_PCD_EP_DB_Transmit
                0x0000000008002992      0x53a Drivers/STM32F3xx_HAL_Driver/Src/stm32f3xx_hal_pcd.o
 .text.HAL_PCDEx_PMAConfig
                0x0000000008002ecc       0x86 Drivers/STM32F3xx_HAL_Driver/Src/stm32f3xx_hal_pcd_ex.o
                0x0000000008002ecc                HAL_PCDEx_PMAConfig
 *fill*         0x0000000008002f52        0x2 
 .text.HAL_RCC_OscConfig
                0x0000000008002f54      0xe10 Drivers/STM32F3xx_HAL_Driver/Src/stm32f3xx_hal_rcc.o
                0x0000000008002f54                HAL_RCC_OscConfig
 .text.HAL_RCC_ClockConfig
                0x0000000008003d64      0x2f8 Drivers/STM32F3xx_HAL_Driver/Src/stm32f3xx_hal_rcc.o
                0x0000000008003d64                HAL_RCC_ClockConfig
 .text.HAL_RCC_GetSysClockFreq
                0x000000000800405c       0xd4 Drivers/STM32F3xx_HAL_Driver/Src/stm32f3xx_hal_rcc.o
                0x000000000800405c                HAL_RCC_GetSysClockFreq
 .text.HAL_RCCEx_PeriphCLKConfig
                0x0000000008004130      0x360 Drivers/STM32F3xx_HAL_Driver/Src/stm32f3xx_hal_rcc_ex.o
                0x0000000008004130                HAL_RCCEx_PeriphCLKConfig
 .text.HAL_SPI_Init
                0x0000000008004490      0x156 Drivers/STM32F3xx_HAL_Driver/Src/stm32f3xx_hal_spi.o
                0x0000000008004490                HAL_SPI_Init
 .text.USB_EnableGlobalInt
                0x00000000080045e6       0x2e Drivers/STM32F3xx_HAL_Driver/Src/stm32f3xx_ll_usb.o
                0x00000000080045e6                USB_EnableGlobalInt
 .text.USB_DisableGlobalInt
                0x0000000008004614       0x36 Drivers/STM32F3xx_HAL_Driver/Src/stm32f3xx_ll_usb.o
                0x0000000008004614                USB_DisableGlobalInt
 .text.USB_DevInit
                0x000000000800464a       0x42 Drivers/STM32F3xx_HAL_Driver/Src/stm32f3xx_ll_usb.o
                0x000000000800464a                USB_DevInit
 .text.USB_ActivateEndpoint
                0x000000000800468c      0x6dc Drivers/STM32F3xx_HAL_Driver/Src/stm32f3xx_ll_usb.o
                0x000000000800468c                USB_ActivateEndpoint
 .text.USB_DeactivateEndpoint
                0x0000000008004d68      0x3da Drivers/STM32F3xx_HAL_Driver/Src/stm32f3xx_ll_usb.o
                0x0000000008004d68                USB_DeactivateEndpoint
 .text.USB_EPStartXfer
                0x0000000008005142     0x1240 Drivers/STM32F3xx_HAL_Driver/Src/stm32f3xx_ll_usb.o
                0x0000000008005142                USB_EPStartXfer
 .text.USB_EPSetStall
                0x0000000008006382       0xa2 Drivers/STM32F3xx_HAL_Driver/Src/stm32f3xx_ll_usb.o
                0x0000000008006382                USB_EPSetStall
 .text.USB_EPClearStall
                0x0000000008006424      0x15c Drivers/STM32F3xx_HAL_Driver/Src/stm32f3xx_ll_usb.o
                0x0000000008006424                USB_EPClearStall
 .text.USB_SetDevAddress
                0x0000000008006580       0x28 Drivers/STM32F3xx_HAL_Driver/Src/stm32f3xx_ll_usb.o
                0x0000000008006580                USB_SetDevAddress
 .text.USB_DevConnect
                0x00000000080065a8       0x16 Drivers/STM32F3xx_HAL_Driver/Src/stm32f3xx_ll_usb.o
                0x00000000080065a8                USB_DevConnect
 .text.USB_ReadInterrupts
                0x00000000080065be       0x20 Drivers/STM32F3xx_HAL_Driver/Src/stm32f3xx_ll_usb.o
                0x00000000080065be                USB_ReadInterrupts
 .text.USB_WritePMA
                0x00000000080065de       0x8a Drivers/STM32F3xx_HAL_Driver/Src/stm32f3xx_ll_usb.o
                0x00000000080065de                USB_WritePMA
 .text.USB_ReadPMA
                0x0000000008006668       0xa0 Drivers/STM32F3xx_HAL_Driver/Src/stm32f3xx_ll_usb.o
                0x0000000008006668                USB_ReadPMA
 .text.USBD_CDC_Init
                0x0000000008006708       0xf4 Middlewares/ST/STM32_USB_Device_Library/Class/CDC/Src/usbd_cdc.o
 .text.USBD_CDC_DeInit
                0x00000000080067fc       0x6e Middlewares/ST/STM32_USB_Device_Library/Class/CDC/Src/usbd_cdc.o
 .text.USBD_CDC_Setup
                0x000000000800686a      0x140 Middlewares/ST/STM32_USB_Device_Library/Class/CDC/Src/usbd_cdc.o
 .text.USBD_CDC_DataIn
                0x00000000080069aa       0xa6 Middlewares/ST/STM32_USB_Device_Library/Class/CDC/Src/usbd_cdc.o
 .text.USBD_CDC_DataOut
                0x0000000008006a50       0x56 Middlewares/ST/STM32_USB_Device_Library/Class/CDC/Src/usbd_cdc.o
 .text.USBD_CDC_EP0_RxReady
                0x0000000008006aa6       0x50 Middlewares/ST/STM32_USB_Device_Library/Class/CDC/Src/usbd_cdc.o
 *fill*         0x0000000008006af6        0x2 
 .text.USBD_CDC_GetFSCfgDesc
                0x0000000008006af8       0x20 Middlewares/ST/STM32_USB_Device_Library/Class/CDC/Src/usbd_cdc.o
 .text.USBD_CDC_GetHSCfgDesc
                0x0000000008006b18       0x20 Middlewares/ST/STM32_USB_Device_Library/Class/CDC/Src/usbd_cdc.o
 .text.USBD_CDC_GetOtherSpeedCfgDesc
                0x0000000008006b38       0x20 Middlewares/ST/STM32_USB_Device_Library/Class/CDC/Src/usbd_cdc.o
 .text.USBD_CDC_GetDeviceQualifierDescriptor
                0x0000000008006b58       0x20 Middlewares/ST/STM32_USB_Device_Library/Class/CDC/Src/usbd_cdc.o
                0x0000000008006b58                USBD_CDC_GetDeviceQualifierDescriptor
 .text.USBD_CDC_RegisterInterface
                0x0000000008006b78       0x2e Middlewares/ST/STM32_USB_Device_Library/Class/CDC/Src/usbd_cdc.o
                0x0000000008006b78                USBD_CDC_RegisterInterface
 .text.USBD_CDC_SetTxBuffer
                0x0000000008006ba6       0x34 Middlewares/ST/STM32_USB_Device_Library/Class/CDC/Src/usbd_cdc.o
                0x0000000008006ba6                USBD_CDC_SetTxBuffer
 .text.USBD_CDC_SetRxBuffer
                0x0000000008006bda       0x28 Middlewares/ST/STM32_USB_Device_Library/Class/CDC/Src/usbd_cdc.o
                0x0000000008006bda                USBD_CDC_SetRxBuffer
 .text.USBD_CDC_TransmitPacket
                0x0000000008006c02       0x5e Middlewares/ST/STM32_USB_Device_Library/Class/CDC/Src/usbd_cdc.o
                0x0000000008006c02                USBD_CDC_TransmitPacket
 .text.USBD_CDC_ReceivePacket
                0x0000000008006c60       0x54 Middlewares/ST/STM32_USB_Device_Library/Class/CDC/Src/usbd_cdc.o
                0x0000000008006c60                USBD_CDC_ReceivePacket
 .text.USBD_Init
                0x0000000008006cb4       0x56 Middlewares/ST/STM32_USB_Device_Library/Core/Src/usbd_core.o
                0x0000000008006cb4                USBD_Init
 .text.USBD_RegisterClass
                0x0000000008006d0a       0x34 Middlewares/ST/STM32_USB_Device_Library/Core/Src/usbd_core.o
                0x0000000008006d0a                USBD_RegisterClass
 .text.USBD_Start
                0x0000000008006d3e       0x18 Middlewares/ST/STM32_USB_Device_Library/Core/Src/usbd_core.o
                0x0000000008006d3e                USBD_Start
 .text.USBD_RunTestMode
                0x0000000008006d56       0x16 Middlewares/ST/STM32_USB_Device_Library/Core/Src/usbd_core.o
                0x0000000008006d56                USBD_RunTestMode
 .text.USBD_SetClassConfig
                0x0000000008006d6c       0x3e Middlewares/ST/STM32_USB_Device_Library/Core/Src/usbd_core.o
                0x0000000008006d6c                USBD_SetClassConfig
 .text.USBD_ClrClassConfig
                0x0000000008006daa       0x26 Middlewares/ST/STM32_USB_Device_Library/Core/Src/usbd_core.o
                0x0000000008006daa                USBD_ClrClassConfig
 .text.USBD_LL_SetupStage
                0x0000000008006dd0       0x96 Middlewares/ST/STM32_USB_Device_Library/Core/Src/usbd_core.o
                0x0000000008006dd0                USBD_LL_SetupStage
 .text.USBD_LL_DataOutStage
                0x0000000008006e66       0xe2 Middlewares/ST/STM32_USB_Device_Library/Core/Src/usbd_core.o
                0x0000000008006e66                USBD_LL_DataOutStage
 .text.USBD_LL_DataInStage
                0x0000000008006f48      0x14a Middlewares/ST/STM32_USB_Device_Library/Core/Src/usbd_core.o
                0x0000000008006f48                USBD_LL_DataInStage
 .text.USBD_LL_Reset
                0x0000000008007092       0x82 Middlewares/ST/STM32_USB_Device_Library/Core/Src/usbd_core.o
                0x0000000008007092                USBD_LL_Reset
 .text.USBD_LL_SetSpeed
                0x0000000008007114       0x20 Middlewares/ST/STM32_USB_Device_Library/Core/Src/usbd_core.o
                0x0000000008007114                USBD_LL_SetSpeed
 .text.USBD_LL_Suspend
                0x0000000008007134       0x2a Middlewares/ST/STM32_USB_Device_Library/Core/Src/usbd_core.o
                0x0000000008007134                USBD_LL_Suspend
 .text.USBD_LL_Resume
                0x000000000800715e       0x2c Middlewares/ST/STM32_USB_Device_Library/Core/Src/usbd_core.o
                0x000000000800715e                USBD_LL_Resume
 .text.USBD_LL_SOF
                0x000000000800718a       0x34 Middlewares/ST/STM32_USB_Device_Library/Core/Src/usbd_core.o
                0x000000000800718a                USBD_LL_SOF
 *fill*         0x00000000080071be        0x2 
 .text.USBD_StdDevReq
                0x00000000080071c0       0xd4 Middlewares/ST/STM32_USB_Device_Library/Core/Src/usbd_ctlreq.o
                0x00000000080071c0                USBD_StdDevReq
 .text.USBD_StdItfReq
                0x0000000008007294       0x8c Middlewares/ST/STM32_USB_Device_Library/Core/Src/usbd_ctlreq.o
                0x0000000008007294                USBD_StdItfReq
 .text.USBD_StdEPReq
                0x0000000008007320      0x2ba Middlewares/ST/STM32_USB_Device_Library/Core/Src/usbd_ctlreq.o
                0x0000000008007320                USBD_StdEPReq
 *fill*         0x00000000080075da        0x2 
 .text.USBD_GetDescriptor
                0x00000000080075dc      0x2d0 Middlewares/ST/STM32_USB_Device_Library/Core/Src/usbd_ctlreq.o
 .text.USBD_SetAddress
                0x00000000080078ac       0x84 Middlewares/ST/STM32_USB_Device_Library/Core/Src/usbd_ctlreq.o
 .text.USBD_SetConfig
                0x0000000008007930      0x11c Middlewares/ST/STM32_USB_Device_Library/Core/Src/usbd_ctlreq.o
 .text.USBD_GetConfig
                0x0000000008007a4c       0x68 Middlewares/ST/STM32_USB_Device_Library/Core/Src/usbd_ctlreq.o
 .text.USBD_GetStatus
                0x0000000008007ab4       0x66 Middlewares/ST/STM32_USB_Device_Library/Core/Src/usbd_ctlreq.o
 .text.USBD_SetFeature
                0x0000000008007b1a       0x28 Middlewares/ST/STM32_USB_Device_Library/Core/Src/usbd_ctlreq.o
 .text.USBD_ClrFeature
                0x0000000008007b42       0x42 Middlewares/ST/STM32_USB_Device_Library/Core/Src/usbd_ctlreq.o
 .text.USBD_ParseSetupRequest
                0x0000000008007b84       0x7a Middlewares/ST/STM32_USB_Device_Library/Core/Src/usbd_ctlreq.o
                0x0000000008007b84                USBD_ParseSetupRequest
 .text.USBD_CtlError
                0x0000000008007bfe       0x22 Middlewares/ST/STM32_USB_Device_Library/Core/Src/usbd_ctlreq.o
                0x0000000008007bfe                USBD_CtlError
 .text.USBD_GetString
                0x0000000008007c20       0x84 Middlewares/ST/STM32_USB_Device_Library/Core/Src/usbd_ctlreq.o
                0x0000000008007c20                USBD_GetString
 .text.USBD_GetLen
                0x0000000008007ca4       0x30 Middlewares/ST/STM32_USB_Device_Library/Core/Src/usbd_ctlreq.o
 .text.USBD_CtlSendData
                0x0000000008007cd4       0x38 Middlewares/ST/STM32_USB_Device_Library/Core/Src/usbd_ioreq.o
                0x0000000008007cd4                USBD_CtlSendData
 .text.USBD_CtlContinueSendData
                0x0000000008007d0c       0x24 Middlewares/ST/STM32_USB_Device_Library/Core/Src/usbd_ioreq.o
                0x0000000008007d0c                USBD_CtlContinueSendData
 .text.USBD_CtlPrepareRx
                0x0000000008007d30       0x3c Middlewares/ST/STM32_USB_Device_Library/Core/Src/usbd_ioreq.o
                0x0000000008007d30                USBD_CtlPrepareRx
 .text.USBD_CtlContinueRx
                0x0000000008007d6c       0x24 Middlewares/ST/STM32_USB_Device_Library/Core/Src/usbd_ioreq.o
                0x0000000008007d6c                USBD_CtlContinueRx
 .text.USBD_CtlSendStatus
                0x0000000008007d90       0x26 Middlewares/ST/STM32_USB_Device_Library/Core/Src/usbd_ioreq.o
                0x0000000008007d90                USBD_CtlSendStatus
 .text.USBD_CtlReceiveStatus
                0x0000000008007db6       0x26 Middlewares/ST/STM32_USB_Device_Library/Core/Src/usbd_ioreq.o
                0x0000000008007db6                USBD_CtlReceiveStatus
 .text.MX_USB_DEVICE_Init
                0x0000000008007ddc       0x60 USB_DEVICE/App/usb_device.o
                0x0000000008007ddc                MX_USB_DEVICE_Init
 .text.CDC_Init_FS
                0x0000000008007e3c       0x28 USB_DEVICE/App/usbd_cdc_if.o
 .text.CDC_DeInit_FS
                0x0000000008007e64       0x10 USB_DEVICE/App/usbd_cdc_if.o
 .text.CDC_Control_FS
                0x0000000008007e74       0xbc USB_DEVICE/App/usbd_cdc_if.o
 .text.CDC_Receive_FS
                0x0000000008007f30       0x28 USB_DEVICE/App/usbd_cdc_if.o
 .text.CDC_Transmit_FS
                0x0000000008007f58       0x4c USB_DEVICE/App/usbd_cdc_if.o
                0x0000000008007f58                CDC_Transmit_FS
 .text.USBD_FS_DeviceDescriptor
                0x0000000008007fa4       0x24 USB_DEVICE/App/usbd_desc.o
                0x0000000008007fa4                USBD_FS_DeviceDescriptor
 .text.USBD_FS_LangIDStrDescriptor
                0x0000000008007fc8       0x24 USB_DEVICE/App/usbd_desc.o
                0x0000000008007fc8                USBD_FS_LangIDStrDescriptor
 .text.USBD_FS_ProductStrDescriptor
                0x0000000008007fec       0x3c USB_DEVICE/App/usbd_desc.o
                0x0000000008007fec                USBD_FS_ProductStrDescriptor
 .text.USBD_FS_ManufacturerStrDescriptor
                0x0000000008008028       0x28 USB_DEVICE/App/usbd_desc.o
                0x0000000008008028                USBD_FS_ManufacturerStrDescriptor
 .text.USBD_FS_SerialStrDescriptor
                0x0000000008008050       0x24 USB_DEVICE/App/usbd_desc.o
                0x0000000008008050                USBD_FS_SerialStrDescriptor
 .text.USBD_FS_ConfigStrDescriptor
                0x0000000008008074       0x3c USB_DEVICE/App/usbd_desc.o
                0x0000000008008074                USBD_FS_ConfigStrDescriptor
 .text.USBD_FS_InterfaceStrDescriptor
                0x00000000080080b0       0x3c USB_DEVICE/App/usbd_desc.o
                0x00000000080080b0                USBD_FS_InterfaceStrDescriptor
 .text.Get_SerialNum
                0x00000000080080ec       0x58 USB_DEVICE/App/usbd_desc.o
 .text.IntToUnicode
                0x0000000008008144       0x7c USB_DEVICE/App/usbd_desc.o
 .text.HAL_PCD_MspInit
                0x00000000080081c0       0x98 USB_DEVICE/Target/usbd_conf.o
                0x00000000080081c0                HAL_PCD_MspInit
 .text.HAL_PCD_SetupStageCallback
                0x0000000008008258       0x24 USB_DEVICE/Target/usbd_conf.o
                0x0000000008008258                HAL_PCD_SetupStageCallback
 .text.HAL_PCD_DataOutStageCallback
                0x000000000800827c       0x36 USB_DEVICE/Target/usbd_conf.o
                0x000000000800827c                HAL_PCD_DataOutStageCallback
 .text.HAL_PCD_DataInStageCallback
                0x00000000080082b2       0x34 USB_DEVICE/Target/usbd_conf.o
                0x00000000080082b2                HAL_PCD_DataInStageCallback
 .text.HAL_PCD_SOFCallback
                0x00000000080082e6       0x1c USB_DEVICE/Target/usbd_conf.o
                0x00000000080082e6                HAL_PCD_SOFCallback
 .text.HAL_PCD_ResetCallback
                0x0000000008008302       0x3c USB_DEVICE/Target/usbd_conf.o
                0x0000000008008302                HAL_PCD_ResetCallback
 *fill*         0x000000000800833e        0x2 
 .text.HAL_PCD_SuspendCallback
                0x0000000008008340       0x34 USB_DEVICE/Target/usbd_conf.o
                0x0000000008008340                HAL_PCD_SuspendCallback
 .text.HAL_PCD_ResumeCallback
                0x0000000008008374       0x1c USB_DEVICE/Target/usbd_conf.o
                0x0000000008008374                HAL_PCD_ResumeCallback
 .text.USBD_LL_Init
                0x0000000008008390       0xb4 USB_DEVICE/Target/usbd_conf.o
                0x0000000008008390                USBD_LL_Init
 .text.USBD_LL_Start
                0x0000000008008444       0x36 USB_DEVICE/Target/usbd_conf.o
                0x0000000008008444                USBD_LL_Start
 .text.USBD_LL_OpenEP
                0x000000000800847a       0x4c USB_DEVICE/Target/usbd_conf.o
                0x000000000800847a                USBD_LL_OpenEP
 .text.USBD_LL_CloseEP
                0x00000000080084c6       0x3e USB_DEVICE/Target/usbd_conf.o
                0x00000000080084c6                USBD_LL_CloseEP
 .text.USBD_LL_StallEP
                0x0000000008008504       0x3e USB_DEVICE/Target/usbd_conf.o
                0x0000000008008504                USBD_LL_StallEP
 .text.USBD_LL_ClearStallEP
                0x0000000008008542       0x3e USB_DEVICE/Target/usbd_conf.o
                0x0000000008008542                USBD_LL_ClearStallEP
 .text.USBD_LL_IsStallEP
                0x0000000008008580       0x5a USB_DEVICE/Target/usbd_conf.o
                0x0000000008008580                USBD_LL_IsStallEP
 .text.USBD_LL_SetUSBAddress
                0x00000000080085da       0x3e USB_DEVICE/Target/usbd_conf.o
                0x00000000080085da                USBD_LL_SetUSBAddress
 .text.USBD_LL_Transmit
                0x0000000008008618       0x46 USB_DEVICE/Target/usbd_conf.o
                0x0000000008008618                USBD_LL_Transmit
 .text.USBD_LL_PrepareReceive
                0x000000000800865e       0x46 USB_DEVICE/Target/usbd_conf.o
                0x000000000800865e                USBD_LL_PrepareReceive
 .text.USBD_LL_GetRxDataSize
                0x00000000080086a4       0x26 USB_DEVICE/Target/usbd_conf.o
                0x00000000080086a4                USBD_LL_GetRxDataSize
 *fill*         0x00000000080086ca        0x2 
 .text.USBD_static_malloc
                0x00000000080086cc       0x1c USB_DEVICE/Target/usbd_conf.o
                0x00000000080086cc                USBD_static_malloc
 .text.USBD_static_free
                0x00000000080086e8       0x14 USB_DEVICE/Target/usbd_conf.o
                0x00000000080086e8                USBD_static_free
 .text.HAL_PCDEx_SetConnectionState
                0x00000000080086fc       0x18 USB_DEVICE/Target/usbd_conf.o
                0x00000000080086fc                HAL_PCDEx_SetConnectionState
 .text.USBD_Get_USB_Status
                0x0000000008008714       0x58 USB_DEVICE/Target/usbd_conf.o
 .text.__libc_init_array
                0x000000000800876c       0x48 c:/st/stm32cubeide_1.4.0/stm32cubeide/plugins/com.st.stm32cube.ide.mcu.externaltools.gnu-tools-for-stm32.7-2018-q2-update.win32_1.4.0.202007081208/tools/bin/../lib/gcc/arm-none-eabi/7.3.1/../../../../arm-none-eabi/lib/thumb/v7e-m/fpv4-sp/hard\libc_nano.a(lib_a-init.o)
                0x000000000800876c                __libc_init_array
 .text.memset   0x00000000080087b4       0x10 c:/st/stm32cubeide_1.4.0/stm32cubeide/plugins/com.st.stm32cube.ide.mcu.externaltools.gnu-tools-for-stm32.7-2018-q2-update.win32_1.4.0.202007081208/tools/bin/../lib/gcc/arm-none-eabi/7.3.1/../../../../arm-none-eabi/lib/thumb/v7e-m/fpv4-sp/hard\libc_nano.a(lib_a-memset.o)
                0x00000000080087b4                memset
 *(.glue_7)
 .glue_7        0x00000000080087c4        0x0 linker stubs
 *(.glue_7t)
 .glue_7t       0x00000000080087c4        0x0 linker stubs
 *(.eh_frame)
 .eh_frame      0x00000000080087c4        0x0 c:/st/stm32cubeide_1.4.0/stm32cubeide/plugins/com.st.stm32cube.ide.mcu.externaltools.gnu-tools-for-stm32.7-2018-q2-update.win32_1.4.0.202007081208/tools/bin/../lib/gcc/arm-none-eabi/7.3.1/thumb/v7e-m/fpv4-sp/hard/crtbegin.o
 *(.init)
 .init          0x00000000080087c4        0x4 c:/st/stm32cubeide_1.4.0/stm32cubeide/plugins/com.st.stm32cube.ide.mcu.externaltools.gnu-tools-for-stm32.7-2018-q2-update.win32_1.4.0.202007081208/tools/bin/../lib/gcc/arm-none-eabi/7.3.1/thumb/v7e-m/fpv4-sp/hard/crti.o
                0x00000000080087c4                _init
 .init          0x00000000080087c8        0x8 c:/st/stm32cubeide_1.4.0/stm32cubeide/plugins/com.st.stm32cube.ide.mcu.externaltools.gnu-tools-for-stm32.7-2018-q2-update.win32_1.4.0.202007081208/tools/bin/../lib/gcc/arm-none-eabi/7.3.1/thumb/v7e-m/fpv4-sp/hard/crtn.o
 *(.fini)
 .fini          0x00000000080087d0        0x4 c:/st/stm32cubeide_1.4.0/stm32cubeide/plugins/com.st.stm32cube.ide.mcu.externaltools.gnu-tools-for-stm32.7-2018-q2-update.win32_1.4.0.202007081208/tools/bin/../lib/gcc/arm-none-eabi/7.3.1/thumb/v7e-m/fpv4-sp/hard/crti.o
                0x00000000080087d0                _fini
 .fini          0x00000000080087d4        0x8 c:/st/stm32cubeide_1.4.0/stm32cubeide/plugins/com.st.stm32cube.ide.mcu.externaltools.gnu-tools-for-stm32.7-2018-q2-update.win32_1.4.0.202007081208/tools/bin/../lib/gcc/arm-none-eabi/7.3.1/thumb/v7e-m/fpv4-sp/hard/crtn.o
                0x00000000080087dc                . = ALIGN (0x4)
                0x00000000080087dc                _etext = .

.vfp11_veneer   0x00000000080087dc        0x0
 .vfp11_veneer  0x00000000080087dc        0x0 linker stubs

.v4_bx          0x00000000080087dc        0x0
 .v4_bx         0x00000000080087dc        0x0 linker stubs

.iplt           0x00000000080087dc        0x0
 .iplt          0x00000000080087dc        0x0 c:/st/stm32cubeide_1.4.0/stm32cubeide/plugins/com.st.stm32cube.ide.mcu.externaltools.gnu-tools-for-stm32.7-2018-q2-update.win32_1.4.0.202007081208/tools/bin/../lib/gcc/arm-none-eabi/7.3.1/thumb/v7e-m/fpv4-sp/hard/crtbegin.o

.rodata         0x00000000080087dc       0x78
                0x00000000080087dc                . = ALIGN (0x4)
 *(.rodata)
 .rodata        0x00000000080087dc       0x46 USB_DEVICE/App/usbd_desc.o
 *(.rodata*)
 *fill*         0x0000000008008822        0x2 
 .rodata.AHBPrescTable
                0x0000000008008824       0x10 Core/Src/system_stm32f3xx.o
                0x0000000008008824                AHBPrescTable
 .rodata.aPLLMULFactorTable
                0x0000000008008834       0x10 Drivers/STM32F3xx_HAL_Driver/Src/stm32f3xx_hal_rcc.o
                0x0000000008008834                aPLLMULFactorTable
 .rodata.aPredivFactorTable
                0x0000000008008844       0x10 Drivers/STM32F3xx_HAL_Driver/Src/stm32f3xx_hal_rcc.o
                0x0000000008008844                aPredivFactorTable
                0x0000000008008854                . = ALIGN (0x4)

.rel.dyn        0x0000000008008854        0x0
 .rel.iplt      0x0000000008008854        0x0 c:/st/stm32cubeide_1.4.0/stm32cubeide/plugins/com.st.stm32cube.ide.mcu.externaltools.gnu-tools-for-stm32.7-2018-q2-update.win32_1.4.0.202007081208/tools/bin/../lib/gcc/arm-none-eabi/7.3.1/thumb/v7e-m/fpv4-sp/hard/crtbegin.o

.ARM.extab      0x0000000008008854        0x0
                0x0000000008008854                . = ALIGN (0x4)
 *(.ARM.extab* .gnu.linkonce.armextab.*)
                0x0000000008008854                . = ALIGN (0x4)

.ARM            0x0000000008008854        0x0
                0x0000000008008854                . = ALIGN (0x4)
                0x0000000008008854                __exidx_start = .
 *(.ARM.exidx*)
                0x0000000008008854                __exidx_end = .
                0x0000000008008854                . = ALIGN (0x4)

.preinit_array  0x0000000008008854        0x0
                0x0000000008008854                . = ALIGN (0x4)
                0x0000000008008854                PROVIDE (__preinit_array_start = .)
 *(.preinit_array*)
                0x0000000008008854                PROVIDE (__preinit_array_end = .)
                0x0000000008008854                . = ALIGN (0x4)

.init_array     0x0000000008008854        0x4
                0x0000000008008854                . = ALIGN (0x4)
                0x0000000008008854                PROVIDE (__init_array_start = .)
 *(SORT_BY_NAME(.init_array.*))
 *(.init_array*)
 .init_array    0x0000000008008854        0x4 c:/st/stm32cubeide_1.4.0/stm32cubeide/plugins/com.st.stm32cube.ide.mcu.externaltools.gnu-tools-for-stm32.7-2018-q2-update.win32_1.4.0.202007081208/tools/bin/../lib/gcc/arm-none-eabi/7.3.1/thumb/v7e-m/fpv4-sp/hard/crtbegin.o
                0x0000000008008858                PROVIDE (__init_array_end = .)
                0x0000000008008858                . = ALIGN (0x4)

.fini_array     0x0000000008008858        0x4
                0x0000000008008858                . = ALIGN (0x4)
                [!provide]                        PROVIDE (__fini_array_start = .)
 *(SORT_BY_NAME(.fini_array.*))
 *(.fini_array*)
 .fini_array    0x0000000008008858        0x4 c:/st/stm32cubeide_1.4.0/stm32cubeide/plugins/com.st.stm32cube.ide.mcu.externaltools.gnu-tools-for-stm32.7-2018-q2-update.win32_1.4.0.202007081208/tools/bin/../lib/gcc/arm-none-eabi/7.3.1/thumb/v7e-m/fpv4-sp/hard/crtbegin.o
                [!provide]                        PROVIDE (__fini_array_end = .)
                0x000000000800885c                . = ALIGN (0x4)
                0x000000000800885c                _sidata = LOADADDR (.data)

.data           0x0000000020000000      0x17c load address 0x000000000800885c
                0x0000000020000000                . = ALIGN (0x4)
                0x0000000020000000                _sdata = .
 *(.data)
 *(.data*)
 .data.SystemCoreClock
                0x0000000020000000        0x4 Core/Src/system_stm32f3xx.o
                0x0000000020000000                SystemCoreClock
 .data.uwTickPrio
                0x0000000020000004        0x4 Drivers/STM32F3xx_HAL_Driver/Src/stm32f3xx_hal.o
                0x0000000020000004                uwTickPrio
 .data.uwTickFreq
                0x0000000020000008        0x1 Drivers/STM32F3xx_HAL_Driver/Src/stm32f3xx_hal.o
                0x0000000020000008                uwTickFreq
 *fill*         0x0000000020000009        0x3 
 .data.USBD_CDC_DeviceQualifierDesc
                0x000000002000000c        0xa Middlewares/ST/STM32_USB_Device_Library/Class/CDC/Src/usbd_cdc.o
 *fill*         0x0000000020000016        0x2 
 .data.USBD_CDC
                0x0000000020000018       0x38 Middlewares/ST/STM32_USB_Device_Library/Class/CDC/Src/usbd_cdc.o
                0x0000000020000018                USBD_CDC
 .data.USBD_CDC_CfgHSDesc
                0x0000000020000050       0x43 Middlewares/ST/STM32_USB_Device_Library/Class/CDC/Src/usbd_cdc.o
                0x0000000020000050                USBD_CDC_CfgHSDesc
 *fill*         0x0000000020000093        0x1 
 .data.USBD_CDC_CfgFSDesc
                0x0000000020000094       0x43 Middlewares/ST/STM32_USB_Device_Library/Class/CDC/Src/usbd_cdc.o
                0x0000000020000094                USBD_CDC_CfgFSDesc
 *fill*         0x00000000200000d7        0x1 
 .data.USBD_CDC_OtherSpeedCfgDesc
                0x00000000200000d8       0x43 Middlewares/ST/STM32_USB_Device_Library/Class/CDC/Src/usbd_cdc.o
                0x00000000200000d8                USBD_CDC_OtherSpeedCfgDesc
 *fill*         0x000000002000011b        0x1 
 .data.USBD_Interface_fops_FS
                0x000000002000011c       0x10 USB_DEVICE/App/usbd_cdc_if.o
                0x000000002000011c                USBD_Interface_fops_FS
 .data.FS_Desc  0x000000002000012c       0x1c USB_DEVICE/App/usbd_desc.o
                0x000000002000012c                FS_Desc
 .data.USBD_FS_DeviceDesc
                0x0000000020000148       0x12 USB_DEVICE/App/usbd_desc.o
                0x0000000020000148                USBD_FS_DeviceDesc
 *fill*         0x000000002000015a        0x2 
 .data.USBD_LangIDDesc
                0x000000002000015c        0x4 USB_DEVICE/App/usbd_desc.o
                0x000000002000015c                USBD_LangIDDesc
 .data.USBD_StringSerial
                0x0000000020000160       0x1a USB_DEVICE/App/usbd_desc.o
                0x0000000020000160                USBD_StringSerial
                0x000000002000017c                . = ALIGN (0x4)
 *fill*         0x000000002000017a        0x2 
                0x000000002000017c                _edata = .

.igot.plt       0x000000002000017c        0x0 load address 0x00000000080089d8
 .igot.plt      0x000000002000017c        0x0 c:/st/stm32cubeide_1.4.0/stm32cubeide/plugins/com.st.stm32cube.ide.mcu.externaltools.gnu-tools-for-stm32.7-2018-q2-update.win32_1.4.0.202007081208/tools/bin/../lib/gcc/arm-none-eabi/7.3.1/thumb/v7e-m/fpv4-sp/hard/crtbegin.o
                0x000000002000017c                . = ALIGN (0x4)

.bss            0x000000002000017c     0x1274 load address 0x00000000080089d8
                0x000000002000017c                _sbss = .
                0x000000002000017c                __bss_start__ = _sbss
 *(.bss)
 .bss           0x000000002000017c       0x1c c:/st/stm32cubeide_1.4.0/stm32cubeide/plugins/com.st.stm32cube.ide.mcu.externaltools.gnu-tools-for-stm32.7-2018-q2-update.win32_1.4.0.202007081208/tools/bin/../lib/gcc/arm-none-eabi/7.3.1/thumb/v7e-m/fpv4-sp/hard/crtbegin.o
 *(.bss*)
 .bss.cfgidx.9780
                0x0000000020000198        0x1 Middlewares/ST/STM32_USB_Device_Library/Core/Src/usbd_ctlreq.o
 *fill*         0x0000000020000199        0x3 
 .bss.mem.9850  0x000000002000019c      0x220 USB_DEVICE/Target/usbd_conf.o
 *(COMMON)
 COMMON         0x00000000200003bc       0xb0 Core/Src/main.o
                0x00000000200003bc                hi2c1
                0x0000000020000408                hspi1
 COMMON         0x000000002000046c        0x4 Drivers/STM32F3xx_HAL_Driver/Src/stm32f3xx_hal.o
                0x000000002000046c                uwTick
 COMMON         0x0000000020000470      0x2c4 USB_DEVICE/App/usb_device.o
                0x0000000020000470                hUsbDeviceFS
 COMMON         0x0000000020000734      0x7d0 USB_DEVICE/App/usbd_cdc_if.o
                0x0000000020000734                UserRxBufferFS
                0x0000000020000b1c                UserTxBufferFS
 COMMON         0x0000000020000f04      0x200 USB_DEVICE/App/usbd_desc.o
                0x0000000020000f04                USBD_StrDesc
 COMMON         0x0000000020001104      0x2ec USB_DEVICE/Target/usbd_conf.o
                0x0000000020001104                hpcd_USB_FS
                0x00000000200013f0                . = ALIGN (0x4)
                0x00000000200013f0                _ebss = .
                0x00000000200013f0                __bss_end__ = _ebss

._user_heap_stack
                0x00000000200013f0      0x600 load address 0x00000000080089d8
                0x00000000200013f0                . = ALIGN (0x8)
                [!provide]                        PROVIDE (end = .)
                0x00000000200013f0                PROVIDE (_end = .)
                0x00000000200015f0                . = (. + _Min_Heap_Size)
 *fill*         0x00000000200013f0      0x200 
                0x00000000200019f0                . = (. + _Min_Stack_Size)
 *fill*         0x00000000200015f0      0x400 
                0x00000000200019f0                . = ALIGN (0x8)

/DISCARD/
 libc.a(*)
 libm.a(*)
 libgcc.a(*)

.ARM.attributes
                0x0000000000000000       0x30
 *(.ARM.attributes)
 .ARM.attributes
                0x0000000000000000       0x22 c:/st/stm32cubeide_1.4.0/stm32cubeide/plugins/com.st.stm32cube.ide.mcu.externaltools.gnu-tools-for-stm32.7-2018-q2-update.win32_1.4.0.202007081208/tools/bin/../lib/gcc/arm-none-eabi/7.3.1/thumb/v7e-m/fpv4-sp/hard/crti.o
 .ARM.attributes
                0x0000000000000022       0x34 c:/st/stm32cubeide_1.4.0/stm32cubeide/plugins/com.st.stm32cube.ide.mcu.externaltools.gnu-tools-for-stm32.7-2018-q2-update.win32_1.4.0.202007081208/tools/bin/../lib/gcc/arm-none-eabi/7.3.1/thumb/v7e-m/fpv4-sp/hard/crtbegin.o
 .ARM.attributes
                0x0000000000000056       0x39 Core/Src/main.o
 .ARM.attributes
                0x000000000000008f       0x39 Core/Src/stm32f3xx_hal_msp.o
 .ARM.attributes
                0x00000000000000c8       0x39 Core/Src/stm32f3xx_it.o
 .ARM.attributes
                0x0000000000000101       0x39 Core/Src/system_stm32f3xx.o
 .ARM.attributes
                0x000000000000013a       0x21 Core/Startup/startup_stm32f303vctx.o
 .ARM.attributes
                0x000000000000015b       0x39 Drivers/STM32F3xx_HAL_Driver/Src/stm32f3xx_hal.o
 .ARM.attributes
                0x0000000000000194       0x39 Drivers/STM32F3xx_HAL_Driver/Src/stm32f3xx_hal_cortex.o
 .ARM.attributes
                0x00000000000001cd       0x39 Drivers/STM32F3xx_HAL_Driver/Src/stm32f3xx_hal_gpio.o
 .ARM.attributes
                0x0000000000000206       0x39 Drivers/STM32F3xx_HAL_Driver/Src/stm32f3xx_hal_i2c.o
 .ARM.attributes
                0x000000000000023f       0x39 Drivers/STM32F3xx_HAL_Driver/Src/stm32f3xx_hal_i2c_ex.o
 .ARM.attributes
                0x0000000000000278       0x39 Drivers/STM32F3xx_HAL_Driver/Src/stm32f3xx_hal_pcd.o
 .ARM.attributes
                0x00000000000002b1       0x39 Drivers/STM32F3xx_HAL_Driver/Src/stm32f3xx_hal_pcd_ex.o
 .ARM.attributes
                0x00000000000002ea       0x39 Drivers/STM32F3xx_HAL_Driver/Src/stm32f3xx_hal_rcc.o
 .ARM.attributes
                0x0000000000000323       0x39 Drivers/STM32F3xx_HAL_Driver/Src/stm32f3xx_hal_rcc_ex.o
 .ARM.attributes
                0x000000000000035c       0x39 Drivers/STM32F3xx_HAL_Driver/Src/stm32f3xx_hal_spi.o
 .ARM.attributes
                0x0000000000000395       0x39 Drivers/STM32F3xx_HAL_Driver/Src/stm32f3xx_ll_usb.o
 .ARM.attributes
                0x00000000000003ce       0x39 Middlewares/ST/STM32_USB_Device_Library/Class/CDC/Src/usbd_cdc.o
 .ARM.attributes
                0x0000000000000407       0x39 Middlewares/ST/STM32_USB_Device_Library/Core/Src/usbd_core.o
 .ARM.attributes
                0x0000000000000440       0x39 Middlewares/ST/STM32_USB_Device_Library/Core/Src/usbd_ctlreq.o
 .ARM.attributes
                0x0000000000000479       0x39 Middlewares/ST/STM32_USB_Device_Library/Core/Src/usbd_ioreq.o
 .ARM.attributes
                0x00000000000004b2       0x39 USB_DEVICE/App/usb_device.o
 .ARM.attributes
                0x00000000000004eb       0x39 USB_DEVICE/App/usbd_cdc_if.o
 .ARM.attributes
                0x0000000000000524       0x39 USB_DEVICE/App/usbd_desc.o
 .ARM.attributes
                0x000000000000055d       0x39 USB_DEVICE/Target/usbd_conf.o
 .ARM.attributes
                0x0000000000000596       0x34 c:/st/stm32cubeide_1.4.0/stm32cubeide/plugins/com.st.stm32cube.ide.mcu.externaltools.gnu-tools-for-stm32.7-2018-q2-update.win32_1.4.0.202007081208/tools/bin/../lib/gcc/arm-none-eabi/7.3.1/../../../../arm-none-eabi/lib/thumb/v7e-m/fpv4-sp/hard\libc_nano.a(lib_a-init.o)
 .ARM.attributes
                0x00000000000005ca       0x34 c:/st/stm32cubeide_1.4.0/stm32cubeide/plugins/com.st.stm32cube.ide.mcu.externaltools.gnu-tools-for-stm32.7-2018-q2-update.win32_1.4.0.202007081208/tools/bin/../lib/gcc/arm-none-eabi/7.3.1/../../../../arm-none-eabi/lib/thumb/v7e-m/fpv4-sp/hard\libc_nano.a(lib_a-memset.o)
 .ARM.attributes
                0x00000000000005fe       0x22 c:/st/stm32cubeide_1.4.0/stm32cubeide/plugins/com.st.stm32cube.ide.mcu.externaltools.gnu-tools-for-stm32.7-2018-q2-update.win32_1.4.0.202007081208/tools/bin/../lib/gcc/arm-none-eabi/7.3.1/thumb/v7e-m/fpv4-sp/hard/crtn.o
OUTPUT(naloga_imu.elf elf32-littlearm)

.debug_info     0x0000000000000000    0x16e0a
 .debug_info    0x0000000000000000     0x171c Core/Src/main.o
 .debug_info    0x000000000000171c      0xc14 Core/Src/stm32f3xx_hal_msp.o
 .debug_info    0x0000000000002330      0x69c Core/Src/stm32f3xx_it.o
 .debug_info    0x00000000000029cc      0x45c Core/Src/system_stm32f3xx.o
 .debug_info    0x0000000000002e28       0x22 Core/Startup/startup_stm32f303vctx.o
 .debug_info    0x0000000000002e4a      0x7e2 Drivers/STM32F3xx_HAL_Driver/Src/stm32f3xx_hal.o
 .debug_info    0x000000000000362c      0xd99 Drivers/STM32F3xx_HAL_Driver/Src/stm32f3xx_hal_cortex.o
 .debug_info    0x00000000000043c5      0x70b Drivers/STM32F3xx_HAL_Driver/Src/stm32f3xx_hal_gpio.o
 .debug_info    0x0000000000004ad0     0x1fe5 Drivers/STM32F3xx_HAL_Driver/Src/stm32f3xx_hal_i2c.o
 .debug_info    0x0000000000006ab5      0x8de Drivers/STM32F3xx_HAL_Driver/Src/stm32f3xx_hal_i2c_ex.o
 .debug_info    0x0000000000007393     0x124b Drivers/STM32F3xx_HAL_Driver/Src/stm32f3xx_hal_pcd.o
 .debug_info    0x00000000000085de      0x77b Drivers/STM32F3xx_HAL_Driver/Src/stm32f3xx_hal_pcd_ex.o
 .debug_info    0x0000000000008d59     0x180f Drivers/STM32F3xx_HAL_Driver/Src/stm32f3xx_hal_rcc.o
 .debug_info    0x000000000000a568      0x6ad Drivers/STM32F3xx_HAL_Driver/Src/stm32f3xx_hal_rcc_ex.o
 .debug_info    0x000000000000ac15     0x167f Drivers/STM32F3xx_HAL_Driver/Src/stm32f3xx_hal_spi.o
 .debug_info    0x000000000000c294     0x161e Drivers/STM32F3xx_HAL_Driver/Src/stm32f3xx_ll_usb.o
 .debug_info    0x000000000000d8b2     0x17ac Middlewares/ST/STM32_USB_Device_Library/Class/CDC/Src/usbd_cdc.o
 .debug_info    0x000000000000f05e     0x11d5 Middlewares/ST/STM32_USB_Device_Library/Core/Src/usbd_core.o
 .debug_info    0x0000000000010233     0x1145 Middlewares/ST/STM32_USB_Device_Library/Core/Src/usbd_ctlreq.o
 .debug_info    0x0000000000011378      0xf36 Middlewares/ST/STM32_USB_Device_Library/Core/Src/usbd_ioreq.o
 .debug_info    0x00000000000122ae      0xe7e USB_DEVICE/App/usb_device.o
 .debug_info    0x000000000001312c     0x1039 USB_DEVICE/App/usbd_cdc_if.o
 .debug_info    0x0000000000014165      0xd1a USB_DEVICE/App/usbd_desc.o
 .debug_info    0x0000000000014e7f     0x1f8b USB_DEVICE/Target/usbd_conf.o

.debug_abbrev   0x0000000000000000     0x31b2
 .debug_abbrev  0x0000000000000000      0x2c5 Core/Src/main.o
 .debug_abbrev  0x00000000000002c5      0x197 Core/Src/stm32f3xx_hal_msp.o
 .debug_abbrev  0x000000000000045c      0x155 Core/Src/stm32f3xx_it.o
 .debug_abbrev  0x00000000000005b1      0x12b Core/Src/system_stm32f3xx.o
 .debug_abbrev  0x00000000000006dc       0x12 Core/Startup/startup_stm32f303vctx.o
 .debug_abbrev  0x00000000000006ee      0x1c7 Drivers/STM32F3xx_HAL_Driver/Src/stm32f3xx_hal.o
 .debug_abbrev  0x00000000000008b5      0x2fa Drivers/STM32F3xx_HAL_Driver/Src/stm32f3xx_hal_cortex.o
 .debug_abbrev  0x0000000000000baf      0x1c0 Drivers/STM32F3xx_HAL_Driver/Src/stm32f3xx_hal_gpio.o
 .debug_abbrev  0x0000000000000d6f      0x22a Drivers/STM32F3xx_HAL_Driver/Src/stm32f3xx_hal_i2c.o
 .debug_abbrev  0x0000000000000f99      0x1b9 Drivers/STM32F3xx_HAL_Driver/Src/stm32f3xx_hal_i2c_ex.o
 .debug_abbrev  0x0000000000001152      0x282 Drivers/STM32F3xx_HAL_Driver/Src/stm32f3xx_hal_pcd.o
 .debug_abbrev  0x00000000000013d4      0x188 Drivers/STM32F3xx_HAL_Driver/Src/stm32f3xx_hal_pcd_ex.o
 .debug_abbrev  0x000000000000155c      0x28c Drivers/STM32F3xx_HAL_Driver/Src/stm32f3xx_hal_rcc.o
 .debug_abbrev  0x00000000000017e8      0x219 Drivers/STM32F3xx_HAL_Driver/Src/stm32f3xx_hal_rcc_ex.o
 .debug_abbrev  0x0000000000001a01      0x228 Drivers/STM32F3xx_HAL_Driver/Src/stm32f3xx_hal_spi.o
 .debug_abbrev  0x0000000000001c29      0x22a Drivers/STM32F3xx_HAL_Driver/Src/stm32f3xx_ll_usb.o
 .debug_abbrev  0x0000000000001e53      0x2b6 Middlewares/ST/STM32_USB_Device_Library/Class/CDC/Src/usbd_cdc.o
 .debug_abbrev  0x0000000000002109      0x270 Middlewares/ST/STM32_USB_Device_Library/Core/Src/usbd_core.o
 .debug_abbrev  0x0000000000002379      0x2a0 Middlewares/ST/STM32_USB_Device_Library/Core/Src/usbd_ctlreq.o
 .debug_abbrev  0x0000000000002619      0x1e0 Middlewares/ST/STM32_USB_Device_Library/Core/Src/usbd_ioreq.o
 .debug_abbrev  0x00000000000027f9      0x1be USB_DEVICE/App/usb_device.o
 .debug_abbrev  0x00000000000029b7      0x285 USB_DEVICE/App/usbd_cdc_if.o
 .debug_abbrev  0x0000000000002c3c      0x290 USB_DEVICE/App/usbd_desc.o
 .debug_abbrev  0x0000000000002ecc      0x2e6 USB_DEVICE/Target/usbd_conf.o

.debug_aranges  0x0000000000000000      0xf30
 .debug_aranges
                0x0000000000000000       0x60 Core/Src/main.o
 .debug_aranges
                0x0000000000000060       0x40 Core/Src/stm32f3xx_hal_msp.o
 .debug_aranges
                0x00000000000000a0       0x68 Core/Src/stm32f3xx_it.o
 .debug_aranges
                0x0000000000000108       0x28 Core/Src/system_stm32f3xx.o
 .debug_aranges
                0x0000000000000130       0x28 Core/Startup/startup_stm32f303vctx.o
 .debug_aranges
                0x0000000000000158       0xe0 Drivers/STM32F3xx_HAL_Driver/Src/stm32f3xx_hal.o
 .debug_aranges
                0x0000000000000238      0x118 Drivers/STM32F3xx_HAL_Driver/Src/stm32f3xx_hal_cortex.o
 .debug_aranges
                0x0000000000000350       0x58 Drivers/STM32F3xx_HAL_Driver/Src/stm32f3xx_hal_gpio.o
 .debug_aranges
                0x00000000000003a8      0x290 Drivers/STM32F3xx_HAL_Driver/Src/stm32f3xx_hal_i2c.o
 .debug_aranges
                0x0000000000000638       0x48 Drivers/STM32F3xx_HAL_Driver/Src/stm32f3xx_hal_i2c_ex.o
 .debug_aranges
                0x0000000000000680      0x138 Drivers/STM32F3xx_HAL_Driver/Src/stm32f3xx_hal_pcd.o
 .debug_aranges
                0x00000000000007b8       0x38 Drivers/STM32F3xx_HAL_Driver/Src/stm32f3xx_hal_pcd_ex.o
 .debug_aranges
                0x00000000000007f0       0x88 Drivers/STM32F3xx_HAL_Driver/Src/stm32f3xx_hal_rcc.o
 .debug_aranges
                0x0000000000000878       0x38 Drivers/STM32F3xx_HAL_Driver/Src/stm32f3xx_hal_rcc_ex.o
 .debug_aranges
                0x00000000000008b0      0x1d8 Drivers/STM32F3xx_HAL_Driver/Src/stm32f3xx_hal_spi.o
 .debug_aranges
                0x0000000000000a88       0xb0 Drivers/STM32F3xx_HAL_Driver/Src/stm32f3xx_ll_usb.o
 .debug_aranges
                0x0000000000000b38       0x90 Middlewares/ST/STM32_USB_Device_Library/Class/CDC/Src/usbd_cdc.o
 .debug_aranges
                0x0000000000000bc8       0xb8 Middlewares/ST/STM32_USB_Device_Library/Core/Src/usbd_core.o
 .debug_aranges
                0x0000000000000c80       0x88 Middlewares/ST/STM32_USB_Device_Library/Core/Src/usbd_ctlreq.o
 .debug_aranges
                0x0000000000000d08       0x50 Middlewares/ST/STM32_USB_Device_Library/Core/Src/usbd_ioreq.o
 .debug_aranges
                0x0000000000000d58       0x20 USB_DEVICE/App/usb_device.o
 .debug_aranges
                0x0000000000000d78       0x40 USB_DEVICE/App/usbd_cdc_if.o
 .debug_aranges
                0x0000000000000db8       0x60 USB_DEVICE/App/usbd_desc.o
 .debug_aranges
                0x0000000000000e18      0x118 USB_DEVICE/Target/usbd_conf.o

.debug_ranges   0x0000000000000000      0xdb8
 .debug_ranges  0x0000000000000000       0x50 Core/Src/main.o
 .debug_ranges  0x0000000000000050       0x30 Core/Src/stm32f3xx_hal_msp.o
 .debug_ranges  0x0000000000000080       0x58 Core/Src/stm32f3xx_it.o
 .debug_ranges  0x00000000000000d8       0x18 Core/Src/system_stm32f3xx.o
 .debug_ranges  0x00000000000000f0       0x20 Core/Startup/startup_stm32f303vctx.o
 .debug_ranges  0x0000000000000110       0xd0 Drivers/STM32F3xx_HAL_Driver/Src/stm32f3xx_hal.o
 .debug_ranges  0x00000000000001e0      0x108 Drivers/STM32F3xx_HAL_Driver/Src/stm32f3xx_hal_cortex.o
 .debug_ranges  0x00000000000002e8       0x48 Drivers/STM32F3xx_HAL_Driver/Src/stm32f3xx_hal_gpio.o
 .debug_ranges  0x0000000000000330      0x280 Drivers/STM32F3xx_HAL_Driver/Src/stm32f3xx_hal_i2c.o
 .debug_ranges  0x00000000000005b0       0x38 Drivers/STM32F3xx_HAL_Driver/Src/stm32f3xx_hal_i2c_ex.o
 .debug_ranges  0x00000000000005e8      0x128 Drivers/STM32F3xx_HAL_Driver/Src/stm32f3xx_hal_pcd.o
 .debug_ranges  0x0000000000000710       0x28 Drivers/STM32F3xx_HAL_Driver/Src/stm32f3xx_hal_pcd_ex.o
 .debug_ranges  0x0000000000000738       0x78 Drivers/STM32F3xx_HAL_Driver/Src/stm32f3xx_hal_rcc.o
 .debug_ranges  0x00000000000007b0       0x28 Drivers/STM32F3xx_HAL_Driver/Src/stm32f3xx_hal_rcc_ex.o
 .debug_ranges  0x00000000000007d8      0x1c8 Drivers/STM32F3xx_HAL_Driver/Src/stm32f3xx_hal_spi.o
 .debug_ranges  0x00000000000009a0       0xa0 Drivers/STM32F3xx_HAL_Driver/Src/stm32f3xx_ll_usb.o
 .debug_ranges  0x0000000000000a40       0x80 Middlewares/ST/STM32_USB_Device_Library/Class/CDC/Src/usbd_cdc.o
 .debug_ranges  0x0000000000000ac0       0xa8 Middlewares/ST/STM32_USB_Device_Library/Core/Src/usbd_core.o
 .debug_ranges  0x0000000000000b68       0x78 Middlewares/ST/STM32_USB_Device_Library/Core/Src/usbd_ctlreq.o
 .debug_ranges  0x0000000000000be0       0x40 Middlewares/ST/STM32_USB_Device_Library/Core/Src/usbd_ioreq.o
 .debug_ranges  0x0000000000000c20       0x10 USB_DEVICE/App/usb_device.o
 .debug_ranges  0x0000000000000c30       0x30 USB_DEVICE/App/usbd_cdc_if.o
 .debug_ranges  0x0000000000000c60       0x50 USB_DEVICE/App/usbd_desc.o
 .debug_ranges  0x0000000000000cb0      0x108 USB_DEVICE/Target/usbd_conf.o

.debug_macro    0x0000000000000000    0x202b2
 .debug_macro   0x0000000000000000      0x3df Core/Src/main.o
 .debug_macro   0x00000000000003df      0xa5a Core/Src/main.o
 .debug_macro   0x0000000000000e39      0x157 Core/Src/main.o
 .debug_macro   0x0000000000000f90       0x2e Core/Src/main.o
 .debug_macro   0x0000000000000fbe       0x28 Core/Src/main.o
 .debug_macro   0x0000000000000fe6       0x22 Core/Src/main.o
 .debug_macro   0x0000000000001008       0x8e Core/Src/main.o
 .debug_macro   0x0000000000001096       0x51 Core/Src/main.o
 .debug_macro   0x00000000000010e7       0xef Core/Src/main.o
 .debug_macro   0x00000000000011d6       0x6a Core/Src/main.o
 .debug_macro   0x0000000000001240      0x1df Core/Src/main.o
 .debug_macro   0x000000000000141f       0x1c Core/Src/main.o
 .debug_macro   0x000000000000143b       0x22 Core/Src/main.o
 .debug_macro   0x000000000000145d       0xdf Core/Src/main.o
 .debug_macro   0x000000000000153c     0x102d Core/Src/main.o
 .debug_macro   0x0000000000002569      0x11f Core/Src/main.o
 .debug_macro   0x0000000000002688    0x12a33 Core/Src/main.o
 .debug_macro   0x00000000000150bb       0x43 Core/Src/main.o
 .debug_macro   0x00000000000150fe     0x35e9 Core/Src/main.o
 .debug_macro   0x00000000000186e7      0x174 Core/Src/main.o
 .debug_macro   0x000000000001885b       0x55 Core/Src/main.o
 .debug_macro   0x00000000000188b0      0x962 Core/Src/main.o
 .debug_macro   0x0000000000019212      0x5fe Core/Src/main.o
 .debug_macro   0x0000000000019810      0x12f Core/Src/main.o
 .debug_macro   0x000000000001993f      0x1fb Core/Src/main.o
 .debug_macro   0x0000000000019b3a      0x1dc Core/Src/main.o
 .debug_macro   0x0000000000019d16      0x1bc Core/Src/main.o
 .debug_macro   0x0000000000019ed2       0x30 Core/Src/main.o
 .debug_macro   0x0000000000019f02       0x3c Core/Src/main.o
 .debug_macro   0x0000000000019f3e      0x236 Core/Src/main.o
 .debug_macro   0x000000000001a174       0xc5 Core/Src/main.o
 .debug_macro   0x000000000001a239      0x21d Core/Src/main.o
 .debug_macro   0x000000000001a456      0x22c Core/Src/main.o
 .debug_macro   0x000000000001a682       0x5b Core/Src/main.o
 .debug_macro   0x000000000001a6dd       0xa5 Core/Src/main.o
 .debug_macro   0x000000000001a782       0x65 Core/Src/main.o
 .debug_macro   0x000000000001a7e7      0x249 Core/Src/main.o
 .debug_macro   0x000000000001aa30       0x81 Core/Src/main.o
 .debug_macro   0x000000000001aab1       0xd3 Core/Src/main.o
 .debug_macro   0x000000000001ab84      0x2fe Core/Src/main.o
 .debug_macro   0x000000000001ae82      0x275 Core/Src/main.o
 .debug_macro   0x000000000001b0f7      0x160 Core/Src/main.o
 .debug_macro   0x000000000001b257       0x46 Core/Src/main.o
 .debug_macro   0x000000000001b29d       0x18 Core/Src/main.o
 .debug_macro   0x000000000001b2b5       0x3c Core/Src/main.o
 .debug_macro   0x000000000001b2f1       0x34 Core/Src/main.o
 .debug_macro   0x000000000001b325       0x16 Core/Src/main.o
 .debug_macro   0x000000000001b33b       0x35 Core/Src/main.o
 .debug_macro   0x000000000001b370      0x32a Core/Src/main.o
 .debug_macro   0x000000000001b69a       0x10 Core/Src/main.o
 .debug_macro   0x000000000001b6aa       0x52 Core/Src/main.o
 .debug_macro   0x000000000001b6fc       0x1f Core/Src/main.o
 .debug_macro   0x000000000001b71b       0x43 Core/Src/main.o
 .debug_macro   0x000000000001b75e       0x20 Core/Src/main.o
 .debug_macro   0x000000000001b77e      0x1a3 Core/Src/main.o
 .debug_macro   0x000000000001b921       0x10 Core/Src/main.o
 .debug_macro   0x000000000001b931       0x1c Core/Src/main.o
 .debug_macro   0x000000000001b94d       0x52 Core/Src/main.o
 .debug_macro   0x000000000001b99f       0x40 Core/Src/main.o
 .debug_macro   0x000000000001b9df       0x10 Core/Src/main.o
 .debug_macro   0x000000000001b9ef       0x40 Core/Src/main.o
 .debug_macro   0x000000000001ba2f       0xd7 Core/Src/main.o
 .debug_macro   0x000000000001bb06       0x1c Core/Src/main.o
 .debug_macro   0x000000000001bb22       0x3d Core/Src/main.o
 .debug_macro   0x000000000001bb5f       0x16 Core/Src/main.o
 .debug_macro   0x000000000001bb75      0x145 Core/Src/main.o
 .debug_macro   0x000000000001bcba       0x16 Core/Src/main.o
 .debug_macro   0x000000000001bcd0       0x16 Core/Src/main.o
 .debug_macro   0x000000000001bce6       0x29 Core/Src/main.o
 .debug_macro   0x000000000001bd0f       0x16 Core/Src/main.o
 .debug_macro   0x000000000001bd25       0x20 Core/Src/main.o
 .debug_macro   0x000000000001bd45       0x59 Core/Src/main.o
 .debug_macro   0x000000000001bd9e      0x1c8 Core/Src/main.o
 .debug_macro   0x000000000001bf66      0x1f7 Core/Src/stm32f3xx_hal_msp.o
 .debug_macro   0x000000000001c15d      0x201 Core/Src/stm32f3xx_it.o
 .debug_macro   0x000000000001c35e      0x1e8 Core/Src/system_stm32f3xx.o
 .debug_macro   0x000000000001c546      0x20c Drivers/STM32F3xx_HAL_Driver/Src/stm32f3xx_hal.o
 .debug_macro   0x000000000001c752      0x1e8 Drivers/STM32F3xx_HAL_Driver/Src/stm32f3xx_hal_cortex.o
 .debug_macro   0x000000000001c93a      0x220 Drivers/STM32F3xx_HAL_Driver/Src/stm32f3xx_hal_gpio.o
 .debug_macro   0x000000000001cb5a      0x2ad Drivers/STM32F3xx_HAL_Driver/Src/stm32f3xx_hal_i2c.o
 .debug_macro   0x000000000001ce07      0x1e8 Drivers/STM32F3xx_HAL_Driver/Src/stm32f3xx_hal_i2c_ex.o
 .debug_macro   0x000000000001cfef      0x1f4 Drivers/STM32F3xx_HAL_Driver/Src/stm32f3xx_hal_pcd.o
 .debug_macro   0x000000000001d1e3      0x1e8 Drivers/STM32F3xx_HAL_Driver/Src/stm32f3xx_hal_pcd_ex.o
 .debug_macro   0x000000000001d3cb      0x20c Drivers/STM32F3xx_HAL_Driver/Src/stm32f3xx_hal_rcc.o
 .debug_macro   0x000000000001d5d7      0x1e8 Drivers/STM32F3xx_HAL_Driver/Src/stm32f3xx_hal_rcc_ex.o
 .debug_macro   0x000000000001d7bf      0x1f0 Drivers/STM32F3xx_HAL_Driver/Src/stm32f3xx_hal_spi.o
 .debug_macro   0x000000000001d9af      0x1e8 Drivers/STM32F3xx_HAL_Driver/Src/stm32f3xx_ll_usb.o
 .debug_macro   0x000000000001db97      0x404 Middlewares/ST/STM32_USB_Device_Library/Class/CDC/Src/usbd_cdc.o
 .debug_macro   0x000000000001df9b       0x97 Middlewares/ST/STM32_USB_Device_Library/Class/CDC/Src/usbd_cdc.o
 .debug_macro   0x000000000001e032       0xfd Middlewares/ST/STM32_USB_Device_Library/Class/CDC/Src/usbd_cdc.o
 .debug_macro   0x000000000001e12f       0xd9 Middlewares/ST/STM32_USB_Device_Library/Class/CDC/Src/usbd_cdc.o
 .debug_macro   0x000000000001e208       0x4f Middlewares/ST/STM32_USB_Device_Library/Class/CDC/Src/usbd_cdc.o
 .debug_macro   0x000000000001e257       0x8f Middlewares/ST/STM32_USB_Device_Library/Class/CDC/Src/usbd_cdc.o
 .debug_macro   0x000000000001e2e6      0x3eb Middlewares/ST/STM32_USB_Device_Library/Core/Src/usbd_core.o
 .debug_macro   0x000000000001e6d1      0x1ce Middlewares/ST/STM32_USB_Device_Library/Core/Src/usbd_core.o
 .debug_macro   0x000000000001e89f      0x3f5 Middlewares/ST/STM32_USB_Device_Library/Core/Src/usbd_ctlreq.o
 .debug_macro   0x000000000001ec94      0x3f1 Middlewares/ST/STM32_USB_Device_Library/Core/Src/usbd_ioreq.o
 .debug_macro   0x000000000001f085      0x424 USB_DEVICE/App/usb_device.o
 .debug_macro   0x000000000001f4a9      0x166 USB_DEVICE/App/usb_device.o
 .debug_macro   0x000000000001f60f       0x22 USB_DEVICE/App/usb_device.o
 .debug_macro   0x000000000001f631       0x16 USB_DEVICE/App/usb_device.o
 .debug_macro   0x000000000001f647      0x40f USB_DEVICE/App/usbd_cdc_if.o
 .debug_macro   0x000000000001fa56       0x10 USB_DEVICE/App/usbd_cdc_if.o
 .debug_macro   0x000000000001fa66      0x428 USB_DEVICE/App/usbd_desc.o
 .debug_macro   0x000000000001fe8e       0x1c USB_DEVICE/App/usbd_desc.o
 .debug_macro   0x000000000001feaa      0x408 USB_DEVICE/Target/usbd_conf.o

.debug_line     0x0000000000000000    0x10537
 .debug_line    0x0000000000000000      0xab1 Core/Src/main.o
 .debug_line    0x0000000000000ab1      0x760 Core/Src/stm32f3xx_hal_msp.o
 .debug_line    0x0000000000001211      0x7b6 Core/Src/stm32f3xx_it.o
 .debug_line    0x00000000000019c7      0x71d Core/Src/system_stm32f3xx.o
 .debug_line    0x00000000000020e4       0x88 Core/Startup/startup_stm32f303vctx.o
 .debug_line    0x000000000000216c      0x8db Drivers/STM32F3xx_HAL_Driver/Src/stm32f3xx_hal.o
 .debug_line    0x0000000000002a47      0xa10 Drivers/STM32F3xx_HAL_Driver/Src/stm32f3xx_hal_cortex.o
 .debug_line    0x0000000000003457      0x88e Drivers/STM32F3xx_HAL_Driver/Src/stm32f3xx_hal_gpio.o
 .debug_line    0x0000000000003ce5     0x1ae3 Drivers/STM32F3xx_HAL_Driver/Src/stm32f3xx_hal_i2c.o
 .debug_line    0x00000000000057c8      0x844 Drivers/STM32F3xx_HAL_Driver/Src/stm32f3xx_hal_i2c_ex.o
 .debug_line    0x000000000000600c      0xcf0 Drivers/STM32F3xx_HAL_Driver/Src/stm32f3xx_hal_pcd.o
 .debug_line    0x0000000000006cfc      0x74c Drivers/STM32F3xx_HAL_Driver/Src/stm32f3xx_hal_pcd_ex.o
 .debug_line    0x0000000000007448      0xe53 Drivers/STM32F3xx_HAL_Driver/Src/stm32f3xx_hal_rcc.o
 .debug_line    0x000000000000829b      0x9ce Drivers/STM32F3xx_HAL_Driver/Src/stm32f3xx_hal_rcc_ex.o
 .debug_line    0x0000000000008c69     0x11b0 Drivers/STM32F3xx_HAL_Driver/Src/stm32f3xx_hal_spi.o
 .debug_line    0x0000000000009e19      0xce1 Drivers/STM32F3xx_HAL_Driver/Src/stm32f3xx_ll_usb.o
 .debug_line    0x000000000000aafa      0xbb7 Middlewares/ST/STM32_USB_Device_Library/Class/CDC/Src/usbd_cdc.o
 .debug_line    0x000000000000b6b1      0xbf2 Middlewares/ST/STM32_USB_Device_Library/Core/Src/usbd_core.o
 .debug_line    0x000000000000c2a3      0xc7b Middlewares/ST/STM32_USB_Device_Library/Core/Src/usbd_ctlreq.o
 .debug_line    0x000000000000cf1e      0xa5b Middlewares/ST/STM32_USB_Device_Library/Core/Src/usbd_ioreq.o
 .debug_line    0x000000000000d979      0xa3d USB_DEVICE/App/usb_device.o
 .debug_line    0x000000000000e3b6      0xa70 USB_DEVICE/App/usbd_cdc_if.o
 .debug_line    0x000000000000ee26      0xa8f USB_DEVICE/App/usbd_desc.o
 .debug_line    0x000000000000f8b5      0xc82 USB_DEVICE/Target/usbd_conf.o

.debug_str      0x0000000000000000    0xb0caa
 .debug_str     0x0000000000000000    0xacb14 Core/Src/main.o
                                      0xad353 (size before relaxing)
 .debug_str     0x00000000000acb14       0x7a Core/Src/stm32f3xx_hal_msp.o
                                      0xa84aa (size before relaxing)
 .debug_str     0x00000000000acb8e      0x3b8 Core/Src/stm32f3xx_it.o
                                      0xa8109 (size before relaxing)
 .debug_str     0x00000000000acf46       0xb3 Core/Src/system_stm32f3xx.o
                                      0xa78b4 (size before relaxing)
 .debug_str     0x00000000000acff9       0x36 Core/Startup/startup_stm32f303vctx.o
                                         0x71 (size before relaxing)
 .debug_str     0x00000000000ad02f      0x615 Drivers/STM32F3xx_HAL_Driver/Src/stm32f3xx_hal.o
                                      0xa8050 (size before relaxing)
 .debug_str     0x00000000000ad644      0x393 Drivers/STM32F3xx_HAL_Driver/Src/stm32f3xx_hal_cortex.o
                                      0xa815e (size before relaxing)
 .debug_str     0x00000000000ad9d7      0x229 Drivers/STM32F3xx_HAL_Driver/Src/stm32f3xx_hal_gpio.o
                                      0xa7b1a (size before relaxing)
 .debug_str     0x00000000000adc00      0xdb4 Drivers/STM32F3xx_HAL_Driver/Src/stm32f3xx_hal_i2c.o
                                      0xa8b08 (size before relaxing)
 .debug_str     0x00000000000ae9b4       0xb8 Drivers/STM32F3xx_HAL_Driver/Src/stm32f3xx_hal_i2c_ex.o
                                      0xa7deb (size before relaxing)
 .debug_str     0x00000000000aea6c      0x3cc Drivers/STM32F3xx_HAL_Driver/Src/stm32f3xx_hal_pcd.o
                                      0xa7f92 (size before relaxing)
 .debug_str     0x00000000000aee38      0x18d Drivers/STM32F3xx_HAL_Driver/Src/stm32f3xx_hal_pcd_ex.o
                                      0xa7cdb (size before relaxing)
 .debug_str     0x00000000000aefc5      0x2e5 Drivers/STM32F3xx_HAL_Driver/Src/stm32f3xx_hal_rcc.o
                                      0xa7d22 (size before relaxing)
 .debug_str     0x00000000000af2aa       0xd8 Drivers/STM32F3xx_HAL_Driver/Src/stm32f3xx_hal_rcc_ex.o
                                      0xa7ae6 (size before relaxing)
 .debug_str     0x00000000000af382      0x571 Drivers/STM32F3xx_HAL_Driver/Src/stm32f3xx_hal_spi.o
                                      0xa81a9 (size before relaxing)
 .debug_str     0x00000000000af8f3      0x1fb Drivers/STM32F3xx_HAL_Driver/Src/stm32f3xx_ll_usb.o
                                      0xa7c46 (size before relaxing)
 .debug_str     0x00000000000afaee      0x8c9 Middlewares/ST/STM32_USB_Device_Library/Class/CDC/Src/usbd_cdc.o
                                      0xad54b (size before relaxing)
 .debug_str     0x00000000000b03b7      0x1bc Middlewares/ST/STM32_USB_Device_Library/Core/Src/usbd_core.o
                                      0xace46 (size before relaxing)
 .debug_str     0x00000000000b0573      0x134 Middlewares/ST/STM32_USB_Device_Library/Core/Src/usbd_ctlreq.o
                                      0xacdcc (size before relaxing)
 .debug_str     0x00000000000b06a7       0xc9 Middlewares/ST/STM32_USB_Device_Library/Core/Src/usbd_ioreq.o
                                      0xacd54 (size before relaxing)
 .debug_str     0x00000000000b0770      0x118 USB_DEVICE/App/usb_device.o
                                      0xad0bb (size before relaxing)
 .debug_str     0x00000000000b0888       0x76 USB_DEVICE/App/usbd_cdc_if.o
                                      0xad0f3 (size before relaxing)
 .debug_str     0x00000000000b08fe      0x258 USB_DEVICE/App/usbd_desc.o
                                      0xaccbf (size before relaxing)
 .debug_str     0x00000000000b0b56      0x154 USB_DEVICE/Target/usbd_conf.o
                                      0xadb4f (size before relaxing)

.comment        0x0000000000000000       0x7b
 .comment       0x0000000000000000       0x7b Core/Src/main.o
                                         0x7c (size before relaxing)
 .comment       0x000000000000007b       0x7c Core/Src/stm32f3xx_hal_msp.o
 .comment       0x000000000000007b       0x7c Core/Src/stm32f3xx_it.o
 .comment       0x000000000000007b       0x7c Core/Src/system_stm32f3xx.o
 .comment       0x000000000000007b       0x7c Drivers/STM32F3xx_HAL_Driver/Src/stm32f3xx_hal.o
 .comment       0x000000000000007b       0x7c Drivers/STM32F3xx_HAL_Driver/Src/stm32f3xx_hal_cortex.o
 .comment       0x000000000000007b       0x7c Drivers/STM32F3xx_HAL_Driver/Src/stm32f3xx_hal_gpio.o
 .comment       0x000000000000007b       0x7c Drivers/STM32F3xx_HAL_Driver/Src/stm32f3xx_hal_i2c.o
 .comment       0x000000000000007b       0x7c Drivers/STM32F3xx_HAL_Driver/Src/stm32f3xx_hal_i2c_ex.o
 .comment       0x000000000000007b       0x7c Drivers/STM32F3xx_HAL_Driver/Src/stm32f3xx_hal_pcd.o
 .comment       0x000000000000007b       0x7c Drivers/STM32F3xx_HAL_Driver/Src/stm32f3xx_hal_pcd_ex.o
 .comment       0x000000000000007b       0x7c Drivers/STM32F3xx_HAL_Driver/Src/stm32f3xx_hal_rcc.o
 .comment       0x000000000000007b       0x7c Drivers/STM32F3xx_HAL_Driver/Src/stm32f3xx_hal_rcc_ex.o
 .comment       0x000000000000007b       0x7c Drivers/STM32F3xx_HAL_Driver/Src/stm32f3xx_hal_spi.o
 .comment       0x000000000000007b       0x7c Drivers/STM32F3xx_HAL_Driver/Src/stm32f3xx_ll_usb.o
 .comment       0x000000000000007b       0x7c Middlewares/ST/STM32_USB_Device_Library/Class/CDC/Src/usbd_cdc.o
 .comment       0x000000000000007b       0x7c Middlewares/ST/STM32_USB_Device_Library/Core/Src/usbd_core.o
 .comment       0x000000000000007b       0x7c Middlewares/ST/STM32_USB_Device_Library/Core/Src/usbd_ctlreq.o
 .comment       0x000000000000007b       0x7c Middlewares/ST/STM32_USB_Device_Library/Core/Src/usbd_ioreq.o
 .comment       0x000000000000007b       0x7c USB_DEVICE/App/usb_device.o
 .comment       0x000000000000007b       0x7c USB_DEVICE/App/usbd_cdc_if.o
 .comment       0x000000000000007b       0x7c USB_DEVICE/App/usbd_desc.o
 .comment       0x000000000000007b       0x7c USB_DEVICE/Target/usbd_conf.o

.debug_frame    0x0000000000000000     0x3d80
 .debug_frame   0x0000000000000000      0x138 Core/Src/main.o
 .debug_frame   0x0000000000000138       0xc4 Core/Src/stm32f3xx_hal_msp.o
 .debug_frame   0x00000000000001fc      0x128 Core/Src/stm32f3xx_it.o
 .debug_frame   0x0000000000000324       0x58 Core/Src/system_stm32f3xx.o
 .debug_frame   0x000000000000037c      0x334 Drivers/STM32F3xx_HAL_Driver/Src/stm32f3xx_hal.o
 .debug_frame   0x00000000000006b0      0x498 Drivers/STM32F3xx_HAL_Driver/Src/stm32f3xx_hal_cortex.o
 .debug_frame   0x0000000000000b48      0x14c Drivers/STM32F3xx_HAL_Driver/Src/stm32f3xx_hal_gpio.o
 .debug_frame   0x0000000000000c94      0xbe8 Drivers/STM32F3xx_HAL_Driver/Src/stm32f3xx_hal_i2c.o
 .debug_frame   0x000000000000187c      0x100 Drivers/STM32F3xx_HAL_Driver/Src/stm32f3xx_hal_i2c_ex.o
 .debug_frame   0x000000000000197c      0x578 Drivers/STM32F3xx_HAL_Driver/Src/stm32f3xx_hal_pcd.o
 .debug_frame   0x0000000000001ef4       0xb0 Drivers/STM32F3xx_HAL_Driver/Src/stm32f3xx_hal_pcd_ex.o
 .debug_frame   0x0000000000001fa4      0x214 Drivers/STM32F3xx_HAL_Driver/Src/stm32f3xx_hal_rcc.o
 .debug_frame   0x00000000000021b8       0xb4 Drivers/STM32F3xx_HAL_Driver/Src/stm32f3xx_hal_rcc_ex.o
 .debug_frame   0x000000000000226c      0x860 Drivers/STM32F3xx_HAL_Driver/Src/stm32f3xx_hal_spi.o
 .debug_frame   0x0000000000002acc      0x310 Drivers/STM32F3xx_HAL_Driver/Src/stm32f3xx_ll_usb.o
 .debug_frame   0x0000000000002ddc      0x248 Middlewares/ST/STM32_USB_Device_Library/Class/CDC/Src/usbd_cdc.o
 .debug_frame   0x0000000000003024      0x300 Middlewares/ST/STM32_USB_Device_Library/Core/Src/usbd_core.o
 .debug_frame   0x0000000000003324      0x218 Middlewares/ST/STM32_USB_Device_Library/Core/Src/usbd_ctlreq.o
 .debug_frame   0x000000000000353c      0x10c Middlewares/ST/STM32_USB_Device_Library/Core/Src/usbd_ioreq.o
 .debug_frame   0x0000000000003648       0x2c USB_DEVICE/App/usb_device.o
 .debug_frame   0x0000000000003674       0xbc USB_DEVICE/App/usbd_cdc_if.o
 .debug_frame   0x0000000000003730      0x160 USB_DEVICE/App/usbd_desc.o
 .debug_frame   0x0000000000003890      0x4a4 USB_DEVICE/Target/usbd_conf.o
 .debug_frame   0x0000000000003d34       0x2c c:/st/stm32cubeide_1.4.0/stm32cubeide/plugins/com.st.stm32cube.ide.mcu.externaltools.gnu-tools-for-stm32.7-2018-q2-update.win32_1.4.0.202007081208/tools/bin/../lib/gcc/arm-none-eabi/7.3.1/../../../../arm-none-eabi/lib/thumb/v7e-m/fpv4-sp/hard\libc_nano.a(lib_a-init.o)
 .debug_frame   0x0000000000003d60       0x20 c:/st/stm32cubeide_1.4.0/stm32cubeide/plugins/com.st.stm32cube.ide.mcu.externaltools.gnu-tools-for-stm32.7-2018-q2-update.win32_1.4.0.202007081208/tools/bin/../lib/gcc/arm-none-eabi/7.3.1/../../../../arm-none-eabi/lib/thumb/v7e-m/fpv4-sp/hard\libc_nano.a(lib_a-memset.o)
