main.c:95:6:pavza	16	static,ignoring_inline_asm
main.c:105:9:spi1_beriRegister	32	static
main.c:121:6:spi1_pisiRegister	24	static
main.c:135:6:spi1_beriRegistre	16	static
main.c:147:6:initL3GD20	16	static
main.c:162:9:i2c1_pisiRegister	32	static
main.c:168:6:i2c1_beriRegistre	32	static
main.c:176:6:initLSM303DLHC	8	static
main.c:199:6:HAL_GPIO_EXTI_Callback	16	static
main.c:220:5:main	128	static
main.c:350:6:SystemClock_Config	128	static
main.c:398:13:MX_I2C1_Init	8	static
main.c:444:13:MX_SPI1_Init	8	static
main.c:484:13:MX_GPIO_Init	48	static
main.c:535:6:Error_Handler	4	static
