main.c:75:6:HAL_TIM_PeriodElapsedCallback	16	static
main.c:88:9:i2c1_pisiRegister	32	static
main.c:94:6:i2c1_beriRegistre	32	static
main.c:102:6:initLSM303DLHC	8	static
main.c:130:6:TurnOffPrevious	16	static
main.c:152:6:setResBuf	16	static
main.c:157:6:mapDirectionToChar	8	static
main.c:193:5:main	360	static
main.c:493:6:SystemClock_Config	128	static
main.c:541:13:MX_I2C1_Init	8	static
main.c:587:13:MX_SPI1_Init	8	static
main.c:627:13:MX_TIM3_Init	40	static
main.c:672:13:MX_GPIO_Init	48	static
main.c:723:6:Error_Handler	4	static,ignoring_inline_asm
